                      (sm/src/RRFRED.ASM):00001         *        OPT    PAG
                      (sm/src/RRFRED.ASM):00002         
                      (sm/src/RRFRED.ASM):00003          INCLUDE "RRF.ASM"
                      (          RRF.ASM):00001         *        OPT    PAGS
                      (          RRF.ASM):00002         *        TTL    R O B O T   W A R
                      (          RRF.ASM):00003         *
                      (          RRF.ASM):00004         * HARDWARE CONSTANTS
                      (          RRF.ASM):00005         *
     BF70             (          RRF.ASM):00006         HSTK EQU $BF70
     EFF0             (          RRF.ASM):00007         VECTOR EQU $EFF0
     C000             (          RRF.ASM):00008         CRAM EQU $C000 COLOR RAM ADDR
     CBFF             (          RRF.ASM):00009         WDOG EQU $CBFF
     0039             (          RRF.ASM):00010         WDATA EQU $39
     CC00             (          RRF.ASM):00011         CMOS EQU $CC00
     C80E             (          RRF.ASM):00012         SOUND EQU $C80E
     CB00             (          RRF.ASM):00013         VERTCT EQU $CB00 6-BIT VERTICAL BEAM ADDR
     C900             (          RRF.ASM):00014         RWCNTL EQU $C900 (BIT 0: 1-ROM READ; 0-RAM READ)
                      (          RRF.ASM):00015         *                (BIT 1: 1-INVERT;   0-NORMAL SCREEN)
                      (          RRF.ASM):00016         *
                      (          RRF.ASM):00017         *PIA DEFINITIONS
                      (          RRF.ASM):00018         *
     C80C             (          RRF.ASM):00019         PIA0 EQU $C80C
                      (          RRF.ASM):00020         *B0 AUTO UP
                      (          RRF.ASM):00021         *B1 ADVANCE
                      (          RRF.ASM):00022         *B2 RCOIN
                      (          RRF.ASM):00023         *B3 HSRESET
                      (          RRF.ASM):00024         *B4 LCOIN
                      (          RRF.ASM):00025         *B5 CCOIN
                      (          RRF.ASM):00026         *B6 SLAM
                      (          RRF.ASM):00027         *B7 SOUND HANDSHAKE
                      (          RRF.ASM):00028         *CA2 LED3 
                      (          RRF.ASM):00029         *CA1 IRQ 240 (16 MS)  (LINE 240)
     C80E             (          RRF.ASM):00030         PIA1 EQU $C80E
                      (          RRF.ASM):00031         *B0-B5 SOUND
                      (          RRF.ASM):00032         *B6-B7 LED 0,1
                      (          RRF.ASM):00033         *CB1 IRQ 4 MS (0,$40,$80,$C0)
                      (          RRF.ASM):00034         *CB2 LED2            
     C804             (          RRF.ASM):00035         PIA2 EQU $C804
                      (          RRF.ASM):00036         *B0 MOVE UP
                      (          RRF.ASM):00037         *B1 MOVE DOWN
                      (          RRF.ASM):00038         *B2 MOVE LEFT
                      (          RRF.ASM):00039         *B3 MOVE RIGHT
                      (          RRF.ASM):00040         *B4 START 1
                      (          RRF.ASM):00041         *B5 START 2
                      (          RRF.ASM):00042         *B6 FIRE UP
                      (          RRF.ASM):00043         *B7 FIRE DOWN
                      (          RRF.ASM):00044         *
     C806             (          RRF.ASM):00045         PIA3 EQU $C806
                      (          RRF.ASM):00046         *B0 FIRE LEFT
                      (          RRF.ASM):00047         *B1 FIRE RIGHT
                      (          RRF.ASM):00048         *B7 INPUT 1=COCKTAIL
                      (          RRF.ASM):00049         *CB2 OUTPUT SWITCH MUX CONTROL 1=PLAYER1,0=PLAYER2
                      (          RRF.ASM):00050         *
                      (          RRF.ASM):00051         *DMA CONSTANTS
                      (          RRF.ASM):00052         *
     CA00             (          RRF.ASM):00053         DMACTL EQU $CA00 CONTROL BYTE WRITE INITIATES TRANSFER
                      (          RRF.ASM):00054         *B0:READ FORMAT 0=SERIAL;1=BLOCK
                      (          RRF.ASM):00055         *B1:WRITE FORMAT 0=SERIAL;1=BLOCK
                      (          RRF.ASM):00056         *B2:XSFER RATE 0=ROM-RAM (1MSEC); 1=RAM-RAM (2 MSEC)
                      (          RRF.ASM):00057         *B3:1=ZERO WRITE SUPPRESS
                      (          RRF.ASM):00058         *B4:1=CONSTANT SUBSTITUTION
                      (          RRF.ASM):00059         *B5:1=ODD FLAVOR
                      (          RRF.ASM):00060         *B6:1=B0-B3 WRITE SUPPRESS
                      (          RRF.ASM):00061         *B7:1=B4-B7 WRITE SUPPRESS
     CA01             (          RRF.ASM):00062         DMACON EQU $CA01 CONSTANT DATA BYTE
     CA02             (          RRF.ASM):00063         DMAORG EQU $CA02 ORIGIN ADDR MSB,LSB
     CA04             (          RRF.ASM):00064         DMADES EQU $CA04 DESTINATION "
     CA06             (          RRF.ASM):00065         DMASIZ EQU $CA06 HOR,VERT BYTE COUNTS
                      (          RRF.ASM):00066         *SCORE DISPLAY CONSTANTS
     00EA             (          RRF.ASM):00067         YMAX EQU 234   
     0018             (          RRF.ASM):00068         YMIN EQU 24 MIN Y COORD
     008F             (          RRF.ASM):00069         XMAX EQU $8F
     0007             (          RRF.ASM):00070         XMIN EQU 7
     180E             (          RRF.ASM):00071         P1ORG EQU $18*$100+14
     2E0E             (          RRF.ASM):00072         P1MAN EQU P1ORG+7*$300+$100
     180E             (          RRF.ASM):00073         P1DISP EQU P1ORG
     580E             (          RRF.ASM):00074         P2ORG EQU P1ORG+$40*$100
     6E0E             (          RRF.ASM):00075         P2MAN EQU P2ORG+P1MAN-P1ORG
     580E             (          RRF.ASM):00076         P2DISP EQU P2ORG
     0300             (          RRF.ASM):00077         DIGLTH EQU $300
     4A7C             (          RRF.ASM):00078         PCOORD EQU $4A7C INIT PLAYER COORD
     0066             (          RRF.ASM):00079         FONCOL EQU $66 PHONY STARTUP COLOR
                      (          RRF.ASM):00080         *
                      (          RRF.ASM):00081         *MODULE  VECTORS + STORAGE ALLOCATION
                      (          RRF.ASM):00082         *
                      (          RRF.ASM):00083         ***OPSYS**..... R O S ..........
                      (          RRF.ASM):00084         *
     D000             (          RRF.ASM):00085         ROSORG EQU $D000
                      (          RRF.ASM):00086          ORG ROSORG
D000                  (          RRF.ASM):00087         INIT RMB 3
D003                  (          RRF.ASM):00088         ASCAN RMB 3
D006                  (          RRF.ASM):00089         SDOUT RMB 3
D009                  (          RRF.ASM):00090         SCRTRN RMB 3
D00C                  (          RRF.ASM):00091         SCORE RMB 3
D00F                  (          RRF.ASM):00092         SCRTR0 RMB 3
D012                  (          RRF.ASM):00093         SCRCLR RMB 3
D015                  (          RRF.ASM):00094         DMAOFF RMB 3
D018                  (          RRF.ASM):00095         DMAON RMB 3
D01B                  (          RRF.ASM):00096         BLKCLR RMB 3
D01E                  (          RRF.ASM):00097         PCTOFF RMB 3
D021                  (          RRF.ASM):00098         PCTON RMB 3
D024                  (          RRF.ASM):00099         COLST RMB 3
D027                  (          RRF.ASM):00100         COL0 RMB 3
D02A                  (          RRF.ASM):00101         HEXBCD RMB 3
D02D                  (          RRF.ASM):00102         BCDHEX RMB 3
D030                  (          RRF.ASM):00103         OINIT RMB 3
D033                  (          RRF.ASM):00104         CRINIT RMB 3
D036                  (          RRF.ASM):00105         PINIT RMB 3
D039                  (          RRF.ASM):00106         RAND RMB 3
D03C                  (          RRF.ASM):00107         RAND16 RMB 3
D03F                  (          RRF.ASM):00108         RMAX RMB 3
D042                  (          RRF.ASM):00109         RANDU RMB 3
D045                  (          RRF.ASM):00110         PLINDX RMB 3
D048                  (          RRF.ASM):00111         PLDX RMB 3
D04B                  (          RRF.ASM):00112         SNDLD RMB 3
D04E                  (          RRF.ASM):00113         KILO1 RMB 3
D051                  (          RRF.ASM):00114         GETOBJ RMB 3
D054                  (          RRF.ASM):00115         MAKEP RMB 3
D057                  (          RRF.ASM):00116         MKPROC RMB 3
D05A                  (          RRF.ASM):00117         MSPROC RMB 3
D05D                  (          RRF.ASM):00118         KILL RMB 3
D060                  (          RRF.ASM):00119         GNCIDE RMB 3
D063                  (          RRF.ASM):00120         SUCIDE RMB 3
D066                  (          RRF.ASM):00121         SLEEP RMB 3
D069                  (          RRF.ASM):00122         RIPV RMB 3
D06C                  (          RRF.ASM):00123         MPROB RMB 3
D06F                  (          RRF.ASM):00124         GETOB RMB 3
D072                  (          RRF.ASM):00125         KILLOB RMB 3
D075                  (          RRF.ASM):00126         KILLOF RMB 3
D078                  (          RRF.ASM):00127         KILOFP RMB 3
D07B                  (          RRF.ASM):00128         GETROB RMB 3
D07E                  (          RRF.ASM):00129         KILROB RMB 3
D081                  (          RRF.ASM):00130         GETPST RMB 3
D084                  (          RRF.ASM):00131         KILPST RMB 3
D087                  (          RRF.ASM):00132         GETHUM RMB 3
D08A                  (          RRF.ASM):00133         KILHUM RMB 3
D08D                  (          RRF.ASM):00134         DMAOFN RMB 3
D090                  (          RRF.ASM):00135         MPCTON RMB 3
D093                  (          RRF.ASM):00136         BLKON RMB 3
D096                  (          RRF.ASM):00137         EXECV RMB 3
D099                  (          RRF.ASM):00138         P1SW   RMB    3
D09C                  (          RRF.ASM):00139         P2SW   RMB    3
D09F                  (          RRF.ASM):00140         DIVAB  RMB    3
D0A2                  (          RRF.ASM):00141         RCMOSA RMB    3
D0A5                  (          RRF.ASM):00142         RCMOSB RMB    3
D0A8                  (          RRF.ASM):00143         RCMOSD RMB    3
D0AB                  (          RRF.ASM):00144         WCMOSA RMB    3
D0AE                  (          RRF.ASM):00145         WCMOSB RMB    3
D0B1                  (          RRF.ASM):00146         WCMOSD RMB    3
D0B4                  (          RRF.ASM):00147         BCDBIN RMB    3
D0B7                  (          RRF.ASM):00148         RWMOVE RMB    3
D0BA                  (          RRF.ASM):00149         AUD    RMB    3
D0BD                  (          RRF.ASM):00150         AUD1   RMB    3
D0C0                  (          RRF.ASM):00151         INT20V RMB    3
D0C3                  (          RRF.ASM):00152         LFV    RMB    3
D0C6                  (          RRF.ASM):00153         NEWBCH RMB    3        BCDHEX THAT USES A!!
                      (          RRF.ASM):00154         *
                      (          RRF.ASM):00155         *PLAYER DEATH
                      (          RRF.ASM):00156         *
     DD00             (          RRF.ASM):00157         RDORG EQU $DD00
                      (          RRF.ASM):00158          ORG RDORG
DD00                  (          RRF.ASM):00159         RDTHV RMB 3
                      (          RRF.ASM):00160         *
                      (          RRF.ASM):00161         *HUMANS+HULKS
                      (          RRF.ASM):00162         *
     0000             (          RRF.ASM):00163         RHORG EQU $0000
                      (          RRF.ASM):00164          ORG RHORG
0000                  (          RRF.ASM):00165         HULKST RMB 3
0003                  (          RRF.ASM):00166         HUMST RMB 3
0006                  (          RRF.ASM):00167         CKLIM RMB 3
0009                  (          RRF.ASM):00168         SKULL RMB 3
000C                  (          RRF.ASM):00169         P1KD RMB 2
000E                  (          RRF.ASM):00170         MOMPIC RMB 2
0010                  (          RRF.ASM):00171         DADPIC RMB 2
0012                  (          RRF.ASM):00172         KIDPIC RMB 2
0014                  (          RRF.ASM):00173         HLKPIC RMB 2
0016                  (          RRF.ASM):00174         HLKANA RMB 2
0018                  (          RRF.ASM):00175         HUMANA RMB 2
001A                  (          RRF.ASM):00176         SKLPIC RMB 2
                      (          RRF.ASM):00177         *
                      (          RRF.ASM):00178         ***CIRCLES,ENFORCERS,SPARX
                      (          RRF.ASM):00179         *
     1140             (          RRF.ASM):00180         RCORG EQU $1140
                      (          RRF.ASM):00181          ORG RCORG
1140                  (          RRF.ASM):00182         CIRCST RMB 3 START CIRCLES
1143                  (          RRF.ASM):00183         CIRKV RMB 3
1146                  (          RRF.ASM):00184         CIRPIC RMB 2
1148                  (          RRF.ASM):00185         ENGPIC RMB 2
114A                  (          RRF.ASM):00186         ENFPIC RMB 2
                      (          RRF.ASM):00187         *
                      (          RRF.ASM):00188         *BRAINS & CO.
                      (          RRF.ASM):00189         *
     1AC0             (          RRF.ASM):00190         BRNORG EQU $1AC0
                      (          RRF.ASM):00191          ORG BRNORG
1AC0                  (          RRF.ASM):00192         BRNST RMB 3
1AC3                  (          RRF.ASM):00193         BRNPIC RMB 2
1AC5                  (          RRF.ASM):00194         BRONV  RMB    3
1AC8                  (          RRF.ASM):00195         HUMONV RMB    3
1ACB                  (          RRF.ASM):00196         PRGPIC RMB 2
                      (          RRF.ASM):00197         *
                      (          RRF.ASM):00198         *******ROBOT GAME...... R G .......
                      (          RRF.ASM):00199         *
     26C0             (          RRF.ASM):00200         RGORG EQU $26C0
                      (          RRF.ASM):00201          ORG RGORG
26C0                  (          RRF.ASM):00202         PLAYER RMB 3
26C3                  (          RRF.ASM):00203         RANDXY RMB 3
26C6                  (          RRF.ASM):00204         CKOBS RMB 3
26C9                  (          RRF.ASM):00205         MANDSP RMB 3
26CC                  (          RRF.ASM):00206         STRT1 RMB 3
26CF                  (          RRF.ASM):00207         STRT2 RMB 3
26D2                  (          RRF.ASM):00208         TDISPV RMB 3
26D5                  (          RRF.ASM):00209         MANPIC RMB 2
26D7                  (          RRF.ASM):00210         LASPIC RMB 2
                      (          RRF.ASM):00211         *
                      (          RRF.ASM):00212         *ROBOTS&POSTS
                      (          RRF.ASM):00213         *
     3880             (          RRF.ASM):00214         RPORG EQU $3880
                      (          RRF.ASM):00215          ORG RPORG
3880                  (          RRF.ASM):00216         RINIT RMB 3
3883                  (          RRF.ASM):00217         PSINIT RMB 3
3886                  (          RRF.ASM):00218         PSTP1 RMB 2
3888                  (          RRF.ASM):00219         OPON RMB 3
388B                  (          RRF.ASM):00220         OPON1 RMB 3
388E                  (          RRF.ASM):00221         SAFTY RMB 3
3891                  (          RRF.ASM):00222         ROBPIC RMB 2
3893                  (          RRF.ASM):00223         PSTPIC RMB 2
3895                  (          RRF.ASM):00224         PKPRCV RMB 3
                      (          RRF.ASM):00225         *
                      (          RRF.ASM):00226         *TRANSPORTER
                      (          RRF.ASM):00227         *
     4140             (          RRF.ASM):00228         RTORG EQU $4140
                      (          RRF.ASM):00229          ORG RTORG
4140                  (          RRF.ASM):00230         TRANST RMB 3
                      (          RRF.ASM):00231         *
                      (          RRF.ASM):00232         *DIAGONAL EXPLOSIONS
                      (          RRF.ASM):00233         *
     4680             (          RRF.ASM):00234         RDXORG EQU $4680
                      (          RRF.ASM):00235          ORG RDXORG
4680                  (          RRF.ASM):00236         DXINIT RMB 3
4683                  (          RRF.ASM):00237         DXST RMB 3
4686                  (          RRF.ASM):00238         DAPST RMB 3
4689                  (          RRF.ASM):00239         DXUPD RMB 3
                      (          RRF.ASM):00240         *
                      (          RRF.ASM):00241         *TANKS
                      (          RRF.ASM):00242         *
     4B00             (          RRF.ASM):00243         RTKORG EQU $4B00
                      (          RRF.ASM):00244          ORG RTKORG
4B00                  (          RRF.ASM):00245         TANKST RMB 3
4B03                  (          RRF.ASM):00246         SQST RMB 3
4B06                  (          RRF.ASM):00247         SQPIC RMB 2
4B08                  (          RRF.ASM):00248         TNGPIC RMB 2
4B0A                  (          RRF.ASM):00249         TNKPIC RMB 2
                      (          RRF.ASM):00250         *
                      (          RRF.ASM):00251         *MARQUEE
                      (          RRF.ASM):00252         *
     5700             (          RRF.ASM):00253         RMORG EQU $5700
                      (          RRF.ASM):00254          ORG RMORG
5700                  (          RRF.ASM):00255         RMST RMB 3
                      (          RRF.ASM):00256         *
                      (          RRF.ASM):00257         *EXPLOSIONS
                      (          RRF.ASM):00258         *
     5B40             (          RRF.ASM):00259         RXORG EQU $5B40
                      (          RRF.ASM):00260          ORG RXORG
5B40                  (          RRF.ASM):00261         EXINIT RMB 3
5B43                  (          RRF.ASM):00262         EXST RMB 3
5B46                  (          RRF.ASM):00263         APST RMB 3
5B49                  (          RRF.ASM):00264         EXUPD RMB 3
5B4C                  (          RRF.ASM):00265         PDEATH RMB 3
5B4F                  (          RRF.ASM):00266         HVEXST RMB 3
5B52                  (          RRF.ASM):00267         DDEXST RMB 3 DUAL DIAGONALS
5B55                  (          RRF.ASM):00268         AMAP   RMB    3        ATTRACT MODE APPEAR
5B58                  (          RRF.ASM):00269         HAPST  RMB    3        HORIZONTAL APPEAR
5B5B                  (          RRF.ASM):00270         HEXST  RMB    3        HORIZONTAL EXPLODE
                      (          RRF.ASM):00271         
                      (          RRF.ASM):00272         *             STINKY LINKY VINCKYS
                      (          RRF.ASM):00273         
     77A0             (          RRF.ASM):00274         LOGORG EQU    $77A0          PLACE FOR PROGRAM
     77A0             (          RRF.ASM):00275         GOV    EQU    LOGORG
     77A3             (          RRF.ASM):00276         CCV    EQU    GOV+3
                      (          RRF.ASM):00277         
     E3D0             (          RRF.ASM):00278         TSCORG EQU $E3D0   HIGH SCORE BULLSHIT
     E3D0             (          RRF.ASM):00279         PUPHSC EQU TSCORG  POWER UP HIGH SCORE CHECK
     E3D3             (          RRF.ASM):00280         ENDPRC EQU PUPHSC+3 END OF GAME PROCESSING
     E3D6             (          RRF.ASM):00281         GODSET EQU ENDPRC+3 ENTER GODS NAME BY OPERATOR
     E3D9             (          RRF.ASM):00282         HIGHRS EQU GODSET+3 RESET HIGH SCORE TABLE BY OPERATOR
     E3DC             (          RRF.ASM):00283         HSCHKV EQU HIGHRS+3 CHECK IF HS TABLE LOOKS BASHED
     E3DF             (          RRF.ASM):00284         HSBUTV EQU HSCHKV+3 HIGH SCORE RESET BUTTON
                      (          RRF.ASM):00285         
     DF40             (          RRF.ASM):00286         TABORG EQU    $DF40
     DF40             (          RRF.ASM):00287         TABLEV EQU    TABORG
                      (          RRF.ASM):00288         
     F000             (          RRF.ASM):00289         TSTORG EQU $F000
     F000             (          RRF.ASM):00290         PWRUPV EQU TSTORG    
     F003             (          RRF.ASM):00291         ADVSW EQU PWRUPV+3
     F006             (          RRF.ASM):00292         AUTOCY EQU ADVSW+3
     F009             (          RRF.ASM):00293         HXINIT EQU AUTOCY+3
     F00C             (          RRF.ASM):00294         HEXSTX EQU HXINIT+3
     F00F             (          RRF.ASM):00295         HAPSTX EQU HEXSTX+3
     F012             (          RRF.ASM):00296         HXUPD EQU HAPSTX+3
     F015             (          RRF.ASM):00297         WLOOPV EQU HXUPD+3
     F017             (          RRF.ASM):00298         ELOOPV EQU WLOOPV+2
     F019             (          RRF.ASM):00299         L2     EQU    ELOOPV+2
     F01B             (          RRF.ASM):00300         L0     EQU    L2+2
                      (          RRF.ASM):00301         
     6F00             (          RRF.ASM):00302         TSBORG EQU $6F00 ADJUST PART OF TEST MODE
     6F00             (          RRF.ASM):00303         ADJV   EQU TSBORG
     6F03             (          RRF.ASM):00304         CMINIT EQU ADJV+3
     6F06             (          RRF.ASM):00305         ATMCK  EQU CMINIT+3
     6F09             (          RRF.ASM):00306         GETLT  EQU ATMCK+3     ROUTINE TO GET LETTERS FROM CONTROL PANEL
     6F0C             (          RRF.ASM):00307         CMSMVV EQU GETLT+3
     6F0F             (          RRF.ASM):00308         DOPMES EQU    CMSMVV+3   2 BYTER
                      (          RRF.ASM):00309         
     5F90             (          RRF.ASM):00310         TXORG  EQU    $5F90    PLACE FOR TEXT PROGRAM
     5F90             (          RRF.ASM):00311         PR35V  EQU    TXORG
     5F93             (          RRF.ASM):00312         PR57V  EQU    PR35V+3
     5F96             (          RRF.ASM):00313         WRD5V  EQU    PR57V+3
     5F99             (          RRF.ASM):00314         WRD7V  EQU    WRD5V+3
     5F9C             (          RRF.ASM):00315         PRINV  EQU    WRD7V+3
     5F9F             (          RRF.ASM):00316         PRSCR  EQU    PRINV+3
                      (          RRF.ASM):00317         
     5F96             (          RRF.ASM):00318         WRD5FV EQU    WRD5V
     5F99             (          RRF.ASM):00319         WRD7FV EQU    WRD7V
     5F90             (          RRF.ASM):00320         PRN5FV EQU    PR35V
     5F93             (          RRF.ASM):00321         PRN7FV EQU    PR57V
                      (          RRF.ASM):00322         
     E9C8             (          RRF.ASM):00323         SETORG EQU    $E9C8    CHARACTER SET
     E9C8             (          RRF.ASM):00324         TAB35  EQU    SETORG
     E9CA             (          RRF.ASM):00325         TAB57  EQU    TAB35+2
     E9CA             (          RRF.ASM):00326         N0V    EQU    TAB57  
                      (          RRF.ASM):00327         
                      (          RRF.ASM):00328         *
                      (          RRF.ASM):00329         *BASE PAGE RAM AREA
                      (          RRF.ASM):00330         *
                      (          RRF.ASM):00331          ORG $9800
     9800             (          RRF.ASM):00332         RAM EQU *
     98               (          RRF.ASM):00333          SETDP $98
                      (          RRF.ASM):00334         
9800                  (          RRF.ASM):00335         PCRAM RMB 16 PSEUDO COLOR RAM
9810                  (          RRF.ASM):00336         TIMER RMB 1  IRQ TIMER
9811                  (          RRF.ASM):00337         ACTIVE RMB    2        POINTER TO LIST OF CURRENTLY ACTIVE (SLEEPING) PROCS.
9813                  (          RRF.ASM):00338         FREE   RMB    2        POINTER TO LIST OF UNALLOCATED PROCESS SLEEP SPACE.
9815                  (          RRF.ASM):00339         CRPROC RMB    2        POINTER TO SLEEP AREA OF CURRENTLY EXECUTING PROCESS.
9817                  (          RRF.ASM):00340         OPTR RMB 2 MOTION OBJECT LIST POINTER
9819                  (          RRF.ASM):00341         OBPTR RMB 2 OBSTACLE LIST POINTER
981B                  (          RRF.ASM):00342         OFREE RMB 2 FREE LIST POINTER
981D                  (          RRF.ASM):00343         SPFREE RMB 2 SUPER PROCESS FREE LIST
981F                  (          RRF.ASM):00344         HPTR RMB 2 HUMAN PTR
9821                  (          RRF.ASM):00345         RPTR RMB 2 ROBOT LIST
9823                  (          RRF.ASM):00346         PPTR RMB 2 PHATAL OBJECT LIST
9825                  (          RRF.ASM):00347         ITEMP RMB 2 INTERUPT TEMP
9827                  (          RRF.ASM):00348         PSTIN RMB 2
9829                  (          RRF.ASM):00349         ITEMP2 RMB 2
982B                  (          RRF.ASM):00350         XTEMP  RMB 2 SAVE AREA FOR QUICK TEMPORARY
982D                  (          RRF.ASM):00351         XTEMP2 RMB 2
982F                  (          RRF.ASM):00352         PIA01 RMB 1 N-1 PIA0
9830                  (          RRF.ASM):00353         PIA02 RMB 1 N-2 PIA0
9831                  (          RRF.ASM):00354         PIA21 RMB 1 N-1 PIA2
9832                  (          RRF.ASM):00355         PIA22 RMB 1 N-2 PIA2
9833                  (          RRF.ASM):00356         SWPROC RMB 12 SWITCH SCAN TEMP
983F                  (          RRF.ASM):00357         CURPLR RMB 1 CURRENT
9840                  (          RRF.ASM):00358         PLRCNT RMB 1 NUMBER OF PLAYERS
9841                  (          RRF.ASM):00359         XXX2 RMB 1 '80' IRQ LINE
9842                  (          RRF.ASM):00360         OVCNT RMB 1 OVERFLOW COUNT
9843                  (          RRF.ASM):00361         IFLG RMB 1 IRQ FLAG
9844                  (          RRF.ASM):00362         FRAME RMB 1 IRQ COUNT
9845                  (          RRF.ASM):00363         RWCTMP RMB 1 SCREEN READ CONTROL BYTE
9846                  (          RRF.ASM):00364         REPLA RMB 2 REPLAY LEVEL
9848                  (          RRF.ASM):00365         PCFLG RMB 1 PLAYER COLLISION
9849                  (          RRF.ASM):00366         HTABX RMB 2 HUMAN TABLE INDEX
                      (          RRF.ASM):00367         *COIN BUSINESS
984B                  (          RRF.ASM):00368         SLMCNT RMB 1
984C                  (          RRF.ASM):00369         LCCNT RMB 1
984D                  (          RRF.ASM):00370         RCCNT RMB 1
984E                  (          RRF.ASM):00371         CCCNT RMB 1
984F                  (          RRF.ASM):00372         BUNITS RMB 1
9850                  (          RRF.ASM):00373         CUNITS RMB 1
9851                  (          RRF.ASM):00374         CREDIT RMB 1
                      (          RRF.ASM):00375         *ATTRACT SWITCHES: FONY PRAYAH CONTLOHL
9852                  (          RRF.ASM):00376         ATRSW2 RMB 1
9853                  (          RRF.ASM):00377         ATRSW3 RMB 1
                      (          RRF.ASM):00378         *SOUND RAM
9854                  (          RRF.ASM):00379         SNDX RMB 2 TABLE INDEX
9856                  (          RRF.ASM):00380         SNDPRI RMB 1 PRIORITY
9857                  (          RRF.ASM):00381         SNDTMR RMB 1
9858                  (          RRF.ASM):00382         SNDREP RMB 1
                      (          RRF.ASM):00383         *
                      (          RRF.ASM):00384         *STATUS FLAG
                      (          RRF.ASM):00385         *B7=GAME OVER
                      (          RRF.ASM):00386         *B6=
                      (          RRF.ASM):00387         *B5=
                      (          RRF.ASM):00388         *B4=PLAYER OUTPUT
                      (          RRF.ASM):00389         *B3=MOTION OBJS VEL +ENEMIES
                      (          RRF.ASM):00390         *B2=EXPLOSION UPDATE
                      (          RRF.ASM):00391         *B1=POST ,MOT OBJ REFRESH
                      (          RRF.ASM):00392         *B0=PLAYER MOTION,COLLISION,FIRE
9859                  (          RRF.ASM):00393         STATUS RMB 1
                      (          RRF.ASM):00394         *
                      (          RRF.ASM):00395         *PLAYER OBJECT STRUCTURE
                      (          RRF.ASM):00396         *
     985A             (          RRF.ASM):00397         PLOBJ EQU *
985A                  (          RRF.ASM):00398          RMB 2 OLINK
985C                  (          RRF.ASM):00399         PPICT RMB 2 OPICT
985E                  (          RRF.ASM):00400         PX RMB 2 OBJX
9860                  (          RRF.ASM):00401          RMB 2 OBJID
9862                  (          RRF.ASM):00402          RMB 2 OCVECT
9864                  (          RRF.ASM):00403         PX16 RMB 2  OX16
9866                  (          RRF.ASM):00404         PY16 RMB 2  OY16
9868                  (          RRF.ASM):00405         PXV RMB 2   OXV
986A                  (          RRF.ASM):00406         PYV RMB 2   OYV
986C                  (          RRF.ASM):00407          RMB 1 OFLAV
986D                  (          RRF.ASM):00408         PODATA RMB 1 ODATA
986E                  (          RRF.ASM):00409         POLDPC RMB 2 OLDPIC
9870                  (          RRF.ASM):00410         PLAIMC RMB 1 PLAYER ANIMATION RATE
9871                  (          RRF.ASM):00411         PLAIMN RMB 1 PLAYER ANIMATION NUMBER
9872                  (          RRF.ASM):00412         PLAIMB RMB 2 PLAYER ANIMATION BASE ADDR
                      (          RRF.ASM):00413         *
                      (          RRF.ASM):00414         *COLLISION ROUTINE PARAMETERS
                      (          RRF.ASM):00415         *
9874                  (          RRF.ASM):00416         XCNT RMB 1 SCAN COUNTS
9875                  (          RRF.ASM):00417         YCNT RMB 1
9876                  (          RRF.ASM):00418         OX1 RMB 1 OFFSETS
9877                  (          RRF.ASM):00419         OY1 RMB 1
9878                  (          RRF.ASM):00420         PX1 RMB 1
9879                  (          RRF.ASM):00421         PY1 RMB 1
987A                  (          RRF.ASM):00422         OBW RMB 1 HT TEMPS
987B                  (          RRF.ASM):00423         PLW RMB 1
987C                  (          RRF.ASM):00424         ULX RMB 1 UPPER LEFT COORD
987D                  (          RRF.ASM):00425         ULY RMB 1 "
987E                  (          RRF.ASM):00426         LRX RMB 1
987F                  (          RRF.ASM):00427         LRY RMB 1
9880                  (          RRF.ASM):00428         CTEMP RMB 2 INDEX TEMP
9882                  (          RRF.ASM):00429         CTEMP2 RMB 2
                      (          RRF.ASM):00430         *RANDOM VARIABLES
9884                  (          RRF.ASM):00431         SEED   RMB    1
9885                  (          RRF.ASM):00432         HSEED  RMB    1 
9886                  (          RRF.ASM):00433         LSEED  RMB    1
                      (          RRF.ASM):00434         *LASER
9887                  (          RRF.ASM):00435         LCNT RMB 1
9888                  (          RRF.ASM):00436         LASDIR RMB 2
                      (          RRF.ASM):00437         *SPARKS
988A                  (          RRF.ASM):00438         SPKCNT RMB 1
988B                  (          RRF.ASM):00439         ROBST RMB 2 PTR TO ROBOT LIST
988D                  (          RRF.ASM):00440         SAVCNT RMB 1 HUMAN COUNT SAVED
988E                  (          RRF.ASM):00441         BCMCNT RMB 1 BRAIN CRUISE MISSILES
                      (          RRF.ASM):00442         *POST ANIMATION+WALL COLOR
988F                  (          RRF.ASM):00443         WALCOL RMB 1 WALL+POST BG
9890                  (          RRF.ASM):00444         PSTCOL RMB 1 POST COLOR
9891                  (          RRF.ASM):00445         LASCOL RMB 1 LASER WALL COLLIDE COLOR
9892                  (          RRF.ASM):00446         PSTREF RMB 1 POST REFRESH RATE
9893                  (          RRF.ASM):00447         PSTANI RMB 2 CURR POST ANIMATION
9895                  (          RRF.ASM):00448         BRNFLG RMB 1 BRAIN HUMAN KILL FLAG
                      (          RRF.ASM):00449         *
                      (          RRF.ASM):00450         *EXPLOSION STUFF
9896                  (          RRF.ASM):00451         EXPRAM RMB $10
98A6                  (          RRF.ASM):00452         CENTMP RMB 2 CENTER OF BLOW
98A8                  (          RRF.ASM):00453         HXRAM RMB $10
98B8                  (          RRF.ASM):00454         DXRAM RMB $10
98C8                  (          RRF.ASM):00455         RMRAM RMB 6 MARQUEE RAM
                      (          RRF.ASM):00456         
                      (          RRF.ASM):00457         ************************ LINKYS STINKYS
                      (          RRF.ASM):00458         
98CE                  (          RRF.ASM):00459         INDIAG RMB    1
                      (          RRF.ASM):00460         
                      (          RRF.ASM):00461         *
                      (          RRF.ASM):00462         *      TEXT VARIABLES
                      (          RRF.ASM):00463         *
                      (          RRF.ASM):00464         
98CF                  (          RRF.ASM):00465         TEXCOL RMB    1 (TEXCOL)  PRINTING COLOR (NIBBLES REPRESENT FLAVOR COLO
98D0                  (          RRF.ASM):00466         TXFLAV RMB    1 (TXFLAV) FLAVOR OF CURRENT CURSOR (0=EVEN, 1=ODD)
98D1                  (          RRF.ASM):00467         TXLEAD RMB    1 (TXLEAD) LEAD ZERO BLANKING ON/OFF (0=OFF, 1=ON)
98D2                  (          RRF.ASM):00468         TXFONT RMB    1 (TXFONT) FONT HEIGHT (5 OR 7) PIXELS
98D3                  (          RRF.ASM):00469         TEXMAR RMB    2        CURRENT LEFT MARGIN CURSOR POINTER
98D5                  (          RRF.ASM):00470         TEXMFL RMB    1        CURRENT LEFT MARGIN FLAVOR
98D6                  (          RRF.ASM):00471         TEXTP3 RMB    1
98D7                  (          RRF.ASM):00472         TXCLIP RMB    1
                      (          RRF.ASM):00473         
                      (          RRF.ASM):00474         *
                      (          RRF.ASM):00475         ***    GET LETTER ROUTINE RAM
                      (          RRF.ASM):00476         *
                      (          RRF.ASM):00477         
98D8                  (          RRF.ASM):00478         GETLRM RMB    2
98DA                  (          RRF.ASM):00479         GETLST RMB    3
                      (          RRF.ASM):00480         
                      (          RRF.ASM):00481         ********************* LOGO RAM
                      (          RRF.ASM):00482         
98DD                  (          RRF.ASM):00483         LOGX   RMB    2
98DF                  (          RRF.ASM):00484         LOGCOL RMB    1
98E0                  (          RRF.ASM):00485         LOGCL2 RMB    1
98E1                  (          RRF.ASM):00486         LOGCNT RMB    1
98E2                  (          RRF.ASM):00487         LOGSAV RMB    2
98E4                  (          RRF.ASM):00488         LOGCST RMB    2
                      (          RRF.ASM):00489         
98E6                  (          RRF.ASM):00490         LASTX  RMB    2
98E8                  (          RRF.ASM):00491         SIDE   RMB    1
98E9                  (          RRF.ASM):00492         BALCOL RMB    1
98EA                  (          RRF.ASM):00493         SLIDER RMB    1
98EB                  (          RRF.ASM):00494         ERPTR  RMB    2
                      (          RRF.ASM):00495         *MOVE THIS SOMEDAY
98ED                  (          RRF.ASM):00496         ENFCNT RMB 1
98EE                  (          RRF.ASM):00497         GAMTIM RMB 1 GAME TIMER
98EF                  (          RRF.ASM):00498         TNKSPD RMB 1 TANK SPEED PARAMETER
98F0                  (          RRF.ASM):00499         SCRFLG RMB 1 SCORE FLAG
98F1                  (          RRF.ASM):00500         SHLCNT RMB 1 SHELL COUNTER
98F2                  (          RRF.ASM):00501         RIPFLG RMB 1                            
98F3                  (          RRF.ASM):00502         HCK1   RMB 1
98F4                  (          RRF.ASM):00503         ATFLAG RMB 1  INDICATE WHAT PAGE AND HOW
                      (          RRF.ASM):00504         
                      (          RRF.ASM):00505         *
                      (          RRF.ASM):00506         *TABLE DATA
                      (          RRF.ASM):00507         *
                      (          RRF.ASM):00508          ORG RAM+$100 PAST BASE PAGE
                      (          RRF.ASM):00509         *
                      (          RRF.ASM):00510         *MASTER OBJECT LIST
                      (          RRF.ASM):00511         *
     9900             (          RRF.ASM):00512         OLIST EQU * 
     0018             (          RRF.ASM):00513         OSIZE EQU $18
                      (          RRF.ASM):00514         *
                      (          RRF.ASM):00515         *INDEX OFFSETS
                      (          RRF.ASM):00516         *
     0000             (          RRF.ASM):00517         OLINK EQU 0 LINK TO NEXT
     0002             (          RRF.ASM):00518         OPICT EQU 2 PICTURE DESCRIPTOR ADDR
     0004             (          RRF.ASM):00519         OBJX EQU 4 UPPER LEFT SCREEN X
     0005             (          RRF.ASM):00520         OBJY EQU 5 UPPER LEFT SCREEN Y
     0006             (          RRF.ASM):00521         OBJID EQU 6 ASSOCIATED PROCESS ID (IF ANY)
     0008             (          RRF.ASM):00522         OCVECT EQU 8 COLLISION ROUTINE ADDR
     000A             (          RRF.ASM):00523         OX16 EQU $A 16 BIT X WORLD COORD
     000C             (          RRF.ASM):00524         OY16 EQU $C 16 BIT Y WORLD COORD
     000E             (          RRF.ASM):00525         OXV EQU $E X VELOCITY
     0010             (          RRF.ASM):00526         OYV EQU $10 Y VELOCITY
     0012             (          RRF.ASM):00527         OFLAV EQU $12 OLD FLAVOR
     0013             (          RRF.ASM):00528         ODATA EQU $13 MISC. DATA
     0014             (          RRF.ASM):00529         OLDPIC EQU $14 OLD PICTURE TO ERASE
     0016             (          RRF.ASM):00530         FONIPC EQU $16 FONY PICT FOR COLLISION PURPOSES
                      (          RRF.ASM):00531         *RESERVE AREA
9900                  (          RRF.ASM):00532          RMB (180)*OSIZE
     A9E0             (          RRF.ASM):00533         OLEND EQU *
                      (          RRF.ASM):00534         *
                      (          RRF.ASM):00535         *USER DEFINED PROCESS TYPES
                      (          RRF.ASM):00536         *
     0000             (          RRF.ASM):00537         STYPE EQU 0 SYSTEM PROCESS
     0001             (          RRF.ASM):00538         CTYPE EQU 1 COIN
                      (          RRF.ASM):00539         *
                      (          RRF.ASM):00540         *SLEEPING PROCESS TABLE
                      (          RRF.ASM):00541         *
     A9E0             (          RRF.ASM):00542         PTAB EQU *
                      (          RRF.ASM):00543         *
                      (          RRF.ASM):00544         *OFFSET CONSTANTS 
                      (          RRF.ASM):00545         *
     0000             (          RRF.ASM):00546         PLINK EQU 0
     0002             (          RRF.ASM):00547         PADDR EQU 2
     0004             (          RRF.ASM):00548         PTIME EQU 4
     0005             (          RRF.ASM):00549         PTYPE EQU 5
     0006             (          RRF.ASM):00550         PCOD EQU 6
     0007             (          RRF.ASM):00551         PDATA EQU 7
     0007             (          RRF.ASM):00552         PD EQU 7
     0008             (          RRF.ASM):00553         PD1 EQU 8
     0009             (          RRF.ASM):00554         PD2 EQU 9
     000A             (          RRF.ASM):00555         PD3 EQU 10
     000B             (          RRF.ASM):00556         PD4 EQU 11
     000C             (          RRF.ASM):00557         PD5 EQU 12
     000D             (          RRF.ASM):00558         PD6 EQU 13
     000E             (          RRF.ASM):00559         PD7 EQU 14
     000F             (          RRF.ASM):00560         PSIZE EQU 15
A9E0                  (          RRF.ASM):00561          RMB 15*(120)
     B0E8             (          RRF.ASM):00562         TABEND EQU *
                      (          RRF.ASM):00563         *
                      (          RRF.ASM):00564         *SUPER PROCESSES
                      (          RRF.ASM):00565         *
     001F             (          RRF.ASM):00566         SPSIZE EQU PSIZE+16
B0E8                  (          RRF.ASM):00567         SPTAB RMB SPSIZE*20
     B354             (          RRF.ASM):00568         SPTEND EQU *
                      (          RRF.ASM):00569         *
                      (          RRF.ASM):00570         *OBJECT PICTURE STRUCTURE
                      (          RRF.ASM):00571         *
     0000             (          RRF.ASM):00572         OBJW EQU 0
     0001             (          RRF.ASM):00573         OBJH EQU 1
     0002             (          RRF.ASM):00574         OBJDAT EQU 2
     0004             (          RRF.ASM):00575         OBJL EQU 4
                      (          RRF.ASM):00576         *
                      (          RRF.ASM):00577         *HUMAN TABLE
                      (          RRF.ASM):00578         *
B354                  (          RRF.ASM):00579         HTAB RMB 80
     B3A4             (          RRF.ASM):00580         HTBEND EQU *
                      (          RRF.ASM):00581         *
                      (          RRF.ASM):00582         *POST REFRESH LIST
                      (          RRF.ASM):00583         *
B3A4                  (          RRF.ASM):00584         PSLIST RMB 64 POST LIST
     B3E4             (          RRF.ASM):00585         PSLEND EQU *
                      (          RRF.ASM):00586         *
                      (          RRF.ASM):00587         *HORIZONTAL EXPLOSION TABLES
                      (          RRF.ASM):00588         *
B3E4                  (          RRF.ASM):00589         HXTAB RMB $800
                      (          RRF.ASM):00590         
                      (          RRF.ASM):00591         *
                      (          RRF.ASM):00592         *DIAGONAL XPLOSION TABLES
                      (          RRF.ASM):00593         *
BBE4                  (          RRF.ASM):00594         DXTAB RMB $200
                      (          RRF.ASM):00595         *
                      (          RRF.ASM):00596         *PLAYER DATA TABLE
                      (          RRF.ASM):00597         *
     BDE4             (          RRF.ASM):00598         PLDATA EQU *
BDE4                  (          RRF.ASM):00599         ZP1SCR RMB 4 SCORE MSB 1ST
BDE8                  (          RRF.ASM):00600         ZP1RP RMB 4 NEXT REPLAY LEVEL
BDEC                  (          RRF.ASM):00601         ZP1LAS RMB 1 #OF LASERS 
BDED                  (          RRF.ASM):00602         ZP1WAV RMB 1 WAVE # IN HEX
BDEE                  (          RRF.ASM):00603         ZP1ENM RMB 50 ENEMY STATE
     BE20             (          RRF.ASM):00604         ZP1END EQU *
BE20                  (          RRF.ASM):00605         ZP2SCR RMB 4
BE24                  (          RRF.ASM):00606         ZP2RP RMB 4
BE28                  (          RRF.ASM):00607         ZP2LAS RMB 1
BE29                  (          RRF.ASM):00608         ZP2WAV RMB 1
BE2A                  (          RRF.ASM):00609         ZP2ENM RMB 50
     BE5C             (          RRF.ASM):00610         PLDEND EQU * END OF PLAYER DATA
     003C             (          RRF.ASM):00611         PLDLEN EQU ZP1END-PLDATA
     0000             (          RRF.ASM):00612         PSCOR EQU ZP1SCR-PLDATA
     0004             (          RRF.ASM):00613         PRPLA EQU ZP1RP-PLDATA
     0008             (          RRF.ASM):00614         PLAS EQU ZP1LAS-PLDATA
     0009             (          RRF.ASM):00615         PWAV EQU ZP1WAV-PLDATA
     000A             (          RRF.ASM):00616         PENEMY EQU ZP1ENM-PLDATA
                      (          RRF.ASM):00617         *
                      (          RRF.ASM):00618         *ENEMIES LIST
                      (          RRF.ASM):00619         *WARNING DO NOT CHANGE ORDER OF COUNTS
     BE5C             (          RRF.ASM):00620         ELIST EQU *
BE5C                  (          RRF.ASM):00621         ROBSPD RMB 1  SPEED
BE5D                  (          RRF.ASM):00622         RMXSPD RMB 1 MAX ROBOT SPEED
BE5E                  (          RRF.ASM):00623         ENFNUM RMB 1 # OF ENFORCERS/CIRCLE X2
BE5F                  (          RRF.ASM):00624         ENSTIM RMB 1 ENF SHOT TIMER
BE60                  (          RRF.ASM):00625         CDPTIM RMB 1 CIRCLE DROP TIMER
BE61                  (          RRF.ASM):00626         HLKSPD RMB 1 HULK SPEED
BE62                  (          RRF.ASM):00627         BSHTIM RMB 1 BRAIN SHOT TIMER
BE63                  (          RRF.ASM):00628         BRNSPD RMB 1 BRAIN SPEED
BE64                  (          RRF.ASM):00629         TNKSHT RMB 1  TANK SHOT RATE
BE65                  (          RRF.ASM):00630         SHLSPD RMB 1  SHELL SPEED
BE66                  (          RRF.ASM):00631         TDPTIM RMB 1  TANK DROP TIMR
BE67                  (          RRF.ASM):00632         SQSPD RMB 1   SQUARE SPEED
     BE68             (          RRF.ASM):00633         ECNTS EQU * START COUNTS
BE68                  (          RRF.ASM):00634         ROBCNT RMB 1 # ROBOTS
BE69                  (          RRF.ASM):00635         PSTCNT RMB 1 # POSTS
BE6A                  (          RRF.ASM):00636         MOMCNT RMB 1 # MOM UNITS
BE6B                  (          RRF.ASM):00637         DADCNT RMB 1 # DAD UNITS
BE6C                  (          RRF.ASM):00638         KIDCNT RMB 1 # KIDS
BE6D                  (          RRF.ASM):00639         HLKCNT RMB 1 # HULKS
BE6E                  (          RRF.ASM):00640         BRNCNT RMB 1 # BRAINS
BE6F                  (          RRF.ASM):00641         CIRCNT RMB 1 # CIRCLES
BE70                  (          RRF.ASM):00642         SQCNT RMB 1 # SQUARES
BE71                  (          RRF.ASM):00643         TNKCNT RMB 1 # TANKS
     BE72             (          RRF.ASM):00644         ELEND EQU *
BE72                  (          RRF.ASM):00645         HCK2 RMB 1
                      (          RRF.ASM):00646         *
                      (          RRF.ASM):00647         * CMOS RAM ALLOCATION
                      (          RRF.ASM):00648         *
                      (          RRF.ASM):00649          ORG CMOS+$100     WRITABLE CMOS  
CD00                  (          RRF.ASM):00650         CREDST RMB 2 CREDITS BACKUP
CD02                  (          RRF.ASM):00651         SLOT1 RMB 6 1 LEFT COIN TOTAL
CD08                  (          RRF.ASM):00652               RMB 6 2 CENTER COIN TOTAL
CD0E                  (          RRF.ASM):00653               RMB 6 3 RIGHT COIN TOTAL
CD14                  (          RRF.ASM):00654                RMB 6 4 TOTAL PAID CREDITS
CD1A                  (          RRF.ASM):00655                RMB 6 5 TOTAL REPLAYS
CD20                  (          RRF.ASM):00656         BKTIME RMB 6 6 FLIGHT TIME IN MINS
CD26                  (          RRF.ASM):00657         BKMEN  RMB 6 7 TOTAL SHIPS PLAYED
CD2C                  (          RRF.ASM):00658         BKPLAY RMB 6 8 TOTAL GAMES PLAYED
     CD32             (          RRF.ASM):00659         BKEND  EQU    *        END OF BOOKKEEPING STUFF
     000E             (          RRF.ASM):00660         SCRSIZ EQU 14 NUMBER OF NIBBLES IN A SCORE ENTRY
CD32                  (          RRF.ASM):00661         GODINT RMB 6
CD38                  (          RRF.ASM):00662         GODSCR RMB 48   
CD68                  (          RRF.ASM):00663         CMSCOR RMB 37*SCRSIZ   37 BACKED UP SCORES, 36 OF WHICH ARE VISIBLE
CF6E                  (          RRF.ASM):00664         TODAYS RMB 10*SCRSIZ     TODAYS GREATEST
     CFFA             (          RRF.ASM):00665         TODEND EQU *
                      (          RRF.ASM):00666          ORG CMOS  ADEQUATE BIRTH CONTROL PROTECTION
CC00                  (          RRF.ASM):00667         REPLAY RMB 2 REPLAY LEVEL
CC02                  (          RRF.ASM):00668         NSHIP RMB 2 # OF SHIPS/1 CREDIT GAME
CC04                  (          RRF.ASM):00669         COINSL RMB 2 FOR COINAGE SELECT MODE
CC06                  (          RRF.ASM):00670         SLOT1M RMB 2 LEFT COIN MULT
CC08                  (          RRF.ASM):00671         SLOT2M RMB 2 CENTER COIN MULT
CC0A                  (          RRF.ASM):00672         SLOT3M RMB 2 RIGHT COIN MULT
CC0C                  (          RRF.ASM):00673         CUNITC RMB 2 COIN UNITS PER CREDIT
CC0E                  (          RRF.ASM):00674         CUNITB RMB 2 COIN UNITS FOR BONUS
CC10                  (          RRF.ASM):00675         MINUNT RMB 2 MINIMUM REQD
CC12                  (          RRF.ASM):00676         FREEPL RMB 2 FREE PLAY MODE       (ONE CREDIT GAME)     
CC14                  (          RRF.ASM):00677         GA1 RMB 2 10 MASTER DIFFICULTY CONTROL               1
CC16                  (          RRF.ASM):00678         GA2 RMB 2 NUMBER OF LETTERS ALLOWED TO GOD           10
CC18                  (          RRF.ASM):00679         SPECFN RMB 2  RESTORE FACTORY SETTINGS
CC1A                  (          RRF.ASM):00680          RMB 2  CLEAR AUDIT TOTALS
CC1C                  (          RRF.ASM):00681          RMB 2  INITIALIZE HIGH SCORE TABLE
CC1E                  (          RRF.ASM):00682          RMB 2  INTIATE AUTO CYCLE
CC20                  (          RRF.ASM):00683          RMB 2  ENTER ATTRACT MODE MESSAGE
CC22                  (          RRF.ASM):00684          RMB 2  ENTER HIGHEST SCORE NAME
     CC24             (          RRF.ASM):00685         ENDADJ EQU *
CC24                  (          RRF.ASM):00686         OPMESS RMB 100  2 LINES OF 25 CHARS EACH.
CC88                  (          RRF.ASM):00687         OPL1 RMB 2
CC8A                  (          RRF.ASM):00688         OPL2 RMB 2
CC8C                  (          RRF.ASM):00689         ADJSUM RMB 2
CC8E                  (          RRF.ASM):00690         OMESUM RMB 2
                      (          RRF.ASM):00691         
                      (          RRF.ASM):00692         *
                      (          RRF.ASM):00693         *M A C R O S
                      (          RRF.ASM):00694         *
CC90                  (          RRF.ASM):00695         NAP    MACRO
                      (          RRF.ASM):00696                LDA #\1 TIME
                      (          RRF.ASM):00697                LDX #\2 WAKEUP ADDR
                      (          RRF.ASM):00698                JMP    SLEEP  
                      (          RRF.ASM):00699                ENDM
                      (          RRF.ASM):00700         *
                      (          RRF.ASM):00701         *MAKE A NEW PROCESS
                      (          RRF.ASM):00702         *
CC90                  (          RRF.ASM):00703         NEWP MACRO
                      (          RRF.ASM):00704          LDX #\1 ADDR
                      (          RRF.ASM):00705          LDA #\2 TYPE
                      (          RRF.ASM):00706          JSR MKPROC
                      (          RRF.ASM):00707          ENDM
                      (          RRF.ASM):00708         *INIT PROCESS \0=SADDR 
CC90                  (          RRF.ASM):00709         MAKP MACRO
                      (          RRF.ASM):00710          JSR MAKEP
                      (          RRF.ASM):00711          FDB \1
                      (          RRF.ASM):00712          ENDM
                      (          RRF.ASM):00713         *MAKE A PROCESS AND OBJECT
CC90                  (          RRF.ASM):00714         MKPROB MACRO
                      (          RRF.ASM):00715          JSR MPROB
                      (          RRF.ASM):00716          FDB \1,\2,\3
                      (          RRF.ASM):00717          ENDM
                      (          RRF.ASM):00718         
                      (sm/src/RRFRED.ASM):00004         
     CA06             (sm/src/RRFRED.ASM):00005         HORIZ  EQU    $CA06
     CA04             (sm/src/RRFRED.ASM):00006         DEST   EQU    $CA04
     CA02             (sm/src/RRFRED.ASM):00007         ORIG   EQU    $CA02
     CA01             (sm/src/RRFRED.ASM):00008         CONST  EQU    $CA01
     CA00             (sm/src/RRFRED.ASM):00009         CONTRL EQU    $CA00
                      (sm/src/RRFRED.ASM):00010         
                      (sm/src/RRFRED.ASM):00011         *   MESSAGE NUMBER EQUATES
                      (sm/src/RRFRED.ASM):00012         
     0000             (sm/src/RRFRED.ASM):00013         DMFAIL EQU    0           DMA FAILURE
     0001             (sm/src/RRFRED.ASM):00014         OKM    EQU    1           INTITIAL TESTS SAY OK
     0002             (sm/src/RRFRED.ASM):00015         RERRM  EQU    2           TESTS SAY RAM ERROR.
     0003             (sm/src/RRFRED.ASM):00016         ROMERM EQU    3           TESTS SAY ROM ERROR.
     0004             (sm/src/RRFRED.ASM):00017         ROMOK  EQU    4 
     0005             (sm/src/RRFRED.ASM):00018         RAMOK  EQU    5 
     0006             (sm/src/RRFRED.ASM):00019         CMOK   EQU    6 
     0007             (sm/src/RRFRED.ASM):00020         CMERR  EQU    7 
     0008             (sm/src/RRFRED.ASM):00021         CMDOOR EQU    8 
     0009             (sm/src/RRFRED.ASM):00022         SNDTEX EQU    9 
     000A             (sm/src/RRFRED.ASM):00023         FDROMM EQU    10
     000B             (sm/src/RRFRED.ASM):00024         FDRAMM EQU    11
     000C             (sm/src/RRFRED.ASM):00025         SWTESM EQU    12           MESSAGE SAYING "SWITCH TEST"
     000D             (sm/src/RRFRED.ASM):00026         SWMES1 EQU    13           34-50 ARE SWITCH TEST MESSAGES  
     001E             (sm/src/RRFRED.ASM):00027         CMTSTM EQU    30           COLOR MATRIX TEST ETC.
     001F             (sm/src/RRFRED.ASM):00028         BOOKM  EQU    31
     0020             (sm/src/RRFRED.ASM):00029         AUDMES EQU    32           53-61 ARE AUDIT MESSAGES
                      (sm/src/RRFRED.ASM):00030         *                            40 IS GAME OVER
     0029             (sm/src/RRFRED.ASM):00031         AUDM1  EQU    41           FIRST PART OF 6 DIGIT 
     002A             (sm/src/RRFRED.ASM):00032         AUDM2  EQU    42           SECOND PART OF 6 DIGIT
     002B             (sm/src/RRFRED.ASM):00033         AUDM3  EQU    43           4 DIGIT AUDIT
     002C             (sm/src/RRFRED.ASM):00034         FROBM  EQU    44           DIPLAY OF FROB MESSAGE
     002D             (sm/src/RRFRED.ASM):00035         CONTMS EQU    45           EXTRA MESSAGES FOR FIRST PAGE OF ADJUSTMENTS
     002E             (sm/src/RRFRED.ASM):00036         ADJMES EQU    46           ACTUAL MESSAGE FOR FIRST ADJUSTMENT (REPLAY)-63
     0040             (sm/src/RRFRED.ASM):00037         REPMM1 EQU    64
     0041             (sm/src/RRFRED.ASM):00038         REPMM2 EQU    65
     0042             (sm/src/RRFRED.ASM):00039         NOMESS EQU    66
     0043             (sm/src/RRFRED.ASM):00040         HIVOL  EQU    67
     0044             (sm/src/RRFRED.ASM):00041         RECOM  EQU    68
     0045             (sm/src/RRFRED.ASM):00042         POORP  EQU    69
     0046             (sm/src/RRFRED.ASM):00043         CUSTM  EQU    70 
     0047             (sm/src/RRFRED.ASM):00044         YESM   EQU    71 
     0048             (sm/src/RRFRED.ASM):00045         NOM    EQU    72 
     0049             (sm/src/RRFRED.ASM):00046         EXLIB  EQU    73 
     004A             (sm/src/RRFRED.ASM):00047         LIB    EQU    74 
                      (sm/src/RRFRED.ASM):00048         *                  PLAYER X GAME OVER
     004C             (sm/src/RRFRED.ASM):00049         CONS   EQU    76 
     004D             (sm/src/RRFRED.ASM):00050         EXCON  EQU    77 
     004E             (sm/src/RRFRED.ASM):00051         REPMM3 EQU    78 
     004F             (sm/src/RRFRED.ASM):00052         CMIMES EQU    79 
     0050             (sm/src/RRFRED.ASM):00053         RESMES EQU    80 
     0051             (sm/src/RRFRED.ASM):00054         YES1M  EQU    81 
     0052             (sm/src/RRFRED.ASM):00055         COINM1 EQU    82    82-89   
     005A             (sm/src/RRFRED.ASM):00056         NOREPM EQU    90 
     005B             (sm/src/RRFRED.ASM):00057         BOOKRS EQU    91 
     005C             (sm/src/RRFRED.ASM):00058         OMESM EQU     92 
     005D             (sm/src/RRFRED.ASM):00059         HSRESM EQU    93  
     005E             (sm/src/RRFRED.ASM):00060         GODMES EQU    94 
     005F             (sm/src/RRFRED.ASM):00061         CONG EQU      95 
     0060             (sm/src/RRFRED.ASM):00062         NOWMES EQU    96 
     0061             (sm/src/RRFRED.ASM):00063         HSINDX EQU    97 
     0062             (sm/src/RRFRED.ASM):00064         HIGH1 EQU     98 
     0063             (sm/src/RRFRED.ASM):00065         HIGH3 EQU     99 
     0064             (sm/src/RRFRED.ASM):00066         ONLY5M EQU    100
     0065             (sm/src/RRFRED.ASM):00067         OPCNTM EQU    101
     0066             (sm/src/RRFRED.ASM):00068         REPMM4 EQU    102
                      (sm/src/RRFRED.ASM):00069         *                      PLAYER X  UP        
                      (sm/src/RRFRED.ASM):00070         *                      WAVE X        
     0069             (sm/src/RRFRED.ASM):00071         INDMF  EQU    105
     006A             (sm/src/RRFRED.ASM):00072         AVTIM  EQU    106
     006B             (sm/src/RRFRED.ASM):00073         AVTEND EQU    107
     006C             (sm/src/RRFRED.ASM):00074         AVPLA  EQU    108
     006D             (sm/src/RRFRED.ASM):00075         AVPLEN EQU    109
     006E             (sm/src/RRFRED.ASM):00076         SCRMES EQU    110
     006F             (sm/src/RRFRED.ASM):00077         INDMES EQU    111
     0070             (sm/src/RRFRED.ASM):00078         CPM1   EQU    112
                      (sm/src/RRFRED.ASM):00079         *      BOTTOM COPYRITE MESSAGE   113
                      (sm/src/RRFRED.ASM):00080         *      SECOND HALF OF WAVE MESSAGE 114
     0073             (sm/src/RRFRED.ASM):00081         MMOM   EQU    115
     0074             (sm/src/RRFRED.ASM):00082         MDAD   EQU    116
     0075             (sm/src/RRFRED.ASM):00083         MKID   EQU    117
     0076             (sm/src/RRFRED.ASM):00084         MGRUNT EQU    118
     0077             (sm/src/RRFRED.ASM):00085         MHULK  EQU    119
     0078             (sm/src/RRFRED.ASM):00086         MSPCU  EQU    120
     0079             (sm/src/RRFRED.ASM):00087         MENTK  EQU    121
     007A             (sm/src/RRFRED.ASM):00088         MBRAIN EQU    122
     007B             (sm/src/RRFRED.ASM):00089         COINMF EQU    123
     007C             (sm/src/RRFRED.ASM):00090         MPROG  EQU    124
     007D             (sm/src/RRFRED.ASM):00091         EXTMES EQU    125
     007E             (sm/src/RRFRED.ASM):00092         NULMES EQU    126
     007F             (sm/src/RRFRED.ASM):00093         ACRM   EQU    127
     0080             (sm/src/RRFRED.ASM):00094         TITLEM EQU    128
     0081             (sm/src/RRFRED.ASM):00095         FAMMM  EQU    129
                      (sm/src/RRFRED.ASM):00096         
     C000             (sm/src/RRFRED.ASM):00097         RAMTOP EQU    $C000          TOP OF RAM FOR RAM TEST
                      (sm/src/RRFRED.ASM):00098         
                      (sm/src/RRFRED.ASM):00099                ORG    HXTAB
B3E4                  (sm/src/RRFRED.ASM):00100         EGRAM  RMB    2
B3E6                  (sm/src/RRFRED.ASM):00101         EGRAM2 RMB    2
B3E8                  (sm/src/RRFRED.ASM):00102         PLRX   RMB    2
B3EA                  (sm/src/RRFRED.ASM):00103         ALTBL  RMB    20             PLACE FOR 20 CHAR HIGH SCORE SAVE
                      (sm/src/RRFRED.ASM):00104         
     B3EA             (sm/src/RRFRED.ASM):00105         MESOUT EQU    ALTBL          OPERATOR MESSAGE BUFFER
     B3EA             (sm/src/RRFRED.ASM):00106         RAMALS EQU    ALTBL          DIAGNOSTIC/HIGH SCORE SCRATCH REF.
     B3EA             (sm/src/RRFRED.ASM):00107         CRDRAM EQU    ALTBL   
                      (sm/src/RRFRED.ASM):00108         
                      (sm/src/RRFRED.ASM):00109                ORG    ALTBL+60       DO THE BALL PAST THE OPERATOR MESS AREA
B426                  (sm/src/RRFRED.ASM):00110         ARAM1  RMB    392            WILLI PAGE A-MODE STUFF
B5AE                  (sm/src/RRFRED.ASM):00111         ERLIST RMB    28*2
     B5E6             (sm/src/RRFRED.ASM):00112         EREND  EQU    *
