                      (wasm/src/RRT2.ASM):00001         *  OPT NOL
                      (wasm/src/RRT2.ASM):00002          INCLUDE "RRF.ASM"
                      (          RRF.ASM):00001         *        OPT    PAGS
                      (          RRF.ASM):00002         *        TTL    R O B O T   W A R
                      (          RRF.ASM):00003         *
                      (          RRF.ASM):00004         * HARDWARE CONSTANTS
                      (          RRF.ASM):00005         *
     BF70             (          RRF.ASM):00006         HSTK EQU $BF70
     EFF0             (          RRF.ASM):00007         VECTOR EQU $EFF0
     C000             (          RRF.ASM):00008         CRAM EQU $C000 COLOR RAM ADDR
     CBFF             (          RRF.ASM):00009         WDOG EQU $CBFF
     0039             (          RRF.ASM):00010         WDATA EQU $39
     CC00             (          RRF.ASM):00011         CMOS EQU $CC00
     C80E             (          RRF.ASM):00012         SOUND EQU $C80E
     CB00             (          RRF.ASM):00013         VERTCT EQU $CB00 6-BIT VERTICAL BEAM ADDR
     C900             (          RRF.ASM):00014         RWCNTL EQU $C900 (BIT 0: 1-ROM READ; 0-RAM READ)
                      (          RRF.ASM):00015         *                (BIT 1: 1-INVERT;   0-NORMAL SCREEN)
                      (          RRF.ASM):00016         *
                      (          RRF.ASM):00017         *PIA DEFINITIONS
                      (          RRF.ASM):00018         *
     C80C             (          RRF.ASM):00019         PIA0 EQU $C80C
                      (          RRF.ASM):00020         *B0 AUTO UP
                      (          RRF.ASM):00021         *B1 ADVANCE
                      (          RRF.ASM):00022         *B2 RCOIN
                      (          RRF.ASM):00023         *B3 HSRESET
                      (          RRF.ASM):00024         *B4 LCOIN
                      (          RRF.ASM):00025         *B5 CCOIN
                      (          RRF.ASM):00026         *B6 SLAM
                      (          RRF.ASM):00027         *B7 SOUND HANDSHAKE
                      (          RRF.ASM):00028         *CA2 LED3 
                      (          RRF.ASM):00029         *CA1 IRQ 240 (16 MS)  (LINE 240)
     C80E             (          RRF.ASM):00030         PIA1 EQU $C80E
                      (          RRF.ASM):00031         *B0-B5 SOUND
                      (          RRF.ASM):00032         *B6-B7 LED 0,1
                      (          RRF.ASM):00033         *CB1 IRQ 4 MS (0,$40,$80,$C0)
                      (          RRF.ASM):00034         *CB2 LED2            
     C804             (          RRF.ASM):00035         PIA2 EQU $C804
                      (          RRF.ASM):00036         *B0 MOVE UP
                      (          RRF.ASM):00037         *B1 MOVE DOWN
                      (          RRF.ASM):00038         *B2 MOVE LEFT
                      (          RRF.ASM):00039         *B3 MOVE RIGHT
                      (          RRF.ASM):00040         *B4 START 1
                      (          RRF.ASM):00041         *B5 START 2
                      (          RRF.ASM):00042         *B6 FIRE UP
                      (          RRF.ASM):00043         *B7 FIRE DOWN
                      (          RRF.ASM):00044         *
     C806             (          RRF.ASM):00045         PIA3 EQU $C806
                      (          RRF.ASM):00046         *B0 FIRE LEFT
                      (          RRF.ASM):00047         *B1 FIRE RIGHT
                      (          RRF.ASM):00048         *B7 INPUT 1=COCKTAIL
                      (          RRF.ASM):00049         *CB2 OUTPUT SWITCH MUX CONTROL 1=PLAYER1,0=PLAYER2
                      (          RRF.ASM):00050         *
                      (          RRF.ASM):00051         *DMA CONSTANTS
                      (          RRF.ASM):00052         *
     CA00             (          RRF.ASM):00053         DMACTL EQU $CA00 CONTROL BYTE WRITE INITIATES TRANSFER
                      (          RRF.ASM):00054         *B0:READ FORMAT 0=SERIAL;1=BLOCK
                      (          RRF.ASM):00055         *B1:WRITE FORMAT 0=SERIAL;1=BLOCK
                      (          RRF.ASM):00056         *B2:XSFER RATE 0=ROM-RAM (1MSEC); 1=RAM-RAM (2 MSEC)
                      (          RRF.ASM):00057         *B3:1=ZERO WRITE SUPPRESS
                      (          RRF.ASM):00058         *B4:1=CONSTANT SUBSTITUTION
                      (          RRF.ASM):00059         *B5:1=ODD FLAVOR
                      (          RRF.ASM):00060         *B6:1=B0-B3 WRITE SUPPRESS
                      (          RRF.ASM):00061         *B7:1=B4-B7 WRITE SUPPRESS
     CA01             (          RRF.ASM):00062         DMACON EQU $CA01 CONSTANT DATA BYTE
     CA02             (          RRF.ASM):00063         DMAORG EQU $CA02 ORIGIN ADDR MSB,LSB
     CA04             (          RRF.ASM):00064         DMADES EQU $CA04 DESTINATION "
     CA06             (          RRF.ASM):00065         DMASIZ EQU $CA06 HOR,VERT BYTE COUNTS
                      (          RRF.ASM):00066         *SCORE DISPLAY CONSTANTS
     00EA             (          RRF.ASM):00067         YMAX EQU 234   
     0018             (          RRF.ASM):00068         YMIN EQU 24 MIN Y COORD
     008F             (          RRF.ASM):00069         XMAX EQU $8F
     0007             (          RRF.ASM):00070         XMIN EQU 7
     180E             (          RRF.ASM):00071         P1ORG EQU $18*$100+14
     2E0E             (          RRF.ASM):00072         P1MAN EQU P1ORG+7*$300+$100
     180E             (          RRF.ASM):00073         P1DISP EQU P1ORG
     580E             (          RRF.ASM):00074         P2ORG EQU P1ORG+$40*$100
     6E0E             (          RRF.ASM):00075         P2MAN EQU P2ORG+P1MAN-P1ORG
     580E             (          RRF.ASM):00076         P2DISP EQU P2ORG
     0300             (          RRF.ASM):00077         DIGLTH EQU $300
     4A7C             (          RRF.ASM):00078         PCOORD EQU $4A7C INIT PLAYER COORD
     0066             (          RRF.ASM):00079         FONCOL EQU $66 PHONY STARTUP COLOR
                      (          RRF.ASM):00080         *
                      (          RRF.ASM):00081         *MODULE  VECTORS + STORAGE ALLOCATION
                      (          RRF.ASM):00082         *
                      (          RRF.ASM):00083         ***OPSYS**..... R O S ..........
                      (          RRF.ASM):00084         *
     D000             (          RRF.ASM):00085         ROSORG EQU $D000
                      (          RRF.ASM):00086          ORG ROSORG
D000                  (          RRF.ASM):00087         INIT RMB 3
D003                  (          RRF.ASM):00088         ASCAN RMB 3
D006                  (          RRF.ASM):00089         SDOUT RMB 3
D009                  (          RRF.ASM):00090         SCRTRN RMB 3
D00C                  (          RRF.ASM):00091         SCORE RMB 3
D00F                  (          RRF.ASM):00092         SCRTR0 RMB 3
D012                  (          RRF.ASM):00093         SCRCLR RMB 3
D015                  (          RRF.ASM):00094         DMAOFF RMB 3
D018                  (          RRF.ASM):00095         DMAON RMB 3
D01B                  (          RRF.ASM):00096         BLKCLR RMB 3
D01E                  (          RRF.ASM):00097         PCTOFF RMB 3
D021                  (          RRF.ASM):00098         PCTON RMB 3
D024                  (          RRF.ASM):00099         COLST RMB 3
D027                  (          RRF.ASM):00100         COL0 RMB 3
D02A                  (          RRF.ASM):00101         HEXBCD RMB 3
D02D                  (          RRF.ASM):00102         BCDHEX RMB 3
D030                  (          RRF.ASM):00103         OINIT RMB 3
D033                  (          RRF.ASM):00104         CRINIT RMB 3
D036                  (          RRF.ASM):00105         PINIT RMB 3
D039                  (          RRF.ASM):00106         RAND RMB 3
D03C                  (          RRF.ASM):00107         RAND16 RMB 3
D03F                  (          RRF.ASM):00108         RMAX RMB 3
D042                  (          RRF.ASM):00109         RANDU RMB 3
D045                  (          RRF.ASM):00110         PLINDX RMB 3
D048                  (          RRF.ASM):00111         PLDX RMB 3
D04B                  (          RRF.ASM):00112         SNDLD RMB 3
D04E                  (          RRF.ASM):00113         KILO1 RMB 3
D051                  (          RRF.ASM):00114         GETOBJ RMB 3
D054                  (          RRF.ASM):00115         MAKEP RMB 3
D057                  (          RRF.ASM):00116         MKPROC RMB 3
D05A                  (          RRF.ASM):00117         MSPROC RMB 3
D05D                  (          RRF.ASM):00118         KILL RMB 3
D060                  (          RRF.ASM):00119         GNCIDE RMB 3
D063                  (          RRF.ASM):00120         SUCIDE RMB 3
D066                  (          RRF.ASM):00121         SLEEP RMB 3
D069                  (          RRF.ASM):00122         RIPV RMB 3
D06C                  (          RRF.ASM):00123         MPROB RMB 3
D06F                  (          RRF.ASM):00124         GETOB RMB 3
D072                  (          RRF.ASM):00125         KILLOB RMB 3
D075                  (          RRF.ASM):00126         KILLOF RMB 3
D078                  (          RRF.ASM):00127         KILOFP RMB 3
D07B                  (          RRF.ASM):00128         GETROB RMB 3
D07E                  (          RRF.ASM):00129         KILROB RMB 3
D081                  (          RRF.ASM):00130         GETPST RMB 3
D084                  (          RRF.ASM):00131         KILPST RMB 3
D087                  (          RRF.ASM):00132         GETHUM RMB 3
D08A                  (          RRF.ASM):00133         KILHUM RMB 3
D08D                  (          RRF.ASM):00134         DMAOFN RMB 3
D090                  (          RRF.ASM):00135         MPCTON RMB 3
D093                  (          RRF.ASM):00136         BLKON RMB 3
D096                  (          RRF.ASM):00137         EXECV RMB 3
D099                  (          RRF.ASM):00138         P1SW   RMB    3
D09C                  (          RRF.ASM):00139         P2SW   RMB    3
D09F                  (          RRF.ASM):00140         DIVAB  RMB    3
D0A2                  (          RRF.ASM):00141         RCMOSA RMB    3
D0A5                  (          RRF.ASM):00142         RCMOSB RMB    3
D0A8                  (          RRF.ASM):00143         RCMOSD RMB    3
D0AB                  (          RRF.ASM):00144         WCMOSA RMB    3
D0AE                  (          RRF.ASM):00145         WCMOSB RMB    3
D0B1                  (          RRF.ASM):00146         WCMOSD RMB    3
D0B4                  (          RRF.ASM):00147         BCDBIN RMB    3
D0B7                  (          RRF.ASM):00148         RWMOVE RMB    3
D0BA                  (          RRF.ASM):00149         AUD    RMB    3
D0BD                  (          RRF.ASM):00150         AUD1   RMB    3
D0C0                  (          RRF.ASM):00151         INT20V RMB    3
D0C3                  (          RRF.ASM):00152         LFV    RMB    3
D0C6                  (          RRF.ASM):00153         NEWBCH RMB    3        BCDHEX THAT USES A!!
                      (          RRF.ASM):00154         *
                      (          RRF.ASM):00155         *PLAYER DEATH
                      (          RRF.ASM):00156         *
     DD00             (          RRF.ASM):00157         RDORG EQU $DD00
                      (          RRF.ASM):00158          ORG RDORG
DD00                  (          RRF.ASM):00159         RDTHV RMB 3
                      (          RRF.ASM):00160         *
                      (          RRF.ASM):00161         *HUMANS+HULKS
                      (          RRF.ASM):00162         *
     0000             (          RRF.ASM):00163         RHORG EQU $0000
                      (          RRF.ASM):00164          ORG RHORG
0000                  (          RRF.ASM):00165         HULKST RMB 3
0003                  (          RRF.ASM):00166         HUMST RMB 3
0006                  (          RRF.ASM):00167         CKLIM RMB 3
0009                  (          RRF.ASM):00168         SKULL RMB 3
000C                  (          RRF.ASM):00169         P1KD RMB 2
000E                  (          RRF.ASM):00170         MOMPIC RMB 2
0010                  (          RRF.ASM):00171         DADPIC RMB 2
0012                  (          RRF.ASM):00172         KIDPIC RMB 2
0014                  (          RRF.ASM):00173         HLKPIC RMB 2
0016                  (          RRF.ASM):00174         HLKANA RMB 2
0018                  (          RRF.ASM):00175         HUMANA RMB 2
001A                  (          RRF.ASM):00176         SKLPIC RMB 2
                      (          RRF.ASM):00177         *
                      (          RRF.ASM):00178         ***CIRCLES,ENFORCERS,SPARX
                      (          RRF.ASM):00179         *
     1140             (          RRF.ASM):00180         RCORG EQU $1140
                      (          RRF.ASM):00181          ORG RCORG
1140                  (          RRF.ASM):00182         CIRCST RMB 3 START CIRCLES
1143                  (          RRF.ASM):00183         CIRKV RMB 3
1146                  (          RRF.ASM):00184         CIRPIC RMB 2
1148                  (          RRF.ASM):00185         ENGPIC RMB 2
114A                  (          RRF.ASM):00186         ENFPIC RMB 2
                      (          RRF.ASM):00187         *
                      (          RRF.ASM):00188         *BRAINS & CO.
                      (          RRF.ASM):00189         *
     1AC0             (          RRF.ASM):00190         BRNORG EQU $1AC0
                      (          RRF.ASM):00191          ORG BRNORG
1AC0                  (          RRF.ASM):00192         BRNST RMB 3
1AC3                  (          RRF.ASM):00193         BRNPIC RMB 2
1AC5                  (          RRF.ASM):00194         BRONV  RMB    3
1AC8                  (          RRF.ASM):00195         HUMONV RMB    3
1ACB                  (          RRF.ASM):00196         PRGPIC RMB 2
                      (          RRF.ASM):00197         *
                      (          RRF.ASM):00198         *******ROBOT GAME...... R G .......
                      (          RRF.ASM):00199         *
     26C0             (          RRF.ASM):00200         RGORG EQU $26C0
                      (          RRF.ASM):00201          ORG RGORG
26C0                  (          RRF.ASM):00202         PLAYER RMB 3
26C3                  (          RRF.ASM):00203         RANDXY RMB 3
26C6                  (          RRF.ASM):00204         CKOBS RMB 3
26C9                  (          RRF.ASM):00205         MANDSP RMB 3
26CC                  (          RRF.ASM):00206         STRT1 RMB 3
26CF                  (          RRF.ASM):00207         STRT2 RMB 3
26D2                  (          RRF.ASM):00208         TDISPV RMB 3
26D5                  (          RRF.ASM):00209         MANPIC RMB 2
26D7                  (          RRF.ASM):00210         LASPIC RMB 2
                      (          RRF.ASM):00211         *
                      (          RRF.ASM):00212         *ROBOTS&POSTS
                      (          RRF.ASM):00213         *
     3880             (          RRF.ASM):00214         RPORG EQU $3880
                      (          RRF.ASM):00215          ORG RPORG
3880                  (          RRF.ASM):00216         RINIT RMB 3
3883                  (          RRF.ASM):00217         PSINIT RMB 3
3886                  (          RRF.ASM):00218         PSTP1 RMB 2
3888                  (          RRF.ASM):00219         OPON RMB 3
388B                  (          RRF.ASM):00220         OPON1 RMB 3
388E                  (          RRF.ASM):00221         SAFTY RMB 3
3891                  (          RRF.ASM):00222         ROBPIC RMB 2
3893                  (          RRF.ASM):00223         PSTPIC RMB 2
3895                  (          RRF.ASM):00224         PKPRCV RMB 3
                      (          RRF.ASM):00225         *
                      (          RRF.ASM):00226         *TRANSPORTER
                      (          RRF.ASM):00227         *
     4140             (          RRF.ASM):00228         RTORG EQU $4140
                      (          RRF.ASM):00229          ORG RTORG
4140                  (          RRF.ASM):00230         TRANST RMB 3
                      (          RRF.ASM):00231         *
                      (          RRF.ASM):00232         *DIAGONAL EXPLOSIONS
                      (          RRF.ASM):00233         *
     4680             (          RRF.ASM):00234         RDXORG EQU $4680
                      (          RRF.ASM):00235          ORG RDXORG
4680                  (          RRF.ASM):00236         DXINIT RMB 3
4683                  (          RRF.ASM):00237         DXST RMB 3
4686                  (          RRF.ASM):00238         DAPST RMB 3
4689                  (          RRF.ASM):00239         DXUPD RMB 3
                      (          RRF.ASM):00240         *
                      (          RRF.ASM):00241         *TANKS
                      (          RRF.ASM):00242         *
     4B00             (          RRF.ASM):00243         RTKORG EQU $4B00
                      (          RRF.ASM):00244          ORG RTKORG
4B00                  (          RRF.ASM):00245         TANKST RMB 3
4B03                  (          RRF.ASM):00246         SQST RMB 3
4B06                  (          RRF.ASM):00247         SQPIC RMB 2
4B08                  (          RRF.ASM):00248         TNGPIC RMB 2
4B0A                  (          RRF.ASM):00249         TNKPIC RMB 2
                      (          RRF.ASM):00250         *
                      (          RRF.ASM):00251         *MARQUEE
                      (          RRF.ASM):00252         *
     5700             (          RRF.ASM):00253         RMORG EQU $5700
                      (          RRF.ASM):00254          ORG RMORG
5700                  (          RRF.ASM):00255         RMST RMB 3
                      (          RRF.ASM):00256         *
                      (          RRF.ASM):00257         *EXPLOSIONS
                      (          RRF.ASM):00258         *
     5B40             (          RRF.ASM):00259         RXORG EQU $5B40
                      (          RRF.ASM):00260          ORG RXORG
5B40                  (          RRF.ASM):00261         EXINIT RMB 3
5B43                  (          RRF.ASM):00262         EXST RMB 3
5B46                  (          RRF.ASM):00263         APST RMB 3
5B49                  (          RRF.ASM):00264         EXUPD RMB 3
5B4C                  (          RRF.ASM):00265         PDEATH RMB 3
5B4F                  (          RRF.ASM):00266         HVEXST RMB 3
5B52                  (          RRF.ASM):00267         DDEXST RMB 3 DUAL DIAGONALS
5B55                  (          RRF.ASM):00268         AMAP   RMB    3        ATTRACT MODE APPEAR
5B58                  (          RRF.ASM):00269         HAPST  RMB    3        HORIZONTAL APPEAR
5B5B                  (          RRF.ASM):00270         HEXST  RMB    3        HORIZONTAL EXPLODE
                      (          RRF.ASM):00271         
                      (          RRF.ASM):00272         *             STINKY LINKY VINCKYS
                      (          RRF.ASM):00273         
     77A0             (          RRF.ASM):00274         LOGORG EQU    $77A0          PLACE FOR PROGRAM
     77A0             (          RRF.ASM):00275         GOV    EQU    LOGORG
     77A3             (          RRF.ASM):00276         CCV    EQU    GOV+3
                      (          RRF.ASM):00277         
     E3D0             (          RRF.ASM):00278         TSCORG EQU $E3D0   HIGH SCORE BULLSHIT
     E3D0             (          RRF.ASM):00279         PUPHSC EQU TSCORG  POWER UP HIGH SCORE CHECK
     E3D3             (          RRF.ASM):00280         ENDPRC EQU PUPHSC+3 END OF GAME PROCESSING
     E3D6             (          RRF.ASM):00281         GODSET EQU ENDPRC+3 ENTER GODS NAME BY OPERATOR
     E3D9             (          RRF.ASM):00282         HIGHRS EQU GODSET+3 RESET HIGH SCORE TABLE BY OPERATOR
     E3DC             (          RRF.ASM):00283         HSCHKV EQU HIGHRS+3 CHECK IF HS TABLE LOOKS BASHED
     E3DF             (          RRF.ASM):00284         HSBUTV EQU HSCHKV+3 HIGH SCORE RESET BUTTON
                      (          RRF.ASM):00285         
     DF40             (          RRF.ASM):00286         TABORG EQU    $DF40
     DF40             (          RRF.ASM):00287         TABLEV EQU    TABORG
                      (          RRF.ASM):00288         
     F000             (          RRF.ASM):00289         TSTORG EQU $F000
     F000             (          RRF.ASM):00290         PWRUPV EQU TSTORG    
     F003             (          RRF.ASM):00291         ADVSW EQU PWRUPV+3
     F006             (          RRF.ASM):00292         AUTOCY EQU ADVSW+3
     F009             (          RRF.ASM):00293         HXINIT EQU AUTOCY+3
     F00C             (          RRF.ASM):00294         HEXSTX EQU HXINIT+3
     F00F             (          RRF.ASM):00295         HAPSTX EQU HEXSTX+3
     F012             (          RRF.ASM):00296         HXUPD EQU HAPSTX+3
     F015             (          RRF.ASM):00297         WLOOPV EQU HXUPD+3
     F017             (          RRF.ASM):00298         ELOOPV EQU WLOOPV+2
     F019             (          RRF.ASM):00299         L2     EQU    ELOOPV+2
     F01B             (          RRF.ASM):00300         L0     EQU    L2+2
                      (          RRF.ASM):00301         
     6F00             (          RRF.ASM):00302         TSBORG EQU $6F00 ADJUST PART OF TEST MODE
     6F00             (          RRF.ASM):00303         ADJV   EQU TSBORG
     6F03             (          RRF.ASM):00304         CMINIT EQU ADJV+3
     6F06             (          RRF.ASM):00305         ATMCK  EQU CMINIT+3
     6F09             (          RRF.ASM):00306         GETLT  EQU ATMCK+3     ROUTINE TO GET LETTERS FROM CONTROL PANEL
     6F0C             (          RRF.ASM):00307         CMSMVV EQU GETLT+3
     6F0F             (          RRF.ASM):00308         DOPMES EQU    CMSMVV+3   2 BYTER
                      (          RRF.ASM):00309         
     5F90             (          RRF.ASM):00310         TXORG  EQU    $5F90    PLACE FOR TEXT PROGRAM
     5F90             (          RRF.ASM):00311         PR35V  EQU    TXORG
     5F93             (          RRF.ASM):00312         PR57V  EQU    PR35V+3
     5F96             (          RRF.ASM):00313         WRD5V  EQU    PR57V+3
     5F99             (          RRF.ASM):00314         WRD7V  EQU    WRD5V+3
     5F9C             (          RRF.ASM):00315         PRINV  EQU    WRD7V+3
     5F9F             (          RRF.ASM):00316         PRSCR  EQU    PRINV+3
                      (          RRF.ASM):00317         
     5F96             (          RRF.ASM):00318         WRD5FV EQU    WRD5V
     5F99             (          RRF.ASM):00319         WRD7FV EQU    WRD7V
     5F90             (          RRF.ASM):00320         PRN5FV EQU    PR35V
     5F93             (          RRF.ASM):00321         PRN7FV EQU    PR57V
                      (          RRF.ASM):00322         
     E9C8             (          RRF.ASM):00323         SETORG EQU    $E9C8    CHARACTER SET
     E9C8             (          RRF.ASM):00324         TAB35  EQU    SETORG
     E9CA             (          RRF.ASM):00325         TAB57  EQU    TAB35+2
     E9CA             (          RRF.ASM):00326         N0V    EQU    TAB57  
                      (          RRF.ASM):00327         
                      (          RRF.ASM):00328         *
                      (          RRF.ASM):00329         *BASE PAGE RAM AREA
                      (          RRF.ASM):00330         *
                      (          RRF.ASM):00331          ORG $9800
     9800             (          RRF.ASM):00332         RAM EQU *
     98               (          RRF.ASM):00333          SETDP $98
                      (          RRF.ASM):00334         
9800                  (          RRF.ASM):00335         PCRAM RMB 16 PSEUDO COLOR RAM
9810                  (          RRF.ASM):00336         TIMER RMB 1  IRQ TIMER
9811                  (          RRF.ASM):00337         ACTIVE RMB    2        POINTER TO LIST OF CURRENTLY ACTIVE (SLEEPING) PROCS.
9813                  (          RRF.ASM):00338         FREE   RMB    2        POINTER TO LIST OF UNALLOCATED PROCESS SLEEP SPACE.
9815                  (          RRF.ASM):00339         CRPROC RMB    2        POINTER TO SLEEP AREA OF CURRENTLY EXECUTING PROCESS.
9817                  (          RRF.ASM):00340         OPTR RMB 2 MOTION OBJECT LIST POINTER
9819                  (          RRF.ASM):00341         OBPTR RMB 2 OBSTACLE LIST POINTER
981B                  (          RRF.ASM):00342         OFREE RMB 2 FREE LIST POINTER
981D                  (          RRF.ASM):00343         SPFREE RMB 2 SUPER PROCESS FREE LIST
981F                  (          RRF.ASM):00344         HPTR RMB 2 HUMAN PTR
9821                  (          RRF.ASM):00345         RPTR RMB 2 ROBOT LIST
9823                  (          RRF.ASM):00346         PPTR RMB 2 PHATAL OBJECT LIST
9825                  (          RRF.ASM):00347         ITEMP RMB 2 INTERUPT TEMP
9827                  (          RRF.ASM):00348         PSTIN RMB 2
9829                  (          RRF.ASM):00349         ITEMP2 RMB 2
982B                  (          RRF.ASM):00350         XTEMP  RMB 2 SAVE AREA FOR QUICK TEMPORARY
982D                  (          RRF.ASM):00351         XTEMP2 RMB 2
982F                  (          RRF.ASM):00352         PIA01 RMB 1 N-1 PIA0
9830                  (          RRF.ASM):00353         PIA02 RMB 1 N-2 PIA0
9831                  (          RRF.ASM):00354         PIA21 RMB 1 N-1 PIA2
9832                  (          RRF.ASM):00355         PIA22 RMB 1 N-2 PIA2
9833                  (          RRF.ASM):00356         SWPROC RMB 12 SWITCH SCAN TEMP
983F                  (          RRF.ASM):00357         CURPLR RMB 1 CURRENT
9840                  (          RRF.ASM):00358         PLRCNT RMB 1 NUMBER OF PLAYERS
9841                  (          RRF.ASM):00359         XXX2 RMB 1 '80' IRQ LINE
9842                  (          RRF.ASM):00360         OVCNT RMB 1 OVERFLOW COUNT
9843                  (          RRF.ASM):00361         IFLG RMB 1 IRQ FLAG
9844                  (          RRF.ASM):00362         FRAME RMB 1 IRQ COUNT
9845                  (          RRF.ASM):00363         RWCTMP RMB 1 SCREEN READ CONTROL BYTE
9846                  (          RRF.ASM):00364         REPLA RMB 2 REPLAY LEVEL
9848                  (          RRF.ASM):00365         PCFLG RMB 1 PLAYER COLLISION
9849                  (          RRF.ASM):00366         HTABX RMB 2 HUMAN TABLE INDEX
                      (          RRF.ASM):00367         *COIN BUSINESS
984B                  (          RRF.ASM):00368         SLMCNT RMB 1
984C                  (          RRF.ASM):00369         LCCNT RMB 1
984D                  (          RRF.ASM):00370         RCCNT RMB 1
984E                  (          RRF.ASM):00371         CCCNT RMB 1
984F                  (          RRF.ASM):00372         BUNITS RMB 1
9850                  (          RRF.ASM):00373         CUNITS RMB 1
9851                  (          RRF.ASM):00374         CREDIT RMB 1
                      (          RRF.ASM):00375         *ATTRACT SWITCHES: FONY PRAYAH CONTLOHL
9852                  (          RRF.ASM):00376         ATRSW2 RMB 1
9853                  (          RRF.ASM):00377         ATRSW3 RMB 1
                      (          RRF.ASM):00378         *SOUND RAM
9854                  (          RRF.ASM):00379         SNDX RMB 2 TABLE INDEX
9856                  (          RRF.ASM):00380         SNDPRI RMB 1 PRIORITY
9857                  (          RRF.ASM):00381         SNDTMR RMB 1
9858                  (          RRF.ASM):00382         SNDREP RMB 1
                      (          RRF.ASM):00383         *
                      (          RRF.ASM):00384         *STATUS FLAG
                      (          RRF.ASM):00385         *B7=GAME OVER
                      (          RRF.ASM):00386         *B6=
                      (          RRF.ASM):00387         *B5=
                      (          RRF.ASM):00388         *B4=PLAYER OUTPUT
                      (          RRF.ASM):00389         *B3=MOTION OBJS VEL +ENEMIES
                      (          RRF.ASM):00390         *B2=EXPLOSION UPDATE
                      (          RRF.ASM):00391         *B1=POST ,MOT OBJ REFRESH
                      (          RRF.ASM):00392         *B0=PLAYER MOTION,COLLISION,FIRE
9859                  (          RRF.ASM):00393         STATUS RMB 1
                      (          RRF.ASM):00394         *
                      (          RRF.ASM):00395         *PLAYER OBJECT STRUCTURE
                      (          RRF.ASM):00396         *
     985A             (          RRF.ASM):00397         PLOBJ EQU *
985A                  (          RRF.ASM):00398          RMB 2 OLINK
985C                  (          RRF.ASM):00399         PPICT RMB 2 OPICT
985E                  (          RRF.ASM):00400         PX RMB 2 OBJX
9860                  (          RRF.ASM):00401          RMB 2 OBJID
9862                  (          RRF.ASM):00402          RMB 2 OCVECT
9864                  (          RRF.ASM):00403         PX16 RMB 2  OX16
9866                  (          RRF.ASM):00404         PY16 RMB 2  OY16
9868                  (          RRF.ASM):00405         PXV RMB 2   OXV
986A                  (          RRF.ASM):00406         PYV RMB 2   OYV
986C                  (          RRF.ASM):00407          RMB 1 OFLAV
986D                  (          RRF.ASM):00408         PODATA RMB 1 ODATA
986E                  (          RRF.ASM):00409         POLDPC RMB 2 OLDPIC
9870                  (          RRF.ASM):00410         PLAIMC RMB 1 PLAYER ANIMATION RATE
9871                  (          RRF.ASM):00411         PLAIMN RMB 1 PLAYER ANIMATION NUMBER
9872                  (          RRF.ASM):00412         PLAIMB RMB 2 PLAYER ANIMATION BASE ADDR
                      (          RRF.ASM):00413         *
                      (          RRF.ASM):00414         *COLLISION ROUTINE PARAMETERS
                      (          RRF.ASM):00415         *
9874                  (          RRF.ASM):00416         XCNT RMB 1 SCAN COUNTS
9875                  (          RRF.ASM):00417         YCNT RMB 1
9876                  (          RRF.ASM):00418         OX1 RMB 1 OFFSETS
9877                  (          RRF.ASM):00419         OY1 RMB 1
9878                  (          RRF.ASM):00420         PX1 RMB 1
9879                  (          RRF.ASM):00421         PY1 RMB 1
987A                  (          RRF.ASM):00422         OBW RMB 1 HT TEMPS
987B                  (          RRF.ASM):00423         PLW RMB 1
987C                  (          RRF.ASM):00424         ULX RMB 1 UPPER LEFT COORD
987D                  (          RRF.ASM):00425         ULY RMB 1 "
987E                  (          RRF.ASM):00426         LRX RMB 1
987F                  (          RRF.ASM):00427         LRY RMB 1
9880                  (          RRF.ASM):00428         CTEMP RMB 2 INDEX TEMP
9882                  (          RRF.ASM):00429         CTEMP2 RMB 2
                      (          RRF.ASM):00430         *RANDOM VARIABLES
9884                  (          RRF.ASM):00431         SEED   RMB    1
9885                  (          RRF.ASM):00432         HSEED  RMB    1 
9886                  (          RRF.ASM):00433         LSEED  RMB    1
                      (          RRF.ASM):00434         *LASER
9887                  (          RRF.ASM):00435         LCNT RMB 1
9888                  (          RRF.ASM):00436         LASDIR RMB 2
                      (          RRF.ASM):00437         *SPARKS
988A                  (          RRF.ASM):00438         SPKCNT RMB 1
988B                  (          RRF.ASM):00439         ROBST RMB 2 PTR TO ROBOT LIST
988D                  (          RRF.ASM):00440         SAVCNT RMB 1 HUMAN COUNT SAVED
988E                  (          RRF.ASM):00441         BCMCNT RMB 1 BRAIN CRUISE MISSILES
                      (          RRF.ASM):00442         *POST ANIMATION+WALL COLOR
988F                  (          RRF.ASM):00443         WALCOL RMB 1 WALL+POST BG
9890                  (          RRF.ASM):00444         PSTCOL RMB 1 POST COLOR
9891                  (          RRF.ASM):00445         LASCOL RMB 1 LASER WALL COLLIDE COLOR
9892                  (          RRF.ASM):00446         PSTREF RMB 1 POST REFRESH RATE
9893                  (          RRF.ASM):00447         PSTANI RMB 2 CURR POST ANIMATION
9895                  (          RRF.ASM):00448         BRNFLG RMB 1 BRAIN HUMAN KILL FLAG
                      (          RRF.ASM):00449         *
                      (          RRF.ASM):00450         *EXPLOSION STUFF
9896                  (          RRF.ASM):00451         EXPRAM RMB $10
98A6                  (          RRF.ASM):00452         CENTMP RMB 2 CENTER OF BLOW
98A8                  (          RRF.ASM):00453         HXRAM RMB $10
98B8                  (          RRF.ASM):00454         DXRAM RMB $10
98C8                  (          RRF.ASM):00455         RMRAM RMB 6 MARQUEE RAM
                      (          RRF.ASM):00456         
                      (          RRF.ASM):00457         ************************ LINKYS STINKYS
                      (          RRF.ASM):00458         
98CE                  (          RRF.ASM):00459         INDIAG RMB    1
                      (          RRF.ASM):00460         
                      (          RRF.ASM):00461         *
                      (          RRF.ASM):00462         *      TEXT VARIABLES
                      (          RRF.ASM):00463         *
                      (          RRF.ASM):00464         
98CF                  (          RRF.ASM):00465         TEXCOL RMB    1 (TEXCOL)  PRINTING COLOR (NIBBLES REPRESENT FLAVOR COLO
98D0                  (          RRF.ASM):00466         TXFLAV RMB    1 (TXFLAV) FLAVOR OF CURRENT CURSOR (0=EVEN, 1=ODD)
98D1                  (          RRF.ASM):00467         TXLEAD RMB    1 (TXLEAD) LEAD ZERO BLANKING ON/OFF (0=OFF, 1=ON)
98D2                  (          RRF.ASM):00468         TXFONT RMB    1 (TXFONT) FONT HEIGHT (5 OR 7) PIXELS
98D3                  (          RRF.ASM):00469         TEXMAR RMB    2        CURRENT LEFT MARGIN CURSOR POINTER
98D5                  (          RRF.ASM):00470         TEXMFL RMB    1        CURRENT LEFT MARGIN FLAVOR
98D6                  (          RRF.ASM):00471         TEXTP3 RMB    1
98D7                  (          RRF.ASM):00472         TXCLIP RMB    1
                      (          RRF.ASM):00473         
                      (          RRF.ASM):00474         *
                      (          RRF.ASM):00475         ***    GET LETTER ROUTINE RAM
                      (          RRF.ASM):00476         *
                      (          RRF.ASM):00477         
98D8                  (          RRF.ASM):00478         GETLRM RMB    2
98DA                  (          RRF.ASM):00479         GETLST RMB    3
                      (          RRF.ASM):00480         
                      (          RRF.ASM):00481         ********************* LOGO RAM
                      (          RRF.ASM):00482         
98DD                  (          RRF.ASM):00483         LOGX   RMB    2
98DF                  (          RRF.ASM):00484         LOGCOL RMB    1
98E0                  (          RRF.ASM):00485         LOGCL2 RMB    1
98E1                  (          RRF.ASM):00486         LOGCNT RMB    1
98E2                  (          RRF.ASM):00487         LOGSAV RMB    2
98E4                  (          RRF.ASM):00488         LOGCST RMB    2
                      (          RRF.ASM):00489         
98E6                  (          RRF.ASM):00490         LASTX  RMB    2
98E8                  (          RRF.ASM):00491         SIDE   RMB    1
98E9                  (          RRF.ASM):00492         BALCOL RMB    1
98EA                  (          RRF.ASM):00493         SLIDER RMB    1
98EB                  (          RRF.ASM):00494         ERPTR  RMB    2
                      (          RRF.ASM):00495         *MOVE THIS SOMEDAY
98ED                  (          RRF.ASM):00496         ENFCNT RMB 1
98EE                  (          RRF.ASM):00497         GAMTIM RMB 1 GAME TIMER
98EF                  (          RRF.ASM):00498         TNKSPD RMB 1 TANK SPEED PARAMETER
98F0                  (          RRF.ASM):00499         SCRFLG RMB 1 SCORE FLAG
98F1                  (          RRF.ASM):00500         SHLCNT RMB 1 SHELL COUNTER
98F2                  (          RRF.ASM):00501         RIPFLG RMB 1                            
98F3                  (          RRF.ASM):00502         HCK1   RMB 1
98F4                  (          RRF.ASM):00503         ATFLAG RMB 1  INDICATE WHAT PAGE AND HOW
                      (          RRF.ASM):00504         
                      (          RRF.ASM):00505         *
                      (          RRF.ASM):00506         *TABLE DATA
                      (          RRF.ASM):00507         *
                      (          RRF.ASM):00508          ORG RAM+$100 PAST BASE PAGE
                      (          RRF.ASM):00509         *
                      (          RRF.ASM):00510         *MASTER OBJECT LIST
                      (          RRF.ASM):00511         *
     9900             (          RRF.ASM):00512         OLIST EQU * 
     0018             (          RRF.ASM):00513         OSIZE EQU $18
                      (          RRF.ASM):00514         *
                      (          RRF.ASM):00515         *INDEX OFFSETS
                      (          RRF.ASM):00516         *
     0000             (          RRF.ASM):00517         OLINK EQU 0 LINK TO NEXT
     0002             (          RRF.ASM):00518         OPICT EQU 2 PICTURE DESCRIPTOR ADDR
     0004             (          RRF.ASM):00519         OBJX EQU 4 UPPER LEFT SCREEN X
     0005             (          RRF.ASM):00520         OBJY EQU 5 UPPER LEFT SCREEN Y
     0006             (          RRF.ASM):00521         OBJID EQU 6 ASSOCIATED PROCESS ID (IF ANY)
     0008             (          RRF.ASM):00522         OCVECT EQU 8 COLLISION ROUTINE ADDR
     000A             (          RRF.ASM):00523         OX16 EQU $A 16 BIT X WORLD COORD
     000C             (          RRF.ASM):00524         OY16 EQU $C 16 BIT Y WORLD COORD
     000E             (          RRF.ASM):00525         OXV EQU $E X VELOCITY
     0010             (          RRF.ASM):00526         OYV EQU $10 Y VELOCITY
     0012             (          RRF.ASM):00527         OFLAV EQU $12 OLD FLAVOR
     0013             (          RRF.ASM):00528         ODATA EQU $13 MISC. DATA
     0014             (          RRF.ASM):00529         OLDPIC EQU $14 OLD PICTURE TO ERASE
     0016             (          RRF.ASM):00530         FONIPC EQU $16 FONY PICT FOR COLLISION PURPOSES
                      (          RRF.ASM):00531         *RESERVE AREA
9900                  (          RRF.ASM):00532          RMB (180)*OSIZE
     A9E0             (          RRF.ASM):00533         OLEND EQU *
                      (          RRF.ASM):00534         *
                      (          RRF.ASM):00535         *USER DEFINED PROCESS TYPES
                      (          RRF.ASM):00536         *
     0000             (          RRF.ASM):00537         STYPE EQU 0 SYSTEM PROCESS
     0001             (          RRF.ASM):00538         CTYPE EQU 1 COIN
                      (          RRF.ASM):00539         *
                      (          RRF.ASM):00540         *SLEEPING PROCESS TABLE
                      (          RRF.ASM):00541         *
     A9E0             (          RRF.ASM):00542         PTAB EQU *
                      (          RRF.ASM):00543         *
                      (          RRF.ASM):00544         *OFFSET CONSTANTS 
                      (          RRF.ASM):00545         *
     0000             (          RRF.ASM):00546         PLINK EQU 0
     0002             (          RRF.ASM):00547         PADDR EQU 2
     0004             (          RRF.ASM):00548         PTIME EQU 4
     0005             (          RRF.ASM):00549         PTYPE EQU 5
     0006             (          RRF.ASM):00550         PCOD EQU 6
     0007             (          RRF.ASM):00551         PDATA EQU 7
     0007             (          RRF.ASM):00552         PD EQU 7
     0008             (          RRF.ASM):00553         PD1 EQU 8
     0009             (          RRF.ASM):00554         PD2 EQU 9
     000A             (          RRF.ASM):00555         PD3 EQU 10
     000B             (          RRF.ASM):00556         PD4 EQU 11
     000C             (          RRF.ASM):00557         PD5 EQU 12
     000D             (          RRF.ASM):00558         PD6 EQU 13
     000E             (          RRF.ASM):00559         PD7 EQU 14
     000F             (          RRF.ASM):00560         PSIZE EQU 15
A9E0                  (          RRF.ASM):00561          RMB 15*(120)
     B0E8             (          RRF.ASM):00562         TABEND EQU *
                      (          RRF.ASM):00563         *
                      (          RRF.ASM):00564         *SUPER PROCESSES
                      (          RRF.ASM):00565         *
     001F             (          RRF.ASM):00566         SPSIZE EQU PSIZE+16
B0E8                  (          RRF.ASM):00567         SPTAB RMB SPSIZE*20
     B354             (          RRF.ASM):00568         SPTEND EQU *
                      (          RRF.ASM):00569         *
                      (          RRF.ASM):00570         *OBJECT PICTURE STRUCTURE
                      (          RRF.ASM):00571         *
     0000             (          RRF.ASM):00572         OBJW EQU 0
     0001             (          RRF.ASM):00573         OBJH EQU 1
     0002             (          RRF.ASM):00574         OBJDAT EQU 2
     0004             (          RRF.ASM):00575         OBJL EQU 4
                      (          RRF.ASM):00576         *
                      (          RRF.ASM):00577         *HUMAN TABLE
                      (          RRF.ASM):00578         *
B354                  (          RRF.ASM):00579         HTAB RMB 80
     B3A4             (          RRF.ASM):00580         HTBEND EQU *
                      (          RRF.ASM):00581         *
                      (          RRF.ASM):00582         *POST REFRESH LIST
                      (          RRF.ASM):00583         *
B3A4                  (          RRF.ASM):00584         PSLIST RMB 64 POST LIST
     B3E4             (          RRF.ASM):00585         PSLEND EQU *
                      (          RRF.ASM):00586         *
                      (          RRF.ASM):00587         *HORIZONTAL EXPLOSION TABLES
                      (          RRF.ASM):00588         *
B3E4                  (          RRF.ASM):00589         HXTAB RMB $800
                      (          RRF.ASM):00590         
                      (          RRF.ASM):00591         *
                      (          RRF.ASM):00592         *DIAGONAL XPLOSION TABLES
                      (          RRF.ASM):00593         *
BBE4                  (          RRF.ASM):00594         DXTAB RMB $200
                      (          RRF.ASM):00595         *
                      (          RRF.ASM):00596         *PLAYER DATA TABLE
                      (          RRF.ASM):00597         *
     BDE4             (          RRF.ASM):00598         PLDATA EQU *
BDE4                  (          RRF.ASM):00599         ZP1SCR RMB 4 SCORE MSB 1ST
BDE8                  (          RRF.ASM):00600         ZP1RP RMB 4 NEXT REPLAY LEVEL
BDEC                  (          RRF.ASM):00601         ZP1LAS RMB 1 #OF LASERS 
BDED                  (          RRF.ASM):00602         ZP1WAV RMB 1 WAVE # IN HEX
BDEE                  (          RRF.ASM):00603         ZP1ENM RMB 50 ENEMY STATE
     BE20             (          RRF.ASM):00604         ZP1END EQU *
BE20                  (          RRF.ASM):00605         ZP2SCR RMB 4
BE24                  (          RRF.ASM):00606         ZP2RP RMB 4
BE28                  (          RRF.ASM):00607         ZP2LAS RMB 1
BE29                  (          RRF.ASM):00608         ZP2WAV RMB 1
BE2A                  (          RRF.ASM):00609         ZP2ENM RMB 50
     BE5C             (          RRF.ASM):00610         PLDEND EQU * END OF PLAYER DATA
     003C             (          RRF.ASM):00611         PLDLEN EQU ZP1END-PLDATA
     0000             (          RRF.ASM):00612         PSCOR EQU ZP1SCR-PLDATA
     0004             (          RRF.ASM):00613         PRPLA EQU ZP1RP-PLDATA
     0008             (          RRF.ASM):00614         PLAS EQU ZP1LAS-PLDATA
     0009             (          RRF.ASM):00615         PWAV EQU ZP1WAV-PLDATA
     000A             (          RRF.ASM):00616         PENEMY EQU ZP1ENM-PLDATA
                      (          RRF.ASM):00617         *
                      (          RRF.ASM):00618         *ENEMIES LIST
                      (          RRF.ASM):00619         *WARNING DO NOT CHANGE ORDER OF COUNTS
     BE5C             (          RRF.ASM):00620         ELIST EQU *
BE5C                  (          RRF.ASM):00621         ROBSPD RMB 1  SPEED
BE5D                  (          RRF.ASM):00622         RMXSPD RMB 1 MAX ROBOT SPEED
BE5E                  (          RRF.ASM):00623         ENFNUM RMB 1 # OF ENFORCERS/CIRCLE X2
BE5F                  (          RRF.ASM):00624         ENSTIM RMB 1 ENF SHOT TIMER
BE60                  (          RRF.ASM):00625         CDPTIM RMB 1 CIRCLE DROP TIMER
BE61                  (          RRF.ASM):00626         HLKSPD RMB 1 HULK SPEED
BE62                  (          RRF.ASM):00627         BSHTIM RMB 1 BRAIN SHOT TIMER
BE63                  (          RRF.ASM):00628         BRNSPD RMB 1 BRAIN SPEED
BE64                  (          RRF.ASM):00629         TNKSHT RMB 1  TANK SHOT RATE
BE65                  (          RRF.ASM):00630         SHLSPD RMB 1  SHELL SPEED
BE66                  (          RRF.ASM):00631         TDPTIM RMB 1  TANK DROP TIMR
BE67                  (          RRF.ASM):00632         SQSPD RMB 1   SQUARE SPEED
     BE68             (          RRF.ASM):00633         ECNTS EQU * START COUNTS
BE68                  (          RRF.ASM):00634         ROBCNT RMB 1 # ROBOTS
BE69                  (          RRF.ASM):00635         PSTCNT RMB 1 # POSTS
BE6A                  (          RRF.ASM):00636         MOMCNT RMB 1 # MOM UNITS
BE6B                  (          RRF.ASM):00637         DADCNT RMB 1 # DAD UNITS
BE6C                  (          RRF.ASM):00638         KIDCNT RMB 1 # KIDS
BE6D                  (          RRF.ASM):00639         HLKCNT RMB 1 # HULKS
BE6E                  (          RRF.ASM):00640         BRNCNT RMB 1 # BRAINS
BE6F                  (          RRF.ASM):00641         CIRCNT RMB 1 # CIRCLES
BE70                  (          RRF.ASM):00642         SQCNT RMB 1 # SQUARES
BE71                  (          RRF.ASM):00643         TNKCNT RMB 1 # TANKS
     BE72             (          RRF.ASM):00644         ELEND EQU *
BE72                  (          RRF.ASM):00645         HCK2 RMB 1
                      (          RRF.ASM):00646         *
                      (          RRF.ASM):00647         * CMOS RAM ALLOCATION
                      (          RRF.ASM):00648         *
                      (          RRF.ASM):00649          ORG CMOS+$100     WRITABLE CMOS  
CD00                  (          RRF.ASM):00650         CREDST RMB 2 CREDITS BACKUP
CD02                  (          RRF.ASM):00651         SLOT1 RMB 6 1 LEFT COIN TOTAL
CD08                  (          RRF.ASM):00652               RMB 6 2 CENTER COIN TOTAL
CD0E                  (          RRF.ASM):00653               RMB 6 3 RIGHT COIN TOTAL
CD14                  (          RRF.ASM):00654                RMB 6 4 TOTAL PAID CREDITS
CD1A                  (          RRF.ASM):00655                RMB 6 5 TOTAL REPLAYS
CD20                  (          RRF.ASM):00656         BKTIME RMB 6 6 FLIGHT TIME IN MINS
CD26                  (          RRF.ASM):00657         BKMEN  RMB 6 7 TOTAL SHIPS PLAYED
CD2C                  (          RRF.ASM):00658         BKPLAY RMB 6 8 TOTAL GAMES PLAYED
     CD32             (          RRF.ASM):00659         BKEND  EQU    *        END OF BOOKKEEPING STUFF
     000E             (          RRF.ASM):00660         SCRSIZ EQU 14 NUMBER OF NIBBLES IN A SCORE ENTRY
CD32                  (          RRF.ASM):00661         GODINT RMB 6
CD38                  (          RRF.ASM):00662         GODSCR RMB 48   
CD68                  (          RRF.ASM):00663         CMSCOR RMB 37*SCRSIZ   37 BACKED UP SCORES, 36 OF WHICH ARE VISIBLE
CF6E                  (          RRF.ASM):00664         TODAYS RMB 10*SCRSIZ     TODAYS GREATEST
     CFFA             (          RRF.ASM):00665         TODEND EQU *
                      (          RRF.ASM):00666          ORG CMOS  ADEQUATE BIRTH CONTROL PROTECTION
CC00                  (          RRF.ASM):00667         REPLAY RMB 2 REPLAY LEVEL
CC02                  (          RRF.ASM):00668         NSHIP RMB 2 # OF SHIPS/1 CREDIT GAME
CC04                  (          RRF.ASM):00669         COINSL RMB 2 FOR COINAGE SELECT MODE
CC06                  (          RRF.ASM):00670         SLOT1M RMB 2 LEFT COIN MULT
CC08                  (          RRF.ASM):00671         SLOT2M RMB 2 CENTER COIN MULT
CC0A                  (          RRF.ASM):00672         SLOT3M RMB 2 RIGHT COIN MULT
CC0C                  (          RRF.ASM):00673         CUNITC RMB 2 COIN UNITS PER CREDIT
CC0E                  (          RRF.ASM):00674         CUNITB RMB 2 COIN UNITS FOR BONUS
CC10                  (          RRF.ASM):00675         MINUNT RMB 2 MINIMUM REQD
CC12                  (          RRF.ASM):00676         FREEPL RMB 2 FREE PLAY MODE       (ONE CREDIT GAME)     
CC14                  (          RRF.ASM):00677         GA1 RMB 2 10 MASTER DIFFICULTY CONTROL               1
CC16                  (          RRF.ASM):00678         GA2 RMB 2 NUMBER OF LETTERS ALLOWED TO GOD           10
CC18                  (          RRF.ASM):00679         SPECFN RMB 2  RESTORE FACTORY SETTINGS
CC1A                  (          RRF.ASM):00680          RMB 2  CLEAR AUDIT TOTALS
CC1C                  (          RRF.ASM):00681          RMB 2  INITIALIZE HIGH SCORE TABLE
CC1E                  (          RRF.ASM):00682          RMB 2  INTIATE AUTO CYCLE
CC20                  (          RRF.ASM):00683          RMB 2  ENTER ATTRACT MODE MESSAGE
CC22                  (          RRF.ASM):00684          RMB 2  ENTER HIGHEST SCORE NAME
     CC24             (          RRF.ASM):00685         ENDADJ EQU *
CC24                  (          RRF.ASM):00686         OPMESS RMB 100  2 LINES OF 25 CHARS EACH.
CC88                  (          RRF.ASM):00687         OPL1 RMB 2
CC8A                  (          RRF.ASM):00688         OPL2 RMB 2
CC8C                  (          RRF.ASM):00689         ADJSUM RMB 2
CC8E                  (          RRF.ASM):00690         OMESUM RMB 2
                      (          RRF.ASM):00691         
                      (          RRF.ASM):00692         *
                      (          RRF.ASM):00693         *M A C R O S
                      (          RRF.ASM):00694         *
CC90                  (          RRF.ASM):00695         NAP    MACRO
                      (          RRF.ASM):00696                LDA #\1 TIME
                      (          RRF.ASM):00697                LDX #\2 WAKEUP ADDR
                      (          RRF.ASM):00698                JMP    SLEEP  
                      (          RRF.ASM):00699                ENDM
                      (          RRF.ASM):00700         *
                      (          RRF.ASM):00701         *MAKE A NEW PROCESS
                      (          RRF.ASM):00702         *
CC90                  (          RRF.ASM):00703         NEWP MACRO
                      (          RRF.ASM):00704          LDX #\1 ADDR
                      (          RRF.ASM):00705          LDA #\2 TYPE
                      (          RRF.ASM):00706          JSR MKPROC
                      (          RRF.ASM):00707          ENDM
                      (          RRF.ASM):00708         *INIT PROCESS \0=SADDR 
CC90                  (          RRF.ASM):00709         MAKP MACRO
                      (          RRF.ASM):00710          JSR MAKEP
                      (          RRF.ASM):00711          FDB \1
                      (          RRF.ASM):00712          ENDM
                      (          RRF.ASM):00713         *MAKE A PROCESS AND OBJECT
CC90                  (          RRF.ASM):00714         MKPROB MACRO
                      (          RRF.ASM):00715          JSR MPROB
                      (          RRF.ASM):00716          FDB \1,\2,\3
                      (          RRF.ASM):00717          ENDM
                      (          RRF.ASM):00718         
                      (wasm/src/RRT2.ASM):00003         *  OPT LIS
                      (wasm/src/RRT2.ASM):00004         *  STTL TRANSPORTER.........
     0000             (wasm/src/RRT2.ASM):00005         OPOINT EQU    0
     0002             (wasm/src/RRT2.ASM):00006         OW     EQU    OPOINT+2    OFFSETS IN MEMORY BLOCK 
     0003             (wasm/src/RRT2.ASM):00007         OH     EQU    OW+1
     0004             (wasm/src/RRT2.ASM):00008         OPT    EQU    OH+1      POINTER TO RAM DATA TO BE USED BY DMA
     0006             (wasm/src/RRT2.ASM):00009         PICPTR EQU    OPT+2    OBJECT                             
     0008             (wasm/src/RRT2.ASM):00010         BYTCNT EQU    PICPTR+2 NUMBER OF BYTES IN OBJECT
     0009             (wasm/src/RRT2.ASM):00011         FRPTR  EQU    BYTCNT+1 POINTER TO CURRENT FRAME
     000B             (wasm/src/RRT2.ASM):00012         GLTPTR EQU    FRPTR+2 
     000D             (wasm/src/RRT2.ASM):00013         DATA   EQU    GLTPTR+2  DATA AREA 1 IS THIS DISTANCE INTO SECOND BLOCK
     0081             (wasm/src/RRT2.ASM):00014         BKSIZE EQU    116+DATA    SIZE OF ALLOCATION BLOCKS 
                      (wasm/src/RRT2.ASM):00015          ORG HXTAB
B3E4                  (wasm/src/RRT2.ASM):00016         FREEP  RMB    2
B3E6                  (wasm/src/RRT2.ASM):00017         TRPTR  RMB    2
B3E8                  (wasm/src/RRT2.ASM):00018         GTEMP  RMB    2
B3EA                  (wasm/src/RRT2.ASM):00019         BYTES  RMB    1
B3EB                  (wasm/src/RRT2.ASM):00020         LAST   RMB    2
     B3ED             (wasm/src/RRT2.ASM):00021         TRRAM  EQU    *
B3ED                  (wasm/src/RRT2.ASM):00022                RMB    10*BKSIZE
     B8F7             (wasm/src/RRT2.ASM):00023         TREND  EQU    *
                      (wasm/src/RRT2.ASM):00024         
                      (wasm/src/RRT2.ASM):00025                ORG    RTORG    PLACE TO RUN THE CODE FROM
4140 7E459B           (wasm/src/RRT2.ASM):00026          JMP TRNSTV
                      (wasm/src/RRT2.ASM):00027         
                      (wasm/src/RRT2.ASM):00028         *****    T R A N S P O R T E R
                      (wasm/src/RRT2.ASM):00029         *SOUNDS
4143 FF01011300       (wasm/src/RRT2.ASM):00030         TR1SND FCB $FF,$01,$01,$13,0  CLEAR THE SYSTEM
                      (wasm/src/RRT2.ASM):00031         
                      (wasm/src/RRT2.ASM):00032         *      COLORS FOR PIXEL GLITTER
                      (wasm/src/RRT2.ASM):00033         
4148 9922551199225511 (wasm/src/RRT2.ASM):00034         GLIT0  FCB    $99,$22,$55,$11,$99,$22,$55,$11,$99,$22  WH,RED,YEL,ORANG
     9922
4152 5511992255119922 (wasm/src/RRT2.ASM):00035                FCB    $55,$11,$99,$22,$55,$11,$99,$22,$55,$11 
     5511
415C AACCAACCAACCAACC (wasm/src/RRT2.ASM):00036         GLIT1  FCB    $AA,$CC,$AA,$CC,$AA,$CC,$AA,$CC,$AA,$CC  CY,CY
     AACC
4166 AACCAACCAACCAACC (wasm/src/RRT2.ASM):00037                FCB    $AA,$CC,$AA,$CC,$AA,$CC,$AA,$CC,$AA,$CC 
     AACC
4170 9977997799779977 (wasm/src/RRT2.ASM):00038         GLIT2  FCB    $99,$77,$99,$77,$99,$77,$99,$77,$99,$77  WH,BL
     9977
417A 9977997799779977 (wasm/src/RRT2.ASM):00039                FCB    $99,$77,$99,$77,$99,$77,$99,$77,$99,$77
     9977
4184 1155115511551155 (wasm/src/RRT2.ASM):00040         GLIT3  FCB    $11,$55,$11,$55,$11,$55,$11,$55,$11,$55  RED,YEL
     1155
418E 1155115511551155 (wasm/src/RRT2.ASM):00041                FCB    $11,$55,$11,$55,$11,$55,$11,$55,$11,$55
     1155
4198 FFEEDDCCBBAAFFEE (wasm/src/RRT2.ASM):00042         GLIT4  FCB    $FF,$EE,$DD,$CC,$BB,$AA,$FF,$EE,$DD,$CC
     DDCC
41A2 BBAAFFEEDDCCBBAA (wasm/src/RRT2.ASM):00043                FCB    $BB,$AA,$FF,$EE,$DD,$CC,$BB,$AA,$FF,$EE
     FFEE
41AC 116677BBAA116677 (wasm/src/RRT2.ASM):00044         GLIT5  FCB    $11,$66,$77,$BB,$AA,$11,$66,$77,$BB,$AA
     BBAA
41B6 116677BBAA116677 (wasm/src/RRT2.ASM):00045                FCB    $11,$66,$77,$BB,$AA,$11,$66,$77,$BB,$AA          
     BBAA
41C0 33553355AA335533 (wasm/src/RRT2.ASM):00046         GLIT6  FCB    $33,$55,$33,$55,$AA,$33,$55,$33,$55,$AA  PURP,YEL + SOME WH.
     55AA
41CA 33553355AA335533 (wasm/src/RRT2.ASM):00047                FCB    $33,$55,$33,$55,$AA,$33,$55,$33,$55,$AA
     55AA
                      (wasm/src/RRT2.ASM):00048         
41D4 4148             (wasm/src/RRT2.ASM):00049         GLITAB FDB    GLIT0
41D6 415C             (wasm/src/RRT2.ASM):00050                FDB    GLIT1
41D8 4170             (wasm/src/RRT2.ASM):00051                FDB    GLIT2
41DA 4184             (wasm/src/RRT2.ASM):00052                FDB    GLIT3
41DC 4198             (wasm/src/RRT2.ASM):00053                FDB    GLIT4
41DE 41AC             (wasm/src/RRT2.ASM):00054                FDB    GLIT5    
41E0 41C0             (wasm/src/RRT2.ASM):00055                FDB    GLIT6
41E2 4198             (wasm/src/RRT2.ASM):00056                FDB    GLIT4
                      (wasm/src/RRT2.ASM):00057         
41E4 20434F5059524947 (wasm/src/RRT2.ASM):00058                FCC    ' COPYRIGHT 1982 WILLIAMS ELECTRONICS INC. '
     4854203139383220
     57494C4C49414D53
     20454C454354524F
     4E49435320494E43
     2E20
                      (wasm/src/RRT2.ASM):00059         
420E 3430             (wasm/src/RRT2.ASM):00060         TRINIT PSHS   X,Y 
4210 8EB3ED           (wasm/src/RRT2.ASM):00061                LDX    #TRRAM   POINT AT FIRST BLOCK
4213 BFB3E4           (wasm/src/RRT2.ASM):00062                STX    FREEP    FREE LIST
4216 31890081         (wasm/src/RRT2.ASM):00063         TRIN0  LEAY   BKSIZE,X FIND NEXT BLOCK
421A 10AF84           (wasm/src/RRT2.ASM):00064                STY    ,X       MAKE THIS ONE POINT AT NEXT ONE
421D 108CB8F7         (wasm/src/RRT2.ASM):00065                CMPY   #TREND   DID WE JUST POINT AT NON EXISTANT??
4221 2404             (wasm/src/RRT2.ASM):00066                BHS    TRIN1    YEP
4223 30A4             (wasm/src/RRT2.ASM):00067                LEAX   ,Y       NOW POINT AT NEXT
4225 20EF             (wasm/src/RRT2.ASM):00068                BRA    TRIN0
4227 108E0000         (wasm/src/RRT2.ASM):00069         TRIN1  LDY    #0       END OF THE LINE
422B 10AF84           (wasm/src/RRT2.ASM):00070                STY    ,X
422E 10BFB3E6         (wasm/src/RRT2.ASM):00071                STY    TRPTR    NO ONE ON LIST
4232 35B0             (wasm/src/RRT2.ASM):00072                PULS   X,Y,PC
                      (wasm/src/RRT2.ASM):00073         
                      (wasm/src/RRT2.ASM):00074         *      ONDRV  -  TRANSPORT GUY ON...
                      (wasm/src/RRT2.ASM):00075         *      X = POINTER TO H,W,DATA_POINTER 
                      (wasm/src/RRT2.ASM):00076         *      X RETURNS POINTER TO RAM IMAGE TO REFRESH
                      (wasm/src/RRT2.ASM):00077         
4234 3466             (wasm/src/RRT2.ASM):00078         TRSTRT PSHS   Y,D,U    
4236 8D37             (wasm/src/RRT2.ASM):00079                BSR    GETBLK   GET A DATA BLOCK
4238 2527             (wasm/src/RRT2.ASM):00080                BCS    ONBYE    NO BLOCKS...BYE
423A 10BFB3E6         (wasm/src/RRT2.ASM):00081         ONDRV0 STY    TRPTR    PUT THE MAIN MAN ON THE LIST
423E AF26             (wasm/src/RRT2.ASM):00082                STX    PICPTR,Y SAVE PICTURE POINTER
4240 EC84             (wasm/src/RRT2.ASM):00083                LDD    ,X       GET W,H
4242 ED22             (wasm/src/RRT2.ASM):00084                STD    OW,Y     STORE THEM
4244 3D               (wasm/src/RRT2.ASM):00085                MUL             FORM BYTE COUNT
4245 E728             (wasm/src/RRT2.ASM):00086                STB    BYTCNT,Y AND SAVE
4247 332D             (wasm/src/RRT2.ASM):00087                LEAU   DATA,Y   FIND WHERE DATA WILL START
4249 EF24             (wasm/src/RRT2.ASM):00088                STU    OPT,Y
424B 8D16             (wasm/src/RRT2.ASM):00089                BSR    CLRM     CLEAR MEMORY IN ALLOCATED BLOCK    
424D CE4338           (wasm/src/RRT2.ASM):00090                LDU    #TRNTAB  APPEAR TABLE TO BE USED
4250 EF29             (wasm/src/RRT2.ASM):00091                STU    FRPTR,Y  FIRST FRAME
4252 BDD039           (wasm/src/RRT2.ASM):00092                JSR    RAND     GET RANDOM GLITTER
4255 8407             (wasm/src/RRT2.ASM):00093                ANDA   #$7
4257 48               (wasm/src/RRT2.ASM):00094                ASLA
4258 CE41D4           (wasm/src/RRT2.ASM):00095                LDU    #GLITAB
425B ECC6             (wasm/src/RRT2.ASM):00096                LDD    A,U
425D ED2B             (wasm/src/RRT2.ASM):00097                STD    GLTPTR,Y
425F 3022             (wasm/src/RRT2.ASM):00098                LEAX   OW,Y     THIS LOOKS LIKE AN OBJECT...RETURN IT 
4261 35E6             (wasm/src/RRT2.ASM):00099         ONBYE  PULS   Y,U,D,PC PULL IT ALL AND RETURN
                      (wasm/src/RRT2.ASM):00100         
4263 3426             (wasm/src/RRT2.ASM):00101         CLRM   PSHS   D,Y
4265 10AE24           (wasm/src/RRT2.ASM):00102                LDY    OPT,Y
4268 6FA0             (wasm/src/RRT2.ASM):00103         CLRM1  CLR    ,Y+            CLEAR A BYTE
426A 5A               (wasm/src/RRT2.ASM):00104                DECB
426B 26FB             (wasm/src/RRT2.ASM):00105                BNE    CLRM1
426D 35A6             (wasm/src/RRT2.ASM):00106                PULS   PC,D,Y
                      (wasm/src/RRT2.ASM):00107         
426F 3410             (wasm/src/RRT2.ASM):00108         GETBLK PSHS   X  
4271 10BEB3E4         (wasm/src/RRT2.ASM):00109                LDY    FREEP
4275 270E             (wasm/src/RRT2.ASM):00110                BEQ    GETERR
4277 AEA4             (wasm/src/RRT2.ASM):00111                LDX    ,Y       GET NEXT
4279 BFB3E4           (wasm/src/RRT2.ASM):00112                STX    FREEP    MAKE LIST
427C BEB3E6           (wasm/src/RRT2.ASM):00113                LDX    TRPTR    GET CURRENT LIST
427F AFA4             (wasm/src/RRT2.ASM):00114                STX    ,Y       POINT AT IT
4281 1CFE             (wasm/src/RRT2.ASM):00115                CLC
4283 3590             (wasm/src/RRT2.ASM):00116                PULS   X,PC  
4285 1A01             (wasm/src/RRT2.ASM):00117         GETERR SEC
4287 3590             (wasm/src/RRT2.ASM):00118                PULS    X,PC
                      (wasm/src/RRT2.ASM):00119         
                      (wasm/src/RRT2.ASM):00120         *      Y BLOCK FOR OBJECT TO UPDATE
                      (wasm/src/RRT2.ASM):00121         *      X RETURNS PICPTR FOR OBJECT
                      (wasm/src/RRT2.ASM):00122         *      U RETURNS TRANS TABLE POINTER
                      (wasm/src/RRT2.ASM):00123         
4289 AE29             (wasm/src/RRT2.ASM):00124         TMAKE  LDX    FRPTR,Y  GET FRAME POINTER 
428B 3410             (wasm/src/RRT2.ASM):00125                PSHS   X        AND SAVE IT SO WE MAY STILL USE U
428D 3001             (wasm/src/RRT2.ASM):00126                LEAX   1,X      KICK FRAM COUNTER
428F AF29             (wasm/src/RRT2.ASM):00127                STX    FRPTR,Y
4291 9684             (wasm/src/RRT2.ASM):00128                LDA    SEED
4293 8407             (wasm/src/RRT2.ASM):00129                ANDA   #$7
4295 AE2B             (wasm/src/RRT2.ASM):00130                LDX    GLTPTR,Y GET THE GLITTER POINTER
4297 3086             (wasm/src/RRT2.ASM):00131                LEAX   A,X      ADD THE RANDOM GUY
4299 BFB3E8           (wasm/src/RRT2.ASM):00132                STX    GTEMP    AND PUT IT IN RAM       
429C AE26             (wasm/src/RRT2.ASM):00133                LDX    PICPTR,Y LOAD THE ACTUAL PICTURE POINTER
429E E628             (wasm/src/RRT2.ASM):00134                LDB    BYTCNT,Y LOAD THE BYTE COUNT IN THE OBJECT
42A0 35C0             (wasm/src/RRT2.ASM):00135                PULS   U,PC     PUT THE FRAME POINTER IN U AND RETURN
                      (wasm/src/RRT2.ASM):00136         
                      (wasm/src/RRT2.ASM):00137         *      TRNSPT - X POINTS AT DATA FOR OBJECT
                      (wasm/src/RRT2.ASM):00138         *               Y POINTS AT DATA AREA
                      (wasm/src/RRT2.ASM):00139         *               B CONTAINS BYTES IN OBJECT
                      (wasm/src/RRT2.ASM):00140         *               U EQUALS CURRENT TRANSPORT FRAME
                      (wasm/src/RRT2.ASM):00141         
42A2 3476             (wasm/src/RRT2.ASM):00142         TRNSPT PSHS   D,U,Y,X    
42A4 AE02             (wasm/src/RRT2.ASM):00143                LDX    2,X            POINT AT DATA TEMPLATE
42A6 10AE24           (wasm/src/RRT2.ASM):00144                LDY    OPT,Y          POINT AT PHONEY OBJECT
42A9 A6C4             (wasm/src/RRT2.ASM):00145                LDA    ,U             GET THE FRAME NUMBER
42AB 2A13             (wasm/src/RRT2.ASM):00146                BPL    XON            TRANS EM ON THIS FRAME
42AD 847F             (wasm/src/RRT2.ASM):00147                ANDA   #$7F           TAKE OFF BIT AWAY.
42AF BD42F5           (wasm/src/RRT2.ASM):00148                JSR    GETGRP         GET THE GROUP POINTER IN U.
42B2 ECC1             (wasm/src/RRT2.ASM):00149         POFF0  LDD    ,U++           GET THE NEXT POINT
42B4 B1B3EA           (wasm/src/RRT2.ASM):00150                CMPA   BYTES          CHECK BYTE NUMBER
42B7 241C             (wasm/src/RRT2.ASM):00151                BHS    TRNDUN         TOO LARGE TO BE IN THIS PICTURE
42B9 53               (wasm/src/RRT2.ASM):00152                COMB                  TAKE AWAY TO TURN OFF.
42BA E4A6             (wasm/src/RRT2.ASM):00153                ANDB   A,Y
42BC E7A6             (wasm/src/RRT2.ASM):00154                STB    A,Y            
42BE 20F2             (wasm/src/RRT2.ASM):00155                BRA    POFF0
42C0 8540             (wasm/src/RRT2.ASM):00156         XON    BITA   #$40         GLITTER FRAME??
42C2 2613             (wasm/src/RRT2.ASM):00157                BNE    XONG         THEN GET OUT OF HERE!
42C4 8D2F             (wasm/src/RRT2.ASM):00158                BSR    GETGRP
42C6 ECC1             (wasm/src/RRT2.ASM):00159         PON0   LDD    ,U++
42C8 B1B3EA           (wasm/src/RRT2.ASM):00160                CMPA   BYTES 
42CB 2408             (wasm/src/RRT2.ASM):00161                BHS    TRNDUN
42CD E486             (wasm/src/RRT2.ASM):00162                ANDB   A,X            GET WHAT THE BYTE LOOKS LIKE
42CF EAA6             (wasm/src/RRT2.ASM):00163                ORB   A,Y            OR IT IN (IT WAS OFF)
42D1 E7A6             (wasm/src/RRT2.ASM):00164                STB    A,Y
42D3 20F1             (wasm/src/RRT2.ASM):00165                BRA    PON0
42D5 35F6             (wasm/src/RRT2.ASM):00166         TRNDUN PULS   D,PC,U,X,Y    
                      (wasm/src/RRT2.ASM):00167         
42D7 843F             (wasm/src/RRT2.ASM):00168         XONG   ANDA   #$3F           TAKE AWAY GLITTER BIT 
42D9 8D1A             (wasm/src/RRT2.ASM):00169                BSR    GETGRP
42DB ECC1             (wasm/src/RRT2.ASM):00170         PON0G  LDD    ,U++
42DD B1B3EA           (wasm/src/RRT2.ASM):00171                CMPA   BYTES 
42E0 24F3             (wasm/src/RRT2.ASM):00172                BHS    TRNDUN
42E2 E486             (wasm/src/RRT2.ASM):00173                ANDB   A,X            GET WHAT THE BYTE LOOKS LIKE
42E4 27F5             (wasm/src/RRT2.ASM):00174                BEQ    PON0G          NOTHING THERE...DONE WITH THE BYTE
42E6 E69FB3E8         (wasm/src/RRT2.ASM):00175                LDB    [GTEMP]        GET THE CURRENT GLITTER BYTE
42EA 7CB3E9           (wasm/src/RRT2.ASM):00176                INC    GTEMP+1        KICK GLITTER POINTER
                      (wasm/src/RRT2.ASM):00177         ****************************************************************************
                      (wasm/src/RRT2.ASM):00178         *      BNE    PON1G          DIDN'T WRAP                  THESE 2 INSTRUCTIO
                      (wasm/src/RRT2.ASM):00179         *      INC    GTEMP                           ARE SUPERFLOUS FOR MOST ADDRS
                      (wasm/src/RRT2.ASM):00180         ****************************************************************************
42ED E45F             (wasm/src/RRT2.ASM):00181         PON1G  ANDB   -1,U
42EF EAA6             (wasm/src/RRT2.ASM):00182                ORB   A,Y            OR IT IN (IT WAS OFF)
42F1 E7A6             (wasm/src/RRT2.ASM):00183                STB    A,Y
42F3 20E6             (wasm/src/RRT2.ASM):00184                BRA    PON0G
                      (wasm/src/RRT2.ASM):00185         
42F5 CE43BB           (wasm/src/RRT2.ASM):00186         GETGRP LDU    #GRPLST        GROUP TABLE
42F8 4A               (wasm/src/RRT2.ASM):00187                DECA                  MAKE 1-12, 0-11
42F9 48               (wasm/src/RRT2.ASM):00188                ASLA      
42FA EEC6             (wasm/src/RRT2.ASM):00189                LDU    A,U
42FC F7B3EA           (wasm/src/RRT2.ASM):00190                STB    BYTES          SAVE BYTE COUNT
42FF 39               (wasm/src/RRT2.ASM):00191                RTS
                      (wasm/src/RRT2.ASM):00192         
4300 3410             (wasm/src/RRT2.ASM):00193         TRKIL  PSHS   X
4302 AEA4             (wasm/src/RRT2.ASM):00194                LDX    ,Y       GET THE NEXT GUY
4304 AF9FB3EB         (wasm/src/RRT2.ASM):00195                STX    [LAST]   MAKE THE LAST GUY POINT TO OUR NEXT
4308 BEB3E4           (wasm/src/RRT2.ASM):00196                LDX    FREEP    
430B AFA4             (wasm/src/RRT2.ASM):00197                STX    ,Y       APPEND FREE LIST TO US
430D 10BFB3E4         (wasm/src/RRT2.ASM):00198                STY    FREEP    AND MAKE US THE LIST
4311 10BEB3EB         (wasm/src/RRT2.ASM):00199                LDY    LAST     MAKE POINT AT LAST FOR NEXT ITERATION
4315 3590             (wasm/src/RRT2.ASM):00200                PULS   X,PC
                      (wasm/src/RRT2.ASM):00201         
                      (wasm/src/RRT2.ASM):00202         *********  TRANSPORTER UPDATE
                      (wasm/src/RRT2.ASM):00203         
4317 108EB3E6         (wasm/src/RRT2.ASM):00204         UPDATE LDY    #TRPTR   WORK THROUGH LIST
431B 200C             (wasm/src/RRT2.ASM):00205                BRA    TRNUP0
431D BD4289           (wasm/src/RRT2.ASM):00206         TRNUP3 JSR    TMAKE    FOR ALL OF THE PARAMETERS
4320 118343BA         (wasm/src/RRT2.ASM):00207                CMPU   #TABBOT  TOO FAR ON ONE???
4324 270D             (wasm/src/RRT2.ASM):00208                BEQ    TRNUP1
4326 BD42A2           (wasm/src/RRT2.ASM):00209                JSR    TRNSPT   DO THE POINT  
4329 10BFB3EB         (wasm/src/RRT2.ASM):00210         TRNUP0 STY    LAST
432D 10AEA4           (wasm/src/RRT2.ASM):00211                LDY    ,Y       WALK TO NEXT
4330 26EB             (wasm/src/RRT2.ASM):00212                BNE    TRNUP3   ITS GOOD
4332 39               (wasm/src/RRT2.ASM):00213                RTS    DONE
                      (wasm/src/RRT2.ASM):00214         
4333 BD4300           (wasm/src/RRT2.ASM):00215         TRNUP1 JSR    TRKIL  
4336 20F1             (wasm/src/RRT2.ASM):00216                BRA    TRNUP0
                      (wasm/src/RRT2.ASM):00217         
4338 43               (wasm/src/RRT2.ASM):00218         TRNTAB FCB  $43
4339 83               (wasm/src/RRT2.ASM):00219                FCB    $83
433A 46               (wasm/src/RRT2.ASM):00220                FCB  $46
433B 86               (wasm/src/RRT2.ASM):00221                FCB    $86
433C 44               (wasm/src/RRT2.ASM):00222                FCB  $44
433D 84               (wasm/src/RRT2.ASM):00223                FCB    $84
433E 42               (wasm/src/RRT2.ASM):00224                FCB  $42
433F 82               (wasm/src/RRT2.ASM):00225                FCB    $82
4340 41               (wasm/src/RRT2.ASM):00226                FCB  $41
4341 81               (wasm/src/RRT2.ASM):00227                FCB    $81
4342 47               (wasm/src/RRT2.ASM):00228                FCB  $47
4343 87               (wasm/src/RRT2.ASM):00229                FCB    $87
4344 44               (wasm/src/RRT2.ASM):00230                FCB  $44
4345 46               (wasm/src/RRT2.ASM):00231                FCB  $46
4346 84               (wasm/src/RRT2.ASM):00232                FCB    $84
4347 42               (wasm/src/RRT2.ASM):00233                FCB  $42
4348 86               (wasm/src/RRT2.ASM):00234                FCB    $86
4349 43               (wasm/src/RRT2.ASM):00235                FCB  $43
434A 82               (wasm/src/RRT2.ASM):00236                FCB    $82
434B 41               (wasm/src/RRT2.ASM):00237                FCB  $41
434C 83               (wasm/src/RRT2.ASM):00238                FCB    $83
434D 45               (wasm/src/RRT2.ASM):00239                FCB  $45
434E 81               (wasm/src/RRT2.ASM):00240                FCB    $81
434F 48               (wasm/src/RRT2.ASM):00241                FCB  $48
4350 85               (wasm/src/RRT2.ASM):00242                FCB    $85
4351 47               (wasm/src/RRT2.ASM):00243                FCB  $47
4352 88               (wasm/src/RRT2.ASM):00244                FCB    $88
4353 44               (wasm/src/RRT2.ASM):00245                FCB  $44
4354 87               (wasm/src/RRT2.ASM):00246                FCB    $87
4355 45               (wasm/src/RRT2.ASM):00247                FCB  $45
4356 42               (wasm/src/RRT2.ASM):00248                FCB  $42
4357 84               (wasm/src/RRT2.ASM):00249                FCB    $84
4358 46               (wasm/src/RRT2.ASM):00250                FCB  $46
4359 85               (wasm/src/RRT2.ASM):00251                FCB    $85
435A 47               (wasm/src/RRT2.ASM):00252                FCB  $47
435B 82               (wasm/src/RRT2.ASM):00253                FCB    $82
435C 48               (wasm/src/RRT2.ASM):00254                FCB  $48
435D 86               (wasm/src/RRT2.ASM):00255                FCB    $86
435E 43               (wasm/src/RRT2.ASM):00256                FCB  $43
435F 87               (wasm/src/RRT2.ASM):00257                FCB    $87
4360 41               (wasm/src/RRT2.ASM):00258                FCB  $41
4361 88               (wasm/src/RRT2.ASM):00259                FCB    $88
4362 42               (wasm/src/RRT2.ASM):00260                FCB  $42 
4363 83               (wasm/src/RRT2.ASM):00261                FCB    $83
4364 44               (wasm/src/RRT2.ASM):00262                FCB  $44
4365 81               (wasm/src/RRT2.ASM):00263                FCB    $81
4366 45               (wasm/src/RRT2.ASM):00264                FCB  $45
4367 47               (wasm/src/RRT2.ASM):00265                FCB  $47
4368 82               (wasm/src/RRT2.ASM):00266                FCB    $82
4369 46               (wasm/src/RRT2.ASM):00267                FCB  $46
436A 84               (wasm/src/RRT2.ASM):00268                FCB    $84
436B 85               (wasm/src/RRT2.ASM):00269         COL2   FCB    $85
436C 48               (wasm/src/RRT2.ASM):00270                FCB  $48
436D 87               (wasm/src/RRT2.ASM):00271                FCB    $87
436E 43               (wasm/src/RRT2.ASM):00272                FCB  $43
436F 86               (wasm/src/RRT2.ASM):00273                FCB    $86
4370 44               (wasm/src/RRT2.ASM):00274                FCB  $44
4371 42               (wasm/src/RRT2.ASM):00275                FCB  $42
4372 88               (wasm/src/RRT2.ASM):00276                FCB    $88
4373 45               (wasm/src/RRT2.ASM):00277                FCB  $45
4374 83               (wasm/src/RRT2.ASM):00278                FCB    $83
4375 41               (wasm/src/RRT2.ASM):00279                FCB  $41
4376 84               (wasm/src/RRT2.ASM):00280                FCB    $84
4377 43               (wasm/src/RRT2.ASM):00281                FCB  $43
4378 82               (wasm/src/RRT2.ASM):00282                FCB    $82
4379 47               (wasm/src/RRT2.ASM):00283                FCB  $47
437A 46               (wasm/src/RRT2.ASM):00284                FCB  $46
437B 85               (wasm/src/RRT2.ASM):00285                FCB    $85
437C 48               (wasm/src/RRT2.ASM):00286                FCB  $48
437D 81               (wasm/src/RRT2.ASM):00287                FCB    $81
437E 42               (wasm/src/RRT2.ASM):00288                FCB  $42
437F 83               (wasm/src/RRT2.ASM):00289                FCB    $83
4380 44               (wasm/src/RRT2.ASM):00290                FCB  $44
4381 87               (wasm/src/RRT2.ASM):00291                FCB    $87
4382 41               (wasm/src/RRT2.ASM):00292                FCB  $41
4383 86               (wasm/src/RRT2.ASM):00293                FCB    $86
4384 45               (wasm/src/RRT2.ASM):00294                FCB  $45
4385 88               (wasm/src/RRT2.ASM):00295                FCB    $88
4386 43               (wasm/src/RRT2.ASM):00296                FCB  $43
4387 46               (wasm/src/RRT2.ASM):00297                FCB  $46
4388 84               (wasm/src/RRT2.ASM):00298                FCB    $84
4389 48               (wasm/src/RRT2.ASM):00299                FCB  $48
438A 81               (wasm/src/RRT2.ASM):00300                FCB    $81
438B 47               (wasm/src/RRT2.ASM):00301                FCB  $47
438C 85               (wasm/src/RRT2.ASM):00302                FCB    $85
438D 44               (wasm/src/RRT2.ASM):00303                FCB  $44
438E 82               (wasm/src/RRT2.ASM):00304                FCB    $82
438F 41               (wasm/src/RRT2.ASM):00305                FCB  $41
4390 45               (wasm/src/RRT2.ASM):00306                FCB  $45
4391 83               (wasm/src/RRT2.ASM):00307                FCB    $83
4392 42               (wasm/src/RRT2.ASM):00308                FCB  $42
4393 86               (wasm/src/RRT2.ASM):00309                FCB    $86
4394 88               (wasm/src/RRT2.ASM):00310                FCB    $88
4395 43               (wasm/src/RRT2.ASM):00311                FCB  $43
4396 87               (wasm/src/RRT2.ASM):00312                FCB    $87
4397 46               (wasm/src/RRT2.ASM):00313                FCB  $46 
4398 84               (wasm/src/RRT2.ASM):00314                FCB    $84
4399 48               (wasm/src/RRT2.ASM):00315                FCB  $48
439A 85               (wasm/src/RRT2.ASM):00316                FCB    $85 
439B 07               (wasm/src/RRT2.ASM):00317                FCB    7
439C 81               (wasm/src/RRT2.ASM):00318                FCB    $81
439D 04               (wasm/src/RRT2.ASM):00319                FCB    4
439E 05               (wasm/src/RRT2.ASM):00320                FCB    5
439F 82               (wasm/src/RRT2.ASM):00321                FCB    $82
43A0 01               (wasm/src/RRT2.ASM):00322                FCB    1
43A1 83               (wasm/src/RRT2.ASM):00323                FCB    $83
43A2 02               (wasm/src/RRT2.ASM):00324                FCB    2
43A3 86               (wasm/src/RRT2.ASM):00325                FCB    $86
43A4 03               (wasm/src/RRT2.ASM):00326                FCB    3
43A5 88               (wasm/src/RRT2.ASM):00327                FCB    $88
43A6 06               (wasm/src/RRT2.ASM):00328                FCB    6
43A7 87               (wasm/src/RRT2.ASM):00329                FCB    $87
43A8 08               (wasm/src/RRT2.ASM):00330                FCB    8
43A9 84               (wasm/src/RRT2.ASM):00331                FCB    $84
43AA 07               (wasm/src/RRT2.ASM):00332                FCB    7
43AB 85               (wasm/src/RRT2.ASM):00333                FCB    $85
43AC 04               (wasm/src/RRT2.ASM):00334                FCB    4
43AD 81               (wasm/src/RRT2.ASM):00335                FCB    $81
43AE 05               (wasm/src/RRT2.ASM):00336                FCB    5
43AF 01               (wasm/src/RRT2.ASM):00337                FCB    1
43B0 82               (wasm/src/RRT2.ASM):00338                FCB    $82
43B1 83               (wasm/src/RRT2.ASM):00339                FCB    $83
43B2 02               (wasm/src/RRT2.ASM):00340                FCB    2
43B3 03               (wasm/src/RRT2.ASM):00341                FCB    3
43B4 88               (wasm/src/RRT2.ASM):00342                FCB    $88
43B5 08               (wasm/src/RRT2.ASM):00343                FCB    8
43B6 84               (wasm/src/RRT2.ASM):00344                FCB    $84
43B7 87               (wasm/src/RRT2.ASM):00345                FCB    $87
43B8 07               (wasm/src/RRT2.ASM):00346                FCB    7
43B9 04               (wasm/src/RRT2.ASM):00347                FCB    4
     43BA             (wasm/src/RRT2.ASM):00348         TABBOT EQU    *
43BA 00               (wasm/src/RRT2.ASM):00349                FCB    0       FIX FLAW IN ALGORITHM
                      (wasm/src/RRT2.ASM):00350         
43BB 43CB             (wasm/src/RRT2.ASM):00351         GRPLST FDB    GROUP1
43BD 4405             (wasm/src/RRT2.ASM):00352                FDB    GROUP2
43BF 443F             (wasm/src/RRT2.ASM):00353                FDB    GROUP3
43C1 4479             (wasm/src/RRT2.ASM):00354                FDB    GROUP4
43C3 44B3             (wasm/src/RRT2.ASM):00355                FDB    GROUP5
43C5 44ED             (wasm/src/RRT2.ASM):00356                FDB    GROUP6
43C7 4527             (wasm/src/RRT2.ASM):00357                FDB    GROUP7
43C9 4561             (wasm/src/RRT2.ASM):00358                FDB    GROUP8
                      (wasm/src/RRT2.ASM):00359         
     43CB             (wasm/src/RRT2.ASM):00360         GRPTAB EQU    *
43CB 00F0060F090F0CF0 (wasm/src/RRT2.ASM):00361         GROUP1 FCB    00,$F0,06,$0F,09,$0F,12,$F0,19,$F0,23,$0F,24,$0F,29,$F0
     13F0170F180F1DF0
43DB 22F0250F2BF02E0F (wasm/src/RRT2.ASM):00362                FCB    34,$F0,37,$0F,43,$F0,46,$0F,48,$F0,50,$0F,60,$F0,62,$0F
     30F0320F3CF03E0F
43EB 430F45F048F04C0F (wasm/src/RRT2.ASM):00363                FCB    67,$0F,69,$F0,72,$F0,76,$0F,80,$0F,81,$F0,90,$F0,93,$0F  
     500F51F05AF05D0F
43FB 600F65F06A0F6E0F (wasm/src/RRT2.ASM):00364                FCB    96,$0F,101,$F0,106,$0F,110,$0F,115,$F0
     73F0
4405 010F03F008F00F0F (wasm/src/RRT2.ASM):00365         GROUP2 FCB    01,$0F,03,$F0,08,$F0,15,$0F,18,$F0,20,$0F,27,$0F,30,$F0
     12F0140F1B0F1EF0
4415 20F0220F2DF02F0F (wasm/src/RRT2.ASM):00366                FCB    32,$F0,34,$0F,45,$F0,47,$0F,51,$0F,53,$F0,57,$0F,61,$F0
     330F35F0390F3DF0
4425 43F0470F4A0F4EF0 (wasm/src/RRT2.ASM):00367                FCB    67,$F0,71,$0F,74,$0F,78,$F0,83,$F0,85,$0F,91,$0F,91,$F0  
     53F0550F5B0F5BF0
4435 630F68F06DF0710F (wasm/src/RRT2.ASM):00368                FCB    99,$0F,104,$F0,109,$F0,113,$0F,115,$0F
     730F
443F 040F07F009F00A0F (wasm/src/RRT2.ASM):00369         GROUP3 FCB    04,$0F,07,$F0,09,$F0,10,$0F,20,$F0,21,$0F,28,$0F,31,$F0
     14F0150F1C0F1FF0
444F 21F0230F290F2EF0 (wasm/src/RRT2.ASM):00370                FCB    33,$F0,35,$0F,41,$0F,46,$F0,52,$0F,54,$F0,58,$F0,61,$0F
     340F36F03AF03D0F
445F 42F0440F490F4DF0 (wasm/src/RRT2.ASM):00371                FCB    66,$F0,68,$0F,73,$0F,77,$F0,85,$F0,87,$0F,89,$0F,92,$F0  
     55F0570F590F5CF0
446F 61F0680F6AF06D0F (wasm/src/RRT2.ASM):00372                FCB    97,$F0,104,$0F,106,$F0,109,$0F,114,$0F
     720F
4479 000F02F00AF00C0F (wasm/src/RRT2.ASM):00373         GROUP4 FCB    00,$0F,02,$F0,10,$F0,12,$0F,16,$F0,22,$0F,26,$F0,30,$0F 
     10F0160F1AF01E0F
4489 210F23F02C0F2FF0 (wasm/src/RRT2.ASM):00374                FCB    33,$0F,35,$F0,44,$0F,47,$F0,51,$F0,54,$0F,56,$F0,59,$0F
     33F0360F38F03B0F
4499 420F46F049F04D0F (wasm/src/RRT2.ASM):00375                FCB    66,$0F,70,$F0,73,$F0,77,$0F,82,$F0,84,$0F,90,$0F,93,$F0
     52F0540F5A0F5DF0
44A9 610F64F0690F6CF0 (wasm/src/RRT2.ASM):00376                FCB    97,$0F,100,$F0,105,$0F,108,$F0,112,$F0
     70F0
44B3 020F06F0080F0EF0 (wasm/src/RRT2.ASM):00377         GROUP5 FCB    02,$0F,06,$F0,08,$0F,14,$F0,19,$0F,22,$F0,25,$F0,29,$0F
     130F16F019F01D0F
44C3 240F27F029F02B0F (wasm/src/RRT2.ASM):00378                FCB    36,$0F,39,$F0,41,$F0,43,$0F,48,$0F,49,$F0,60,$0F,62,$F0
     300F31F03C0F3EF0
44D3 400F41F04BF04E0F (wasm/src/RRT2.ASM):00379                FCB    64,$0F,65,$F0,75,$F0,78,$0F,82,$0F,87,$F0,89,$F0,94,$0F
     520F57F059F05E0F
44E3 62F0650F67F06B0F (wasm/src/RRT2.ASM):00380                FCB    98,$F0,101,$0F,103,$F0,107,$0F,111,$F0
     6FF0
44ED 01F0070F0B0F0DF0 (wasm/src/RRT2.ASM):00381         GROUP6 FCB    01,$F0,07,$0F,11,$0F,13,$F0,17,$0F,21,$F0,26,$0F,28,$F0
     110F15F01A0F1CF0
44FD 200F25F02AF02D0F (wasm/src/RRT2.ASM):00382                FCB    32,$0F,37,$F0,42,$F0,45,$0F,49,$0F,50,$F0,56,$0F,63,$F0
     310F32F0380F3FF0
450D 44F0460F4B0F4FF0 (wasm/src/RRT2.ASM):00383                FCB    68,$F0,70,$0F,75,$0F,79,$F0,84,$F0,86,$0F,88,$0F,95,$F0
     54F0560F580F5FF0
451D 60F066F06C0F6F0F (wasm/src/RRT2.ASM):00384                FCB    96,$F0,102,$F0,108,$0F,111,$0F,113,$F0
     71F0
4527 030F04F00D0F0FF0 (wasm/src/RRT2.ASM):00385         GROUP7 FCB    03,$0F,04,$F0,13,$0F,15,$F0,17,$F0,18,$0F,24,$F0,31,$0F
     11F0120F18F01F0F
4537 26F0270F280F2CF0 (wasm/src/RRT2.ASM):00386                FCB    38,$F0,39,$0F,40,$0F,44,$F0,52,$F0,55,$0F,59,$F0,63,$0F
     34F0370F3BF03F0F
4547 40F0450F480F4AF0 (wasm/src/RRT2.ASM):00387                FCB    64,$F0,69,$0F,72,$0F,74,$F0,83,$0F,86,$F0,88,$F0,92,$0F
     530F56F058F05C0F
4557 620F640F6BF0700F (wasm/src/RRT2.ASM):00388                FCB    98,$0F,100,$0F,107,$F0,112,$0F,114,$F0
     72F0
4561 05F0050F0BF00E0F (wasm/src/RRT2.ASM):00389         GROUP8 FCB    05,$F0,05,$0F,11,$F0,14,$0F,16,$0F,23,$F0,25,$0F,27,$F0
     100F17F0190F1BF0
4571 24F0260F28F02A0F (wasm/src/RRT2.ASM):00390                FCB    36,$F0,38,$0F,40,$F0,42,$0F,53,$0F,55,$F0,57,$F0,58,$0F
     350F37F039F03A0F
4581 410F47F04CF04F0F (wasm/src/RRT2.ASM):00391                FCB    65,$0F,71,$F0,76,$F0,79,$0F,80,$F0,81,$0F,94,$F0,95,$0F
     50F0510F5EF05F0F
4591 63F0660F670F69F0 (wasm/src/RRT2.ASM):00392                FCB    99,$F0,102,$0F,103,$0F,105,$F0,110,$F0
     6EF0
                      (wasm/src/RRT2.ASM):00393         * 
                      (wasm/src/RRT2.ASM):00394         *START TRANSPORTING
                      (wasm/src/RRT2.ASM):00395         *
459B BD420E           (wasm/src/RRT2.ASM):00396         TRNSTV JSR TRINIT
459E 9E21             (wasm/src/RRT2.ASM):00397          LDX RPTR
45A0 2752             (wasm/src/RRT2.ASM):00398          BEQ TRN1X
                      (wasm/src/RRT2.ASM):00399          MAKP TRSPRC
45A2 BDD054           (             MAKP):00001          JSR MAKEP
45A5 4607             (             MAKP):00002          FDB TRSPRC
45A7 9E21             (wasm/src/RRT2.ASM):00400          LDX RPTR
45A9 CC0000           (wasm/src/RRT2.ASM):00401          LDD #0
45AC 108E0000         (wasm/src/RRT2.ASM):00402          LDY #0
45B0 3406             (wasm/src/RRT2.ASM):00403          PSHS D
45B2 3406             (wasm/src/RRT2.ASM):00404          PSHS D
45B4 EC02             (wasm/src/RRT2.ASM):00405         TRN00 LDD OPICT,X
45B6 ED8814           (wasm/src/RRT2.ASM):00406          STD OLDPIC,X
45B9 3121             (wasm/src/RRT2.ASM):00407          LEAY 1,Y
45BB 108C000F         (wasm/src/RRT2.ASM):00408          CMPY #15
45BF 2205             (wasm/src/RRT2.ASM):00409          BHI TRN01
45C1 10A3E4           (wasm/src/RRT2.ASM):00410          CMPD ,S SAME GUY?
45C4 2711             (wasm/src/RRT2.ASM):00411          BEQ TRN0 YES
45C6 108E0000         (wasm/src/RRT2.ASM):00412         TRN01 LDY #0
45CA EDE4             (wasm/src/RRT2.ASM):00413          STD ,S SAVE NEW PICT
45CC 3410             (wasm/src/RRT2.ASM):00414          PSHS X
45CE AE02             (wasm/src/RRT2.ASM):00415          LDX OPICT,X
45D0 BD4234           (wasm/src/RRT2.ASM):00416          JSR TRSTRT
45D3 AF64             (wasm/src/RRT2.ASM):00417          STX 4,S SAVE IMAGE
45D5 3510             (wasm/src/RRT2.ASM):00418          PULS X SAVE NEW PICT
45D7 EC62             (wasm/src/RRT2.ASM):00419         TRN0 LDD 2,S
45D9 ED02             (wasm/src/RRT2.ASM):00420          STD OPICT,X
45DB AE84             (wasm/src/RRT2.ASM):00421          LDX ,X
45DD 26D5             (wasm/src/RRT2.ASM):00422          BNE TRN00
45DF 3264             (wasm/src/RRT2.ASM):00423          LEAS 4,S
45E1 BD4639           (wasm/src/RRT2.ASM):00424         TRNLP JSR ROBUP OUTPUT ROBOTS
45E4 BD4317           (wasm/src/RRT2.ASM):00425          JSR UPDATE  UPDATE IMAGES
45E7 BEB3E6           (wasm/src/RRT2.ASM):00426          LDX TRPTR
45EA 2708             (wasm/src/RRT2.ASM):00427          BEQ TRN1X
                      (wasm/src/RRT2.ASM):00428          NAP 1,TRNLP
45EC 8601             (              NAP):00001                LDA #1 TIME
45EE 8E45E1           (              NAP):00002                LDX #TRNLP WAKEUP ADDR
45F1 7ED066           (              NAP):00003                JMP    SLEEP  
45F4 9E21             (wasm/src/RRT2.ASM):00429         TRN1X LDX RPTR
45F6 2709             (wasm/src/RRT2.ASM):00430          BEQ TRN2X
45F8 EC8814           (wasm/src/RRT2.ASM):00431         TRN1XL LDD OLDPIC,X RESTORE IMAGES
45FB ED02             (wasm/src/RRT2.ASM):00432          STD OPICT,X
45FD AE84             (wasm/src/RRT2.ASM):00433          LDX ,X
45FF 26F7             (wasm/src/RRT2.ASM):00434          BNE TRN1XL
4601 BDF009           (wasm/src/RRT2.ASM):00435         TRN2X JSR HXINIT RECOVER DATA BASE FOR HORIZ EXPLODES
4604 7ED063           (wasm/src/RRT2.ASM):00436          JMP SUCIDE
                      (wasm/src/RRT2.ASM):00437         *
                      (wasm/src/RRT2.ASM):00438         *TRANSPORTER SOUND PROCESS
                      (wasm/src/RRT2.ASM):00439         *
4607 CC4143           (wasm/src/RRT2.ASM):00440         TRSPRC LDD #TR1SND
460A BDD04B           (wasm/src/RRT2.ASM):00441          JSR SNDLD CLEAR OUT THE SYSTEM
460D 8648             (wasm/src/RRT2.ASM):00442          LDA #$48
460F A747             (wasm/src/RRT2.ASM):00443          STA PD,U
4611 C612             (wasm/src/RRT2.ASM):00444         TRSPRL LDB #$12
4613 BDD006           (wasm/src/RRT2.ASM):00445          JSR SDOUT
4616 6A47             (wasm/src/RRT2.ASM):00446          DEC PD,U
4618 2708             (wasm/src/RRT2.ASM):00447          BEQ TRSPR1
                      (wasm/src/RRT2.ASM):00448          NAP 1,TRSPRL
461A 8601             (              NAP):00001                LDA #1 TIME
461C 8E4611           (              NAP):00002                LDX #TRSPRL WAKEUP ADDR
461F 7ED066           (              NAP):00003                JMP    SLEEP  
4622 8624             (wasm/src/RRT2.ASM):00449         TRSPR1 LDA #$24
4624 A747             (wasm/src/RRT2.ASM):00450          STA PD,U
4626 C612             (wasm/src/RRT2.ASM):00451         TRSP1L LDB #$12
4628 BDD006           (wasm/src/RRT2.ASM):00452          JSR SDOUT
462B 6A47             (wasm/src/RRT2.ASM):00453          DEC PD,U
462D 10278A32         (wasm/src/RRT2.ASM):00454          LBEQ SUCIDE
                      (wasm/src/RRT2.ASM):00455          NAP 2,TRSP1L
4631 8602             (              NAP):00001                LDA #2 TIME
4633 8E4626           (              NAP):00002                LDX #TRSP1L WAKEUP ADDR
4636 7ED066           (              NAP):00003                JMP    SLEEP  
                      (wasm/src/RRT2.ASM):00456         *
                      (wasm/src/RRT2.ASM):00457         *UPDATE YOUR ROBOTS
                      (wasm/src/RRT2.ASM):00458         *RAM-RAM
4639 9E21             (wasm/src/RRT2.ASM):00459         ROBUP LDX RPTR
463B 2723             (wasm/src/RRT2.ASM):00460          BEQ ROBUPX
463D 10AE02           (wasm/src/RRT2.ASM):00461         ROBUPL LDY OPICT,X
4640 ECA4             (wasm/src/RRT2.ASM):00462          LDD ,Y
4642 8804             (wasm/src/RRT2.ASM):00463          EORA #4
4644 C804             (wasm/src/RRT2.ASM):00464          EORB #4
4646 1A10             (wasm/src/RRT2.ASM):00465          SEI
4648 FDCA06           (wasm/src/RRT2.ASM):00466          STD DMASIZ
464B EE22             (wasm/src/RRT2.ASM):00467          LDU 2,Y
464D FFCA02           (wasm/src/RRT2.ASM):00468          STU DMAORG
4650 EC04             (wasm/src/RRT2.ASM):00469          LDD OBJX,X
4652 FDCA04           (wasm/src/RRT2.ASM):00470          STD DMADES
4655 8606             (wasm/src/RRT2.ASM):00471          LDA #$6
4657 B7CA00           (wasm/src/RRT2.ASM):00472          STA DMACTL
465A 1CEF             (wasm/src/RRT2.ASM):00473          CLI
465C AE84             (wasm/src/RRT2.ASM):00474          LDX ,X
465E 26DD             (wasm/src/RRT2.ASM):00475          BNE ROBUPL
4660 39               (wasm/src/RRT2.ASM):00476         ROBUPX RTS
                      (wasm/src/RRT2.ASM):00477          END
