Symbol: ACRM (/Users/dave/source/repos/tempest_ai/Robotron/Code/Williams/.build/lwasm/RRTESTC.bin) = 007F
Symbol: ACTIVE (/Users/dave/source/repos/tempest_ai/Robotron/Code/Williams/.build/lwasm/RRTESTC.bin) = 9811
Symbol: ADJMES (/Users/dave/source/repos/tempest_ai/Robotron/Code/Williams/.build/lwasm/RRTESTC.bin) = 002E
Symbol: ADJSUM (/Users/dave/source/repos/tempest_ai/Robotron/Code/Williams/.build/lwasm/RRTESTC.bin) = CC8C
Symbol: ADJV (/Users/dave/source/repos/tempest_ai/Robotron/Code/Williams/.build/lwasm/RRTESTC.bin) = 6F00
Symbol: ADVSW (/Users/dave/source/repos/tempest_ai/Robotron/Code/Williams/.build/lwasm/RRTESTC.bin) = F003
Symbol: ALCK1 (/Users/dave/source/repos/tempest_ai/Robotron/Code/Williams/.build/lwasm/RRTESTC.bin) = E941
Symbol: ALLCHK (/Users/dave/source/repos/tempest_ai/Robotron/Code/Williams/.build/lwasm/RRTESTC.bin) = E938
Symbol: ALTBL (/Users/dave/source/repos/tempest_ai/Robotron/Code/Williams/.build/lwasm/RRTESTC.bin) = B3EA
Symbol: AMAP (/Users/dave/source/repos/tempest_ai/Robotron/Code/Williams/.build/lwasm/RRTESTC.bin) = 5B55
Symbol: APST (/Users/dave/source/repos/tempest_ai/Robotron/Code/Williams/.build/lwasm/RRTESTC.bin) = 5B46
Symbol: ARAM1 (/Users/dave/source/repos/tempest_ai/Robotron/Code/Williams/.build/lwasm/RRTESTC.bin) = B426
Symbol: ASCAN (/Users/dave/source/repos/tempest_ai/Robotron/Code/Williams/.build/lwasm/RRTESTC.bin) = D003
Symbol: ATFLAG (/Users/dave/source/repos/tempest_ai/Robotron/Code/Williams/.build/lwasm/RRTESTC.bin) = 98F4
Symbol: ATMCK (/Users/dave/source/repos/tempest_ai/Robotron/Code/Williams/.build/lwasm/RRTESTC.bin) = 6F06
Symbol: ATRSW2 (/Users/dave/source/repos/tempest_ai/Robotron/Code/Williams/.build/lwasm/RRTESTC.bin) = 9852
Symbol: ATRSW3 (/Users/dave/source/repos/tempest_ai/Robotron/Code/Williams/.build/lwasm/RRTESTC.bin) = 9853
Symbol: AUD (/Users/dave/source/repos/tempest_ai/Robotron/Code/Williams/.build/lwasm/RRTESTC.bin) = D0BA
Symbol: AUD1 (/Users/dave/source/repos/tempest_ai/Robotron/Code/Williams/.build/lwasm/RRTESTC.bin) = D0BD
Symbol: AUDM1 (/Users/dave/source/repos/tempest_ai/Robotron/Code/Williams/.build/lwasm/RRTESTC.bin) = 0029
Symbol: AUDM2 (/Users/dave/source/repos/tempest_ai/Robotron/Code/Williams/.build/lwasm/RRTESTC.bin) = 002A
Symbol: AUDM3 (/Users/dave/source/repos/tempest_ai/Robotron/Code/Williams/.build/lwasm/RRTESTC.bin) = 002B
Symbol: AUDMES (/Users/dave/source/repos/tempest_ai/Robotron/Code/Williams/.build/lwasm/RRTESTC.bin) = 0020
Symbol: AUTOCY (/Users/dave/source/repos/tempest_ai/Robotron/Code/Williams/.build/lwasm/RRTESTC.bin) = F006
Symbol: AVPLA (/Users/dave/source/repos/tempest_ai/Robotron/Code/Williams/.build/lwasm/RRTESTC.bin) = 006C
Symbol: AVPLEN (/Users/dave/source/repos/tempest_ai/Robotron/Code/Williams/.build/lwasm/RRTESTC.bin) = 006D
Symbol: AVTEND (/Users/dave/source/repos/tempest_ai/Robotron/Code/Williams/.build/lwasm/RRTESTC.bin) = 006B
Symbol: AVTIM (/Users/dave/source/repos/tempest_ai/Robotron/Code/Williams/.build/lwasm/RRTESTC.bin) = 006A
Symbol: BALCOL (/Users/dave/source/repos/tempest_ai/Robotron/Code/Williams/.build/lwasm/RRTESTC.bin) = 98E9
Symbol: BCDBIN (/Users/dave/source/repos/tempest_ai/Robotron/Code/Williams/.build/lwasm/RRTESTC.bin) = D0B4
Symbol: BCDHEX (/Users/dave/source/repos/tempest_ai/Robotron/Code/Williams/.build/lwasm/RRTESTC.bin) = D02D
Symbol: BCMCNT (/Users/dave/source/repos/tempest_ai/Robotron/Code/Williams/.build/lwasm/RRTESTC.bin) = 988E
Symbol: BKEND (/Users/dave/source/repos/tempest_ai/Robotron/Code/Williams/.build/lwasm/RRTESTC.bin) = CD32
Symbol: BKMEN (/Users/dave/source/repos/tempest_ai/Robotron/Code/Williams/.build/lwasm/RRTESTC.bin) = CD26
Symbol: BKPLAY (/Users/dave/source/repos/tempest_ai/Robotron/Code/Williams/.build/lwasm/RRTESTC.bin) = CD2C
Symbol: BKTIME (/Users/dave/source/repos/tempest_ai/Robotron/Code/Williams/.build/lwasm/RRTESTC.bin) = CD20
Symbol: BLKCLR (/Users/dave/source/repos/tempest_ai/Robotron/Code/Williams/.build/lwasm/RRTESTC.bin) = D01B
Symbol: BLKMOV (/Users/dave/source/repos/tempest_ai/Robotron/Code/Williams/.build/lwasm/RRTESTC.bin) = E6EC
Symbol: BLKMV1 (/Users/dave/source/repos/tempest_ai/Robotron/Code/Williams/.build/lwasm/RRTESTC.bin) = E6EE
Symbol: BLKON (/Users/dave/source/repos/tempest_ai/Robotron/Code/Williams/.build/lwasm/RRTESTC.bin) = D093
Symbol: BOOKM (/Users/dave/source/repos/tempest_ai/Robotron/Code/Williams/.build/lwasm/RRTESTC.bin) = 001F
Symbol: BOOKRS (/Users/dave/source/repos/tempest_ai/Robotron/Code/Williams/.build/lwasm/RRTESTC.bin) = 005B
Symbol: BRNCNT (/Users/dave/source/repos/tempest_ai/Robotron/Code/Williams/.build/lwasm/RRTESTC.bin) = BE6E
Symbol: BRNFLG (/Users/dave/source/repos/tempest_ai/Robotron/Code/Williams/.build/lwasm/RRTESTC.bin) = 9895
Symbol: BRNORG (/Users/dave/source/repos/tempest_ai/Robotron/Code/Williams/.build/lwasm/RRTESTC.bin) = 1AC0
Symbol: BRNPIC (/Users/dave/source/repos/tempest_ai/Robotron/Code/Williams/.build/lwasm/RRTESTC.bin) = 1AC3
Symbol: BRNSPD (/Users/dave/source/repos/tempest_ai/Robotron/Code/Williams/.build/lwasm/RRTESTC.bin) = BE63
Symbol: BRNST (/Users/dave/source/repos/tempest_ai/Robotron/Code/Williams/.build/lwasm/RRTESTC.bin) = 1AC0
Symbol: BRONV (/Users/dave/source/repos/tempest_ai/Robotron/Code/Williams/.build/lwasm/RRTESTC.bin) = 1AC5
Symbol: BSHTIM (/Users/dave/source/repos/tempest_ai/Robotron/Code/Williams/.build/lwasm/RRTESTC.bin) = BE62
Symbol: BUBDN (/Users/dave/source/repos/tempest_ai/Robotron/Code/Williams/.build/lwasm/RRTESTC.bin) = E88F
Symbol: BUBDN1 (/Users/dave/source/repos/tempest_ai/Robotron/Code/Williams/.build/lwasm/RRTESTC.bin) = E893
Symbol: BUBDUN (/Users/dave/source/repos/tempest_ai/Robotron/Code/Williams/.build/lwasm/RRTESTC.bin) = E8A3
Symbol: BUNITS (/Users/dave/source/repos/tempest_ai/Robotron/Code/Williams/.build/lwasm/RRTESTC.bin) = 984F
Symbol: CCCNT (/Users/dave/source/repos/tempest_ai/Robotron/Code/Williams/.build/lwasm/RRTESTC.bin) = 984E
Symbol: CCV (/Users/dave/source/repos/tempest_ai/Robotron/Code/Williams/.build/lwasm/RRTESTC.bin) = 77A3
Symbol: CDEFS1 (/Users/dave/source/repos/tempest_ai/Robotron/Code/Williams/.build/lwasm/RRTESTC.bin) = 0092
Symbol: CDEFS2 (/Users/dave/source/repos/tempest_ai/Robotron/Code/Williams/.build/lwasm/RRTESTC.bin) = 008C
Symbol: CDPTIM (/Users/dave/source/repos/tempest_ai/Robotron/Code/Williams/.build/lwasm/RRTESTC.bin) = BE60
Symbol: CENTMP (/Users/dave/source/repos/tempest_ai/Robotron/Code/Williams/.build/lwasm/RRTESTC.bin) = 98A6
Symbol: CIRCNT (/Users/dave/source/repos/tempest_ai/Robotron/Code/Williams/.build/lwasm/RRTESTC.bin) = BE6F
Symbol: CIRCST (/Users/dave/source/repos/tempest_ai/Robotron/Code/Williams/.build/lwasm/RRTESTC.bin) = 1140
Symbol: CIRKV (/Users/dave/source/repos/tempest_ai/Robotron/Code/Williams/.build/lwasm/RRTESTC.bin) = 1143
Symbol: CIRPIC (/Users/dave/source/repos/tempest_ai/Robotron/Code/Williams/.build/lwasm/RRTESTC.bin) = 1146
Symbol: CKENT (/Users/dave/source/repos/tempest_ai/Robotron/Code/Williams/.build/lwasm/RRTESTC.bin) = E682
Symbol: CKENT1 (/Users/dave/source/repos/tempest_ai/Robotron/Code/Williams/.build/lwasm/RRTESTC.bin) = E68B
Symbol: CKENT2 (/Users/dave/source/repos/tempest_ai/Robotron/Code/Williams/.build/lwasm/RRTESTC.bin) = E6A9
Symbol: CKENT3 (/Users/dave/source/repos/tempest_ai/Robotron/Code/Williams/.build/lwasm/RRTESTC.bin) = E6BF
Symbol: CKENT4 (/Users/dave/source/repos/tempest_ai/Robotron/Code/Williams/.build/lwasm/RRTESTC.bin) = E696
Symbol: CKENT5 (/Users/dave/source/repos/tempest_ai/Robotron/Code/Williams/.build/lwasm/RRTESTC.bin) = E6C8
Symbol: CKENT8 (/Users/dave/source/repos/tempest_ai/Robotron/Code/Williams/.build/lwasm/RRTESTC.bin) = E6C1
Symbol: CKHS (/Users/dave/source/repos/tempest_ai/Robotron/Code/Williams/.build/lwasm/RRTESTC.bin) = E5F5
Symbol: CKHS1 (/Users/dave/source/repos/tempest_ai/Robotron/Code/Williams/.build/lwasm/RRTESTC.bin) = E63D
Symbol: CKHS2Z (/Users/dave/source/repos/tempest_ai/Robotron/Code/Williams/.build/lwasm/RRTESTC.bin) = E651
Symbol: CKHS3 (/Users/dave/source/repos/tempest_ai/Robotron/Code/Williams/.build/lwasm/RRTESTC.bin) = E64B
Symbol: CKHS4 (/Users/dave/source/repos/tempest_ai/Robotron/Code/Williams/.build/lwasm/RRTESTC.bin) = E605
Symbol: CKHS5 (/Users/dave/source/repos/tempest_ai/Robotron/Code/Williams/.build/lwasm/RRTESTC.bin) = E614
Symbol: CKHS6 (/Users/dave/source/repos/tempest_ai/Robotron/Code/Williams/.build/lwasm/RRTESTC.bin) = E61C
Symbol: CKHS67 (/Users/dave/source/repos/tempest_ai/Robotron/Code/Williams/.build/lwasm/RRTESTC.bin) = E624
Symbol: CKHS7 (/Users/dave/source/repos/tempest_ai/Robotron/Code/Williams/.build/lwasm/RRTESTC.bin) = E5FD
Symbol: CKLIM (/Users/dave/source/repos/tempest_ai/Robotron/Code/Williams/.build/lwasm/RRTESTC.bin) = 0006
Symbol: CKOBS (/Users/dave/source/repos/tempest_ai/Robotron/Code/Williams/.build/lwasm/RRTESTC.bin) = 26C6
Symbol: CLRSCR (/Users/dave/source/repos/tempest_ai/Robotron/Code/Williams/.build/lwasm/RRTESTC.bin) = E5B0
Symbol: CMDOOR (/Users/dave/source/repos/tempest_ai/Robotron/Code/Williams/.build/lwasm/RRTESTC.bin) = 0008
Symbol: CMERR (/Users/dave/source/repos/tempest_ai/Robotron/Code/Williams/.build/lwasm/RRTESTC.bin) = 0007
Symbol: CMIMES (/Users/dave/source/repos/tempest_ai/Robotron/Code/Williams/.build/lwasm/RRTESTC.bin) = 004F
Symbol: CMINIT (/Users/dave/source/repos/tempest_ai/Robotron/Code/Williams/.build/lwasm/RRTESTC.bin) = 6F03
Symbol: CMOK (/Users/dave/source/repos/tempest_ai/Robotron/Code/Williams/.build/lwasm/RRTESTC.bin) = 0006
Symbol: CMOS (/Users/dave/source/repos/tempest_ai/Robotron/Code/Williams/.build/lwasm/RRTESTC.bin) = CC00
Symbol: CMPSC1 (/Users/dave/source/repos/tempest_ai/Robotron/Code/Williams/.build/lwasm/RRTESTC.bin) = E957
Symbol: CMPSC2 (/Users/dave/source/repos/tempest_ai/Robotron/Code/Williams/.build/lwasm/RRTESTC.bin) = E960
Symbol: CMPSC4 (/Users/dave/source/repos/tempest_ai/Robotron/Code/Williams/.build/lwasm/RRTESTC.bin) = E969
Symbol: CMPSC5 (/Users/dave/source/repos/tempest_ai/Robotron/Code/Williams/.build/lwasm/RRTESTC.bin) = E96D
Symbol: CMPSCR (/Users/dave/source/repos/tempest_ai/Robotron/Code/Williams/.build/lwasm/RRTESTC.bin) = E951
Symbol: CMSCOR (/Users/dave/source/repos/tempest_ai/Robotron/Code/Williams/.build/lwasm/RRTESTC.bin) = CD68
Symbol: CMSMVV (/Users/dave/source/repos/tempest_ai/Robotron/Code/Williams/.build/lwasm/RRTESTC.bin) = 6F0C
Symbol: CMTSTM (/Users/dave/source/repos/tempest_ai/Robotron/Code/Williams/.build/lwasm/RRTESTC.bin) = 001E
Symbol: COINM1 (/Users/dave/source/repos/tempest_ai/Robotron/Code/Williams/.build/lwasm/RRTESTC.bin) = 0052
Symbol: COINMF (/Users/dave/source/repos/tempest_ai/Robotron/Code/Williams/.build/lwasm/RRTESTC.bin) = 007B
Symbol: COINSL (/Users/dave/source/repos/tempest_ai/Robotron/Code/Williams/.build/lwasm/RRTESTC.bin) = CC04
Symbol: COL0 (/Users/dave/source/repos/tempest_ai/Robotron/Code/Williams/.build/lwasm/RRTESTC.bin) = D027
Symbol: COLST (/Users/dave/source/repos/tempest_ai/Robotron/Code/Williams/.build/lwasm/RRTESTC.bin) = D024
Symbol: CONG (/Users/dave/source/repos/tempest_ai/Robotron/Code/Williams/.build/lwasm/RRTESTC.bin) = 005F
Symbol: CONS (/Users/dave/source/repos/tempest_ai/Robotron/Code/Williams/.build/lwasm/RRTESTC.bin) = 004C
Symbol: CONST (/Users/dave/source/repos/tempest_ai/Robotron/Code/Williams/.build/lwasm/RRTESTC.bin) = CA01
Symbol: CONTMS (/Users/dave/source/repos/tempest_ai/Robotron/Code/Williams/.build/lwasm/RRTESTC.bin) = 002D
Symbol: CONTRL (/Users/dave/source/repos/tempest_ai/Robotron/Code/Williams/.build/lwasm/RRTESTC.bin) = CA00
Symbol: CPM1 (/Users/dave/source/repos/tempest_ai/Robotron/Code/Williams/.build/lwasm/RRTESTC.bin) = 0070
Symbol: CRAM (/Users/dave/source/repos/tempest_ai/Robotron/Code/Williams/.build/lwasm/RRTESTC.bin) = C000
Symbol: CRDRAM (/Users/dave/source/repos/tempest_ai/Robotron/Code/Williams/.build/lwasm/RRTESTC.bin) = B3EA
Symbol: CREDIT (/Users/dave/source/repos/tempest_ai/Robotron/Code/Williams/.build/lwasm/RRTESTC.bin) = 9851
Symbol: CREDST (/Users/dave/source/repos/tempest_ai/Robotron/Code/Williams/.build/lwasm/RRTESTC.bin) = CD00
Symbol: CRINIT (/Users/dave/source/repos/tempest_ai/Robotron/Code/Williams/.build/lwasm/RRTESTC.bin) = D033
Symbol: CRPROC (/Users/dave/source/repos/tempest_ai/Robotron/Code/Williams/.build/lwasm/RRTESTC.bin) = 9815
Symbol: CTEMP (/Users/dave/source/repos/tempest_ai/Robotron/Code/Williams/.build/lwasm/RRTESTC.bin) = 9880
Symbol: CTEMP2 (/Users/dave/source/repos/tempest_ai/Robotron/Code/Williams/.build/lwasm/RRTESTC.bin) = 9882
Symbol: CTYPE (/Users/dave/source/repos/tempest_ai/Robotron/Code/Williams/.build/lwasm/RRTESTC.bin) = 0001
Symbol: CUNITB (/Users/dave/source/repos/tempest_ai/Robotron/Code/Williams/.build/lwasm/RRTESTC.bin) = CC0E
Symbol: CUNITC (/Users/dave/source/repos/tempest_ai/Robotron/Code/Williams/.build/lwasm/RRTESTC.bin) = CC0C
Symbol: CUNITS (/Users/dave/source/repos/tempest_ai/Robotron/Code/Williams/.build/lwasm/RRTESTC.bin) = 9850
Symbol: CURPLR (/Users/dave/source/repos/tempest_ai/Robotron/Code/Williams/.build/lwasm/RRTESTC.bin) = 983F
Symbol: CUSTM (/Users/dave/source/repos/tempest_ai/Robotron/Code/Williams/.build/lwasm/RRTESTC.bin) = 0046
Symbol: DADCNT (/Users/dave/source/repos/tempest_ai/Robotron/Code/Williams/.build/lwasm/RRTESTC.bin) = BE6B
Symbol: DADPIC (/Users/dave/source/repos/tempest_ai/Robotron/Code/Williams/.build/lwasm/RRTESTC.bin) = 0010
Symbol: DAPST (/Users/dave/source/repos/tempest_ai/Robotron/Code/Williams/.build/lwasm/RRTESTC.bin) = 4686
Symbol: DDEXST (/Users/dave/source/repos/tempest_ai/Robotron/Code/Williams/.build/lwasm/RRTESTC.bin) = 5B52
Symbol: DEFGOD (/Users/dave/source/repos/tempest_ai/Robotron/Code/Williams/.build/lwasm/RRTESTC.bin) = E46F
Symbol: DEFHSR (/Users/dave/source/repos/tempest_ai/Robotron/Code/Williams/.build/lwasm/RRTESTC.bin) = E46C
Symbol: DEFSC2 (/Users/dave/source/repos/tempest_ai/Robotron/Code/Williams/.build/lwasm/RRTESTC.bin) = E4FE
Symbol: DEST (/Users/dave/source/repos/tempest_ai/Robotron/Code/Williams/.build/lwasm/RRTESTC.bin) = CA04
Symbol: DIGLTH (/Users/dave/source/repos/tempest_ai/Robotron/Code/Williams/.build/lwasm/RRTESTC.bin) = 0300
Symbol: DIVAB (/Users/dave/source/repos/tempest_ai/Robotron/Code/Williams/.build/lwasm/RRTESTC.bin) = D09F
Symbol: DMACON (/Users/dave/source/repos/tempest_ai/Robotron/Code/Williams/.build/lwasm/RRTESTC.bin) = CA01
Symbol: DMACTL (/Users/dave/source/repos/tempest_ai/Robotron/Code/Williams/.build/lwasm/RRTESTC.bin) = CA00
Symbol: DMADES (/Users/dave/source/repos/tempest_ai/Robotron/Code/Williams/.build/lwasm/RRTESTC.bin) = CA04
Symbol: DMAOFF (/Users/dave/source/repos/tempest_ai/Robotron/Code/Williams/.build/lwasm/RRTESTC.bin) = D015
Symbol: DMAOFN (/Users/dave/source/repos/tempest_ai/Robotron/Code/Williams/.build/lwasm/RRTESTC.bin) = D08D
Symbol: DMAON (/Users/dave/source/repos/tempest_ai/Robotron/Code/Williams/.build/lwasm/RRTESTC.bin) = D018
Symbol: DMAORG (/Users/dave/source/repos/tempest_ai/Robotron/Code/Williams/.build/lwasm/RRTESTC.bin) = CA02
Symbol: DMASIZ (/Users/dave/source/repos/tempest_ai/Robotron/Code/Williams/.build/lwasm/RRTESTC.bin) = CA06
Symbol: DMFAIL (/Users/dave/source/repos/tempest_ai/Robotron/Code/Williams/.build/lwasm/RRTESTC.bin) = 0000
Symbol: DOPMES (/Users/dave/source/repos/tempest_ai/Robotron/Code/Williams/.build/lwasm/RRTESTC.bin) = 6F0F
Symbol: DXINIT (/Users/dave/source/repos/tempest_ai/Robotron/Code/Williams/.build/lwasm/RRTESTC.bin) = 4680
Symbol: DXRAM (/Users/dave/source/repos/tempest_ai/Robotron/Code/Williams/.build/lwasm/RRTESTC.bin) = 98B8
Symbol: DXST (/Users/dave/source/repos/tempest_ai/Robotron/Code/Williams/.build/lwasm/RRTESTC.bin) = 4683
Symbol: DXTAB (/Users/dave/source/repos/tempest_ai/Robotron/Code/Williams/.build/lwasm/RRTESTC.bin) = BBE4
Symbol: DXUPD (/Users/dave/source/repos/tempest_ai/Robotron/Code/Williams/.build/lwasm/RRTESTC.bin) = 4689
Symbol: ECNTS (/Users/dave/source/repos/tempest_ai/Robotron/Code/Williams/.build/lwasm/RRTESTC.bin) = BE68
Symbol: EGRAM (/Users/dave/source/repos/tempest_ai/Robotron/Code/Williams/.build/lwasm/RRTESTC.bin) = B3E4
Symbol: EGRAM2 (/Users/dave/source/repos/tempest_ai/Robotron/Code/Williams/.build/lwasm/RRTESTC.bin) = B3E6
Symbol: EGSUB (/Users/dave/source/repos/tempest_ai/Robotron/Code/Williams/.build/lwasm/RRTESTC.bin) = E72A
Symbol: EGSUB1 (/Users/dave/source/repos/tempest_ai/Robotron/Code/Williams/.build/lwasm/RRTESTC.bin) = E795
Symbol: ELEND (/Users/dave/source/repos/tempest_ai/Robotron/Code/Williams/.build/lwasm/RRTESTC.bin) = BE72
Symbol: ELIST (/Users/dave/source/repos/tempest_ai/Robotron/Code/Williams/.build/lwasm/RRTESTC.bin) = BE5C
Symbol: ELOOPV (/Users/dave/source/repos/tempest_ai/Robotron/Code/Williams/.build/lwasm/RRTESTC.bin) = F017
Symbol: ENDADJ (/Users/dave/source/repos/tempest_ai/Robotron/Code/Williams/.build/lwasm/RRTESTC.bin) = CC24
Symbol: ENDGAM (/Users/dave/source/repos/tempest_ai/Robotron/Code/Williams/.build/lwasm/RRTESTC.bin) = E6F7
Symbol: ENDGM1 (/Users/dave/source/repos/tempest_ai/Robotron/Code/Williams/.build/lwasm/RRTESTC.bin) = E71A
Symbol: ENDGMR (/Users/dave/source/repos/tempest_ai/Robotron/Code/Williams/.build/lwasm/RRTESTC.bin) = E727
Symbol: ENDPRC (/Users/dave/source/repos/tempest_ai/Robotron/Code/Williams/.build/lwasm/RRTESTC.bin) = E3D3
Symbol: ENDTOD (/Users/dave/source/repos/tempest_ai/Robotron/Code/Williams/.build/lwasm/RRTESTC.bin) = E4DB
Symbol: ENFCNT (/Users/dave/source/repos/tempest_ai/Robotron/Code/Williams/.build/lwasm/RRTESTC.bin) = 98ED
Symbol: ENFNUM (/Users/dave/source/repos/tempest_ai/Robotron/Code/Williams/.build/lwasm/RRTESTC.bin) = BE5E
Symbol: ENFPIC (/Users/dave/source/repos/tempest_ai/Robotron/Code/Williams/.build/lwasm/RRTESTC.bin) = 114A
Symbol: ENGPIC (/Users/dave/source/repos/tempest_ai/Robotron/Code/Williams/.build/lwasm/RRTESTC.bin) = 1148
Symbol: ENSTIM (/Users/dave/source/repos/tempest_ai/Robotron/Code/Williams/.build/lwasm/RRTESTC.bin) = BE5F
Symbol: EREND (/Users/dave/source/repos/tempest_ai/Robotron/Code/Williams/.build/lwasm/RRTESTC.bin) = B5E6
Symbol: ERLIST (/Users/dave/source/repos/tempest_ai/Robotron/Code/Williams/.build/lwasm/RRTESTC.bin) = B5AE
Symbol: ERPTR (/Users/dave/source/repos/tempest_ai/Robotron/Code/Williams/.build/lwasm/RRTESTC.bin) = 98EB
Symbol: EXCON (/Users/dave/source/repos/tempest_ai/Robotron/Code/Williams/.build/lwasm/RRTESTC.bin) = 004D
Symbol: EXECV (/Users/dave/source/repos/tempest_ai/Robotron/Code/Williams/.build/lwasm/RRTESTC.bin) = D096
Symbol: EXINIT (/Users/dave/source/repos/tempest_ai/Robotron/Code/Williams/.build/lwasm/RRTESTC.bin) = 5B40
Symbol: EXLIB (/Users/dave/source/repos/tempest_ai/Robotron/Code/Williams/.build/lwasm/RRTESTC.bin) = 0049
Symbol: EXPRAM (/Users/dave/source/repos/tempest_ai/Robotron/Code/Williams/.build/lwasm/RRTESTC.bin) = 9896
Symbol: EXST (/Users/dave/source/repos/tempest_ai/Robotron/Code/Williams/.build/lwasm/RRTESTC.bin) = 5B43
Symbol: EXTMES (/Users/dave/source/repos/tempest_ai/Robotron/Code/Williams/.build/lwasm/RRTESTC.bin) = 007D
Symbol: EXUPD (/Users/dave/source/repos/tempest_ai/Robotron/Code/Williams/.build/lwasm/RRTESTC.bin) = 5B49
Symbol: FAMMM (/Users/dave/source/repos/tempest_ai/Robotron/Code/Williams/.build/lwasm/RRTESTC.bin) = 0081
Symbol: FDRAMM (/Users/dave/source/repos/tempest_ai/Robotron/Code/Williams/.build/lwasm/RRTESTC.bin) = 000B
Symbol: FDROMM (/Users/dave/source/repos/tempest_ai/Robotron/Code/Williams/.build/lwasm/RRTESTC.bin) = 000A
Symbol: FGODC (/Users/dave/source/repos/tempest_ai/Robotron/Code/Williams/.build/lwasm/RRTESTC.bin) = E5C5
Symbol: FGODC0 (/Users/dave/source/repos/tempest_ai/Robotron/Code/Williams/.build/lwasm/RRTESTC.bin) = E5CB
Symbol: FGODC1 (/Users/dave/source/repos/tempest_ai/Robotron/Code/Williams/.build/lwasm/RRTESTC.bin) = E5CD
Symbol: FONCOL (/Users/dave/source/repos/tempest_ai/Robotron/Code/Williams/.build/lwasm/RRTESTC.bin) = 0066
Symbol: FONIPC (/Users/dave/source/repos/tempest_ai/Robotron/Code/Williams/.build/lwasm/RRTESTC.bin) = 0016
Symbol: FRAME (/Users/dave/source/repos/tempest_ai/Robotron/Code/Williams/.build/lwasm/RRTESTC.bin) = 9844
Symbol: FREE (/Users/dave/source/repos/tempest_ai/Robotron/Code/Williams/.build/lwasm/RRTESTC.bin) = 9813
Symbol: FREEPL (/Users/dave/source/repos/tempest_ai/Robotron/Code/Williams/.build/lwasm/RRTESTC.bin) = CC12
Symbol: FROBM (/Users/dave/source/repos/tempest_ai/Robotron/Code/Williams/.build/lwasm/RRTESTC.bin) = 002C
Symbol: FSCCK (/Users/dave/source/repos/tempest_ai/Robotron/Code/Williams/.build/lwasm/RRTESTC.bin) = E5E3
Symbol: GA1 (/Users/dave/source/repos/tempest_ai/Robotron/Code/Williams/.build/lwasm/RRTESTC.bin) = CC14
Symbol: GA2 (/Users/dave/source/repos/tempest_ai/Robotron/Code/Williams/.build/lwasm/RRTESTC.bin) = CC16
Symbol: GAMTIM (/Users/dave/source/repos/tempest_ai/Robotron/Code/Williams/.build/lwasm/RRTESTC.bin) = 98EE
Symbol: GET333 (/Users/dave/source/repos/tempest_ai/Robotron/Code/Williams/.build/lwasm/RRTESTC.bin) = E7D5
Symbol: GETHIM (/Users/dave/source/repos/tempest_ai/Robotron/Code/Williams/.build/lwasm/RRTESTC.bin) = E7A3
Symbol: GETHM1 (/Users/dave/source/repos/tempest_ai/Robotron/Code/Williams/.build/lwasm/RRTESTC.bin) = E7B2
Symbol: GETHM2 (/Users/dave/source/repos/tempest_ai/Robotron/Code/Williams/.build/lwasm/RRTESTC.bin) = E7B7
Symbol: GETHM3 (/Users/dave/source/repos/tempest_ai/Robotron/Code/Williams/.build/lwasm/RRTESTC.bin) = E7E0
Symbol: GETHM4 (/Users/dave/source/repos/tempest_ai/Robotron/Code/Williams/.build/lwasm/RRTESTC.bin) = E806
Symbol: GETHM5 (/Users/dave/source/repos/tempest_ai/Robotron/Code/Williams/.build/lwasm/RRTESTC.bin) = E828
Symbol: GETHM8 (/Users/dave/source/repos/tempest_ai/Robotron/Code/Williams/.build/lwasm/RRTESTC.bin) = E814
Symbol: GETHUM (/Users/dave/source/repos/tempest_ai/Robotron/Code/Williams/.build/lwasm/RRTESTC.bin) = D087
Symbol: GETLRM (/Users/dave/source/repos/tempest_ai/Robotron/Code/Williams/.build/lwasm/RRTESTC.bin) = 98D8
Symbol: GETLST (/Users/dave/source/repos/tempest_ai/Robotron/Code/Williams/.build/lwasm/RRTESTC.bin) = 98DA
Symbol: GETLT (/Users/dave/source/repos/tempest_ai/Robotron/Code/Williams/.build/lwasm/RRTESTC.bin) = 6F09
Symbol: GETOB (/Users/dave/source/repos/tempest_ai/Robotron/Code/Williams/.build/lwasm/RRTESTC.bin) = D06F
Symbol: GETOBJ (/Users/dave/source/repos/tempest_ai/Robotron/Code/Williams/.build/lwasm/RRTESTC.bin) = D051
Symbol: GETPST (/Users/dave/source/repos/tempest_ai/Robotron/Code/Williams/.build/lwasm/RRTESTC.bin) = D081
Symbol: GETROB (/Users/dave/source/repos/tempest_ai/Robotron/Code/Williams/.build/lwasm/RRTESTC.bin) = D07B
Symbol: GMANY (/Users/dave/source/repos/tempest_ai/Robotron/Code/Williams/.build/lwasm/RRTESTC.bin) = E8DF
Symbol: GNCIDE (/Users/dave/source/repos/tempest_ai/Robotron/Code/Williams/.build/lwasm/RRTESTC.bin) = D060
Symbol: GODCHK (/Users/dave/source/repos/tempest_ai/Robotron/Code/Williams/.build/lwasm/RRTESTC.bin) = E90E
Symbol: GODENT (/Users/dave/source/repos/tempest_ai/Robotron/Code/Williams/.build/lwasm/RRTESTC.bin) = E8A5
Symbol: GODES1 (/Users/dave/source/repos/tempest_ai/Robotron/Code/Williams/.build/lwasm/RRTESTC.bin) = E8F2
Symbol: GODESB (/Users/dave/source/repos/tempest_ai/Robotron/Code/Williams/.build/lwasm/RRTESTC.bin) = E8B5
Symbol: GODINT (/Users/dave/source/repos/tempest_ai/Robotron/Code/Williams/.build/lwasm/RRTESTC.bin) = CD32
Symbol: GODMES (/Users/dave/source/repos/tempest_ai/Robotron/Code/Williams/.build/lwasm/RRTESTC.bin) = 005E
Symbol: GODSCR (/Users/dave/source/repos/tempest_ai/Robotron/Code/Williams/.build/lwasm/RRTESTC.bin) = CD38
Symbol: GODSET (/Users/dave/source/repos/tempest_ai/Robotron/Code/Williams/.build/lwasm/RRTESTC.bin) = E3D6
Symbol: GODSND (/Users/dave/source/repos/tempest_ai/Robotron/Code/Williams/.build/lwasm/RRTESTC.bin) = E599
Symbol: GOV (/Users/dave/source/repos/tempest_ai/Robotron/Code/Williams/.build/lwasm/RRTESTC.bin) = 77A0
Symbol: GTHREE (/Users/dave/source/repos/tempest_ai/Robotron/Code/Williams/.build/lwasm/RRTESTC.bin) = E8EC
Symbol: GTTHM8 (/Users/dave/source/repos/tempest_ai/Robotron/Code/Williams/.build/lwasm/RRTESTC.bin) = E818
Symbol: HAPST (/Users/dave/source/repos/tempest_ai/Robotron/Code/Williams/.build/lwasm/RRTESTC.bin) = 5B58
Symbol: HAPSTX (/Users/dave/source/repos/tempest_ai/Robotron/Code/Williams/.build/lwasm/RRTESTC.bin) = F00F
Symbol: HCK1 (/Users/dave/source/repos/tempest_ai/Robotron/Code/Williams/.build/lwasm/RRTESTC.bin) = 98F3
Symbol: HCK2 (/Users/dave/source/repos/tempest_ai/Robotron/Code/Williams/.build/lwasm/RRTESTC.bin) = BE72
Symbol: HEXBCD (/Users/dave/source/repos/tempest_ai/Robotron/Code/Williams/.build/lwasm/RRTESTC.bin) = D02A
Symbol: HEXST (/Users/dave/source/repos/tempest_ai/Robotron/Code/Williams/.build/lwasm/RRTESTC.bin) = 5B5B
Symbol: HEXSTX (/Users/dave/source/repos/tempest_ai/Robotron/Code/Williams/.build/lwasm/RRTESTC.bin) = F00C
Symbol: HIGH1 (/Users/dave/source/repos/tempest_ai/Robotron/Code/Williams/.build/lwasm/RRTESTC.bin) = 0062
Symbol: HIGH3 (/Users/dave/source/repos/tempest_ai/Robotron/Code/Williams/.build/lwasm/RRTESTC.bin) = 0063
Symbol: HIGHRS (/Users/dave/source/repos/tempest_ai/Robotron/Code/Williams/.build/lwasm/RRTESTC.bin) = E3D9
Symbol: HIVOL (/Users/dave/source/repos/tempest_ai/Robotron/Code/Williams/.build/lwasm/RRTESTC.bin) = 0043
Symbol: HLKANA (/Users/dave/source/repos/tempest_ai/Robotron/Code/Williams/.build/lwasm/RRTESTC.bin) = 0016
Symbol: HLKCNT (/Users/dave/source/repos/tempest_ai/Robotron/Code/Williams/.build/lwasm/RRTESTC.bin) = BE6D
Symbol: HLKPIC (/Users/dave/source/repos/tempest_ai/Robotron/Code/Williams/.build/lwasm/RRTESTC.bin) = 0014
Symbol: HLKSPD (/Users/dave/source/repos/tempest_ai/Robotron/Code/Williams/.build/lwasm/RRTESTC.bin) = BE61
Symbol: HORIZ (/Users/dave/source/repos/tempest_ai/Robotron/Code/Williams/.build/lwasm/RRTESTC.bin) = CA06
Symbol: HPTR (/Users/dave/source/repos/tempest_ai/Robotron/Code/Williams/.build/lwasm/RRTESTC.bin) = 981F
Symbol: HSBUT (/Users/dave/source/repos/tempest_ai/Robotron/Code/Williams/.build/lwasm/RRTESTC.bin) = E3E2
Symbol: HSBUT1 (/Users/dave/source/repos/tempest_ai/Robotron/Code/Williams/.build/lwasm/RRTESTC.bin) = E3EB
Symbol: HSBUT2 (/Users/dave/source/repos/tempest_ai/Robotron/Code/Williams/.build/lwasm/RRTESTC.bin) = E3F3
Symbol: HSBUT3 (/Users/dave/source/repos/tempest_ai/Robotron/Code/Williams/.build/lwasm/RRTESTC.bin) = E410
Symbol: HSBUTV (/Users/dave/source/repos/tempest_ai/Robotron/Code/Williams/.build/lwasm/RRTESTC.bin) = E3DF
Symbol: HSCHK (/Users/dave/source/repos/tempest_ai/Robotron/Code/Williams/.build/lwasm/RRTESTC.bin) = E413
Symbol: HSCHK1 (/Users/dave/source/repos/tempest_ai/Robotron/Code/Williams/.build/lwasm/RRTESTC.bin) = E419
Symbol: HSCHK2 (/Users/dave/source/repos/tempest_ai/Robotron/Code/Williams/.build/lwasm/RRTESTC.bin) = E425
Symbol: HSCHKV (/Users/dave/source/repos/tempest_ai/Robotron/Code/Williams/.build/lwasm/RRTESTC.bin) = E3DC
Symbol: HSEED (/Users/dave/source/repos/tempest_ai/Robotron/Code/Williams/.build/lwasm/RRTESTC.bin) = 9885
Symbol: HSINDX (/Users/dave/source/repos/tempest_ai/Robotron/Code/Williams/.build/lwasm/RRTESTC.bin) = 0061
Symbol: HSRESM (/Users/dave/source/repos/tempest_ai/Robotron/Code/Williams/.build/lwasm/RRTESTC.bin) = 005D
Symbol: HSTK (/Users/dave/source/repos/tempest_ai/Robotron/Code/Williams/.build/lwasm/RRTESTC.bin) = BF70
Symbol: HSTUNE (/Users/dave/source/repos/tempest_ai/Robotron/Code/Williams/.build/lwasm/RRTESTC.bin) = E591
Symbol: HTAB (/Users/dave/source/repos/tempest_ai/Robotron/Code/Williams/.build/lwasm/RRTESTC.bin) = B354
Symbol: HTABX (/Users/dave/source/repos/tempest_ai/Robotron/Code/Williams/.build/lwasm/RRTESTC.bin) = 9849
Symbol: HTBEND (/Users/dave/source/repos/tempest_ai/Robotron/Code/Williams/.build/lwasm/RRTESTC.bin) = B3A4
Symbol: HULKST (/Users/dave/source/repos/tempest_ai/Robotron/Code/Williams/.build/lwasm/RRTESTC.bin) = 0000
Symbol: HUMANA (/Users/dave/source/repos/tempest_ai/Robotron/Code/Williams/.build/lwasm/RRTESTC.bin) = 0018
Symbol: HUMONV (/Users/dave/source/repos/tempest_ai/Robotron/Code/Williams/.build/lwasm/RRTESTC.bin) = 1AC8
Symbol: HUMST (/Users/dave/source/repos/tempest_ai/Robotron/Code/Williams/.build/lwasm/RRTESTC.bin) = 0003
Symbol: HVEXST (/Users/dave/source/repos/tempest_ai/Robotron/Code/Williams/.build/lwasm/RRTESTC.bin) = 5B4F
Symbol: HXINIT (/Users/dave/source/repos/tempest_ai/Robotron/Code/Williams/.build/lwasm/RRTESTC.bin) = F009
Symbol: HXRAM (/Users/dave/source/repos/tempest_ai/Robotron/Code/Williams/.build/lwasm/RRTESTC.bin) = 98A8
Symbol: HXTAB (/Users/dave/source/repos/tempest_ai/Robotron/Code/Williams/.build/lwasm/RRTESTC.bin) = B3E4
Symbol: HXUPD (/Users/dave/source/repos/tempest_ai/Robotron/Code/Williams/.build/lwasm/RRTESTC.bin) = F012
Symbol: IFLG (/Users/dave/source/repos/tempest_ai/Robotron/Code/Williams/.build/lwasm/RRTESTC.bin) = 9843
Symbol: INDIAG (/Users/dave/source/repos/tempest_ai/Robotron/Code/Williams/.build/lwasm/RRTESTC.bin) = 98CE
Symbol: INDMES (/Users/dave/source/repos/tempest_ai/Robotron/Code/Williams/.build/lwasm/RRTESTC.bin) = 006F
Symbol: INDMF (/Users/dave/source/repos/tempest_ai/Robotron/Code/Williams/.build/lwasm/RRTESTC.bin) = 0069
Symbol: INIT (/Users/dave/source/repos/tempest_ai/Robotron/Code/Williams/.build/lwasm/RRTESTC.bin) = D000
Symbol: INT20V (/Users/dave/source/repos/tempest_ai/Robotron/Code/Williams/.build/lwasm/RRTESTC.bin) = D0C0
Symbol: ITEMP (/Users/dave/source/repos/tempest_ai/Robotron/Code/Williams/.build/lwasm/RRTESTC.bin) = 9825
Symbol: ITEMP2 (/Users/dave/source/repos/tempest_ai/Robotron/Code/Williams/.build/lwasm/RRTESTC.bin) = 9829
Symbol: KIDCNT (/Users/dave/source/repos/tempest_ai/Robotron/Code/Williams/.build/lwasm/RRTESTC.bin) = BE6C
Symbol: KIDPIC (/Users/dave/source/repos/tempest_ai/Robotron/Code/Williams/.build/lwasm/RRTESTC.bin) = 0012
Symbol: KILHUM (/Users/dave/source/repos/tempest_ai/Robotron/Code/Williams/.build/lwasm/RRTESTC.bin) = D08A
Symbol: KILL (/Users/dave/source/repos/tempest_ai/Robotron/Code/Williams/.build/lwasm/RRTESTC.bin) = D05D
Symbol: KILLOB (/Users/dave/source/repos/tempest_ai/Robotron/Code/Williams/.build/lwasm/RRTESTC.bin) = D072
Symbol: KILLOF (/Users/dave/source/repos/tempest_ai/Robotron/Code/Williams/.build/lwasm/RRTESTC.bin) = D075
Symbol: KILO1 (/Users/dave/source/repos/tempest_ai/Robotron/Code/Williams/.build/lwasm/RRTESTC.bin) = D04E
Symbol: KILOFP (/Users/dave/source/repos/tempest_ai/Robotron/Code/Williams/.build/lwasm/RRTESTC.bin) = D078
Symbol: KILPST (/Users/dave/source/repos/tempest_ai/Robotron/Code/Williams/.build/lwasm/RRTESTC.bin) = D084
Symbol: KILROB (/Users/dave/source/repos/tempest_ai/Robotron/Code/Williams/.build/lwasm/RRTESTC.bin) = D07E
Symbol: L0 (/Users/dave/source/repos/tempest_ai/Robotron/Code/Williams/.build/lwasm/RRTESTC.bin) = F01B
Symbol: L2 (/Users/dave/source/repos/tempest_ai/Robotron/Code/Williams/.build/lwasm/RRTESTC.bin) = F019
Symbol: LASCOL (/Users/dave/source/repos/tempest_ai/Robotron/Code/Williams/.build/lwasm/RRTESTC.bin) = 9891
Symbol: LASDIR (/Users/dave/source/repos/tempest_ai/Robotron/Code/Williams/.build/lwasm/RRTESTC.bin) = 9888
Symbol: LASPIC (/Users/dave/source/repos/tempest_ai/Robotron/Code/Williams/.build/lwasm/RRTESTC.bin) = 26D7
Symbol: LASTX (/Users/dave/source/repos/tempest_ai/Robotron/Code/Williams/.build/lwasm/RRTESTC.bin) = 98E6
Symbol: LCCNT (/Users/dave/source/repos/tempest_ai/Robotron/Code/Williams/.build/lwasm/RRTESTC.bin) = 984C
Symbol: LCNT (/Users/dave/source/repos/tempest_ai/Robotron/Code/Williams/.build/lwasm/RRTESTC.bin) = 9887
Symbol: LFV (/Users/dave/source/repos/tempest_ai/Robotron/Code/Williams/.build/lwasm/RRTESTC.bin) = D0C3
Symbol: LIB (/Users/dave/source/repos/tempest_ai/Robotron/Code/Williams/.build/lwasm/RRTESTC.bin) = 004A
Symbol: LOGCL2 (/Users/dave/source/repos/tempest_ai/Robotron/Code/Williams/.build/lwasm/RRTESTC.bin) = 98E0
Symbol: LOGCNT (/Users/dave/source/repos/tempest_ai/Robotron/Code/Williams/.build/lwasm/RRTESTC.bin) = 98E1
Symbol: LOGCOL (/Users/dave/source/repos/tempest_ai/Robotron/Code/Williams/.build/lwasm/RRTESTC.bin) = 98DF
Symbol: LOGCST (/Users/dave/source/repos/tempest_ai/Robotron/Code/Williams/.build/lwasm/RRTESTC.bin) = 98E4
Symbol: LOGORG (/Users/dave/source/repos/tempest_ai/Robotron/Code/Williams/.build/lwasm/RRTESTC.bin) = 77A0
Symbol: LOGSAV (/Users/dave/source/repos/tempest_ai/Robotron/Code/Williams/.build/lwasm/RRTESTC.bin) = 98E2
Symbol: LOGX (/Users/dave/source/repos/tempest_ai/Robotron/Code/Williams/.build/lwasm/RRTESTC.bin) = 98DD
Symbol: LRX (/Users/dave/source/repos/tempest_ai/Robotron/Code/Williams/.build/lwasm/RRTESTC.bin) = 987E
Symbol: LRY (/Users/dave/source/repos/tempest_ai/Robotron/Code/Williams/.build/lwasm/RRTESTC.bin) = 987F
Symbol: LSEED (/Users/dave/source/repos/tempest_ai/Robotron/Code/Williams/.build/lwasm/RRTESTC.bin) = 9886
Symbol: MAKEP (/Users/dave/source/repos/tempest_ai/Robotron/Code/Williams/.build/lwasm/RRTESTC.bin) = D054
Symbol: MANDSP (/Users/dave/source/repos/tempest_ai/Robotron/Code/Williams/.build/lwasm/RRTESTC.bin) = 26C9
Symbol: MANPIC (/Users/dave/source/repos/tempest_ai/Robotron/Code/Williams/.build/lwasm/RRTESTC.bin) = 26D5
Symbol: MBRAIN (/Users/dave/source/repos/tempest_ai/Robotron/Code/Williams/.build/lwasm/RRTESTC.bin) = 007A
Symbol: MDAD (/Users/dave/source/repos/tempest_ai/Robotron/Code/Williams/.build/lwasm/RRTESTC.bin) = 0074
Symbol: MENTK (/Users/dave/source/repos/tempest_ai/Robotron/Code/Williams/.build/lwasm/RRTESTC.bin) = 0079
Symbol: MESOUT (/Users/dave/source/repos/tempest_ai/Robotron/Code/Williams/.build/lwasm/RRTESTC.bin) = B3EA
Symbol: MGRUNT (/Users/dave/source/repos/tempest_ai/Robotron/Code/Williams/.build/lwasm/RRTESTC.bin) = 0076
Symbol: MHULK (/Users/dave/source/repos/tempest_ai/Robotron/Code/Williams/.build/lwasm/RRTESTC.bin) = 0077
Symbol: MINUNT (/Users/dave/source/repos/tempest_ai/Robotron/Code/Williams/.build/lwasm/RRTESTC.bin) = CC10
Symbol: MKGODC (/Users/dave/source/repos/tempest_ai/Robotron/Code/Williams/.build/lwasm/RRTESTC.bin) = E5BC
Symbol: MKID (/Users/dave/source/repos/tempest_ai/Robotron/Code/Williams/.build/lwasm/RRTESTC.bin) = 0075
Symbol: MKPROC (/Users/dave/source/repos/tempest_ai/Robotron/Code/Williams/.build/lwasm/RRTESTC.bin) = D057
Symbol: MKSCCK (/Users/dave/source/repos/tempest_ai/Robotron/Code/Williams/.build/lwasm/RRTESTC.bin) = E5DB
Symbol: MMOM (/Users/dave/source/repos/tempest_ai/Robotron/Code/Williams/.build/lwasm/RRTESTC.bin) = 0073
Symbol: MOMCNT (/Users/dave/source/repos/tempest_ai/Robotron/Code/Williams/.build/lwasm/RRTESTC.bin) = BE6A
Symbol: MOMPIC (/Users/dave/source/repos/tempest_ai/Robotron/Code/Williams/.build/lwasm/RRTESTC.bin) = 000E
Symbol: MPCTON (/Users/dave/source/repos/tempest_ai/Robotron/Code/Williams/.build/lwasm/RRTESTC.bin) = D090
Symbol: MPROB (/Users/dave/source/repos/tempest_ai/Robotron/Code/Williams/.build/lwasm/RRTESTC.bin) = D06C
Symbol: MPROG (/Users/dave/source/repos/tempest_ai/Robotron/Code/Williams/.build/lwasm/RRTESTC.bin) = 007C
Symbol: MSCCK0 (/Users/dave/source/repos/tempest_ai/Robotron/Code/Williams/.build/lwasm/RRTESTC.bin) = E5E8
Symbol: MSCCK1 (/Users/dave/source/repos/tempest_ai/Robotron/Code/Williams/.build/lwasm/RRTESTC.bin) = E5EE
Symbol: MSPCU (/Users/dave/source/repos/tempest_ai/Robotron/Code/Williams/.build/lwasm/RRTESTC.bin) = 0078
Symbol: MSPROC (/Users/dave/source/repos/tempest_ai/Robotron/Code/Williams/.build/lwasm/RRTESTC.bin) = D05A
Symbol: N0V (/Users/dave/source/repos/tempest_ai/Robotron/Code/Williams/.build/lwasm/RRTESTC.bin) = E9CA
Symbol: NEWBCH (/Users/dave/source/repos/tempest_ai/Robotron/Code/Williams/.build/lwasm/RRTESTC.bin) = D0C6
Symbol: NOM (/Users/dave/source/repos/tempest_ai/Robotron/Code/Williams/.build/lwasm/RRTESTC.bin) = 0048
Symbol: NOMESS (/Users/dave/source/repos/tempest_ai/Robotron/Code/Williams/.build/lwasm/RRTESTC.bin) = 0042
Symbol: NOREPM (/Users/dave/source/repos/tempest_ai/Robotron/Code/Williams/.build/lwasm/RRTESTC.bin) = 005A
Symbol: NOWMES (/Users/dave/source/repos/tempest_ai/Robotron/Code/Williams/.build/lwasm/RRTESTC.bin) = 0060
Symbol: NSHIP (/Users/dave/source/repos/tempest_ai/Robotron/Code/Williams/.build/lwasm/RRTESTC.bin) = CC02
Symbol: NULMES (/Users/dave/source/repos/tempest_ai/Robotron/Code/Williams/.build/lwasm/RRTESTC.bin) = 007E
Symbol: NULSCR (/Users/dave/source/repos/tempest_ai/Robotron/Code/Williams/.build/lwasm/RRTESTC.bin) = E58A
Symbol: NULSIZ (/Users/dave/source/repos/tempest_ai/Robotron/Code/Williams/.build/lwasm/RRTESTC.bin) = 0007
Symbol: OBJDAT (/Users/dave/source/repos/tempest_ai/Robotron/Code/Williams/.build/lwasm/RRTESTC.bin) = 0002
Symbol: OBJH (/Users/dave/source/repos/tempest_ai/Robotron/Code/Williams/.build/lwasm/RRTESTC.bin) = 0001
Symbol: OBJID (/Users/dave/source/repos/tempest_ai/Robotron/Code/Williams/.build/lwasm/RRTESTC.bin) = 0006
Symbol: OBJL (/Users/dave/source/repos/tempest_ai/Robotron/Code/Williams/.build/lwasm/RRTESTC.bin) = 0004
Symbol: OBJW (/Users/dave/source/repos/tempest_ai/Robotron/Code/Williams/.build/lwasm/RRTESTC.bin) = 0000
Symbol: OBJX (/Users/dave/source/repos/tempest_ai/Robotron/Code/Williams/.build/lwasm/RRTESTC.bin) = 0004
Symbol: OBJY (/Users/dave/source/repos/tempest_ai/Robotron/Code/Williams/.build/lwasm/RRTESTC.bin) = 0005
Symbol: OBPTR (/Users/dave/source/repos/tempest_ai/Robotron/Code/Williams/.build/lwasm/RRTESTC.bin) = 9819
Symbol: OBW (/Users/dave/source/repos/tempest_ai/Robotron/Code/Williams/.build/lwasm/RRTESTC.bin) = 987A
Symbol: OCVECT (/Users/dave/source/repos/tempest_ai/Robotron/Code/Williams/.build/lwasm/RRTESTC.bin) = 0008
Symbol: ODATA (/Users/dave/source/repos/tempest_ai/Robotron/Code/Williams/.build/lwasm/RRTESTC.bin) = 0013
Symbol: OFLAV (/Users/dave/source/repos/tempest_ai/Robotron/Code/Williams/.build/lwasm/RRTESTC.bin) = 0012
Symbol: OFREE (/Users/dave/source/repos/tempest_ai/Robotron/Code/Williams/.build/lwasm/RRTESTC.bin) = 981B
Symbol: OINIT (/Users/dave/source/repos/tempest_ai/Robotron/Code/Williams/.build/lwasm/RRTESTC.bin) = D030
Symbol: OKM (/Users/dave/source/repos/tempest_ai/Robotron/Code/Williams/.build/lwasm/RRTESTC.bin) = 0001
Symbol: OLDPIC (/Users/dave/source/repos/tempest_ai/Robotron/Code/Williams/.build/lwasm/RRTESTC.bin) = 0014
Symbol: OLEND (/Users/dave/source/repos/tempest_ai/Robotron/Code/Williams/.build/lwasm/RRTESTC.bin) = A9E0
Symbol: OLINK (/Users/dave/source/repos/tempest_ai/Robotron/Code/Williams/.build/lwasm/RRTESTC.bin) = 0000
Symbol: OLIST (/Users/dave/source/repos/tempest_ai/Robotron/Code/Williams/.build/lwasm/RRTESTC.bin) = 9900
Symbol: OMESM (/Users/dave/source/repos/tempest_ai/Robotron/Code/Williams/.build/lwasm/RRTESTC.bin) = 005C
Symbol: OMESUM (/Users/dave/source/repos/tempest_ai/Robotron/Code/Williams/.build/lwasm/RRTESTC.bin) = CC8E
Symbol: ONLY5M (/Users/dave/source/repos/tempest_ai/Robotron/Code/Williams/.build/lwasm/RRTESTC.bin) = 0064
Symbol: OPCNTM (/Users/dave/source/repos/tempest_ai/Robotron/Code/Williams/.build/lwasm/RRTESTC.bin) = 0065
Symbol: OPICT (/Users/dave/source/repos/tempest_ai/Robotron/Code/Williams/.build/lwasm/RRTESTC.bin) = 0002
Symbol: OPL1 (/Users/dave/source/repos/tempest_ai/Robotron/Code/Williams/.build/lwasm/RRTESTC.bin) = CC88
Symbol: OPL2 (/Users/dave/source/repos/tempest_ai/Robotron/Code/Williams/.build/lwasm/RRTESTC.bin) = CC8A
Symbol: OPMESS (/Users/dave/source/repos/tempest_ai/Robotron/Code/Williams/.build/lwasm/RRTESTC.bin) = CC24
Symbol: OPON (/Users/dave/source/repos/tempest_ai/Robotron/Code/Williams/.build/lwasm/RRTESTC.bin) = 3888
Symbol: OPON1 (/Users/dave/source/repos/tempest_ai/Robotron/Code/Williams/.build/lwasm/RRTESTC.bin) = 388B
Symbol: OPTR (/Users/dave/source/repos/tempest_ai/Robotron/Code/Williams/.build/lwasm/RRTESTC.bin) = 9817
Symbol: ORIG (/Users/dave/source/repos/tempest_ai/Robotron/Code/Williams/.build/lwasm/RRTESTC.bin) = CA02
Symbol: OSIZE (/Users/dave/source/repos/tempest_ai/Robotron/Code/Williams/.build/lwasm/RRTESTC.bin) = 0018
Symbol: OVCNT (/Users/dave/source/repos/tempest_ai/Robotron/Code/Williams/.build/lwasm/RRTESTC.bin) = 9842
Symbol: OX1 (/Users/dave/source/repos/tempest_ai/Robotron/Code/Williams/.build/lwasm/RRTESTC.bin) = 9876
Symbol: OX16 (/Users/dave/source/repos/tempest_ai/Robotron/Code/Williams/.build/lwasm/RRTESTC.bin) = 000A
Symbol: OXV (/Users/dave/source/repos/tempest_ai/Robotron/Code/Williams/.build/lwasm/RRTESTC.bin) = 000E
Symbol: OY1 (/Users/dave/source/repos/tempest_ai/Robotron/Code/Williams/.build/lwasm/RRTESTC.bin) = 9877
Symbol: OY16 (/Users/dave/source/repos/tempest_ai/Robotron/Code/Williams/.build/lwasm/RRTESTC.bin) = 000C
Symbol: OYV (/Users/dave/source/repos/tempest_ai/Robotron/Code/Williams/.build/lwasm/RRTESTC.bin) = 0010
Symbol: P1DISP (/Users/dave/source/repos/tempest_ai/Robotron/Code/Williams/.build/lwasm/RRTESTC.bin) = 180E
Symbol: P1KD (/Users/dave/source/repos/tempest_ai/Robotron/Code/Williams/.build/lwasm/RRTESTC.bin) = 000C
Symbol: P1MAN (/Users/dave/source/repos/tempest_ai/Robotron/Code/Williams/.build/lwasm/RRTESTC.bin) = 2E0E
Symbol: P1ORG (/Users/dave/source/repos/tempest_ai/Robotron/Code/Williams/.build/lwasm/RRTESTC.bin) = 180E
Symbol: P1SW (/Users/dave/source/repos/tempest_ai/Robotron/Code/Williams/.build/lwasm/RRTESTC.bin) = D099
Symbol: P2DISP (/Users/dave/source/repos/tempest_ai/Robotron/Code/Williams/.build/lwasm/RRTESTC.bin) = 580E
Symbol: P2MAN (/Users/dave/source/repos/tempest_ai/Robotron/Code/Williams/.build/lwasm/RRTESTC.bin) = 6E0E
Symbol: P2ORG (/Users/dave/source/repos/tempest_ai/Robotron/Code/Williams/.build/lwasm/RRTESTC.bin) = 580E
Symbol: P2SW (/Users/dave/source/repos/tempest_ai/Robotron/Code/Williams/.build/lwasm/RRTESTC.bin) = D09C
Symbol: PADDR (/Users/dave/source/repos/tempest_ai/Robotron/Code/Williams/.build/lwasm/RRTESTC.bin) = 0002
Symbol: PCFLG (/Users/dave/source/repos/tempest_ai/Robotron/Code/Williams/.build/lwasm/RRTESTC.bin) = 9848
Symbol: PCOD (/Users/dave/source/repos/tempest_ai/Robotron/Code/Williams/.build/lwasm/RRTESTC.bin) = 0006
Symbol: PCOORD (/Users/dave/source/repos/tempest_ai/Robotron/Code/Williams/.build/lwasm/RRTESTC.bin) = 4A7C
Symbol: PCRAM (/Users/dave/source/repos/tempest_ai/Robotron/Code/Williams/.build/lwasm/RRTESTC.bin) = 9800
Symbol: PCTOFF (/Users/dave/source/repos/tempest_ai/Robotron/Code/Williams/.build/lwasm/RRTESTC.bin) = D01E
Symbol: PCTON (/Users/dave/source/repos/tempest_ai/Robotron/Code/Williams/.build/lwasm/RRTESTC.bin) = D021
Symbol: PD (/Users/dave/source/repos/tempest_ai/Robotron/Code/Williams/.build/lwasm/RRTESTC.bin) = 0007
Symbol: PD1 (/Users/dave/source/repos/tempest_ai/Robotron/Code/Williams/.build/lwasm/RRTESTC.bin) = 0008
Symbol: PD2 (/Users/dave/source/repos/tempest_ai/Robotron/Code/Williams/.build/lwasm/RRTESTC.bin) = 0009
Symbol: PD3 (/Users/dave/source/repos/tempest_ai/Robotron/Code/Williams/.build/lwasm/RRTESTC.bin) = 000A
Symbol: PD4 (/Users/dave/source/repos/tempest_ai/Robotron/Code/Williams/.build/lwasm/RRTESTC.bin) = 000B
Symbol: PD5 (/Users/dave/source/repos/tempest_ai/Robotron/Code/Williams/.build/lwasm/RRTESTC.bin) = 000C
Symbol: PD6 (/Users/dave/source/repos/tempest_ai/Robotron/Code/Williams/.build/lwasm/RRTESTC.bin) = 000D
Symbol: PD7 (/Users/dave/source/repos/tempest_ai/Robotron/Code/Williams/.build/lwasm/RRTESTC.bin) = 000E
Symbol: PDATA (/Users/dave/source/repos/tempest_ai/Robotron/Code/Williams/.build/lwasm/RRTESTC.bin) = 0007
Symbol: PDEATH (/Users/dave/source/repos/tempest_ai/Robotron/Code/Williams/.build/lwasm/RRTESTC.bin) = 5B4C
Symbol: PENEMY (/Users/dave/source/repos/tempest_ai/Robotron/Code/Williams/.build/lwasm/RRTESTC.bin) = 000A
Symbol: PIA0 (/Users/dave/source/repos/tempest_ai/Robotron/Code/Williams/.build/lwasm/RRTESTC.bin) = C80C
Symbol: PIA01 (/Users/dave/source/repos/tempest_ai/Robotron/Code/Williams/.build/lwasm/RRTESTC.bin) = 982F
Symbol: PIA02 (/Users/dave/source/repos/tempest_ai/Robotron/Code/Williams/.build/lwasm/RRTESTC.bin) = 9830
Symbol: PIA1 (/Users/dave/source/repos/tempest_ai/Robotron/Code/Williams/.build/lwasm/RRTESTC.bin) = C80E
Symbol: PIA2 (/Users/dave/source/repos/tempest_ai/Robotron/Code/Williams/.build/lwasm/RRTESTC.bin) = C804
Symbol: PIA21 (/Users/dave/source/repos/tempest_ai/Robotron/Code/Williams/.build/lwasm/RRTESTC.bin) = 9831
Symbol: PIA22 (/Users/dave/source/repos/tempest_ai/Robotron/Code/Williams/.build/lwasm/RRTESTC.bin) = 9832
Symbol: PIA3 (/Users/dave/source/repos/tempest_ai/Robotron/Code/Williams/.build/lwasm/RRTESTC.bin) = C806
Symbol: PINIT (/Users/dave/source/repos/tempest_ai/Robotron/Code/Williams/.build/lwasm/RRTESTC.bin) = D036
Symbol: PKPRCV (/Users/dave/source/repos/tempest_ai/Robotron/Code/Williams/.build/lwasm/RRTESTC.bin) = 3895
Symbol: PLAIMB (/Users/dave/source/repos/tempest_ai/Robotron/Code/Williams/.build/lwasm/RRTESTC.bin) = 9872
Symbol: PLAIMC (/Users/dave/source/repos/tempest_ai/Robotron/Code/Williams/.build/lwasm/RRTESTC.bin) = 9870
Symbol: PLAIMN (/Users/dave/source/repos/tempest_ai/Robotron/Code/Williams/.build/lwasm/RRTESTC.bin) = 9871
Symbol: PLAS (/Users/dave/source/repos/tempest_ai/Robotron/Code/Williams/.build/lwasm/RRTESTC.bin) = 0008
Symbol: PLAYER (/Users/dave/source/repos/tempest_ai/Robotron/Code/Williams/.build/lwasm/RRTESTC.bin) = 26C0
Symbol: PLDATA (/Users/dave/source/repos/tempest_ai/Robotron/Code/Williams/.build/lwasm/RRTESTC.bin) = BDE4
Symbol: PLDEND (/Users/dave/source/repos/tempest_ai/Robotron/Code/Williams/.build/lwasm/RRTESTC.bin) = BE5C
Symbol: PLDLEN (/Users/dave/source/repos/tempest_ai/Robotron/Code/Williams/.build/lwasm/RRTESTC.bin) = 003C
Symbol: PLDX (/Users/dave/source/repos/tempest_ai/Robotron/Code/Williams/.build/lwasm/RRTESTC.bin) = D048
Symbol: PLINDX (/Users/dave/source/repos/tempest_ai/Robotron/Code/Williams/.build/lwasm/RRTESTC.bin) = D045
Symbol: PLINK (/Users/dave/source/repos/tempest_ai/Robotron/Code/Williams/.build/lwasm/RRTESTC.bin) = 0000
Symbol: PLOBJ (/Users/dave/source/repos/tempest_ai/Robotron/Code/Williams/.build/lwasm/RRTESTC.bin) = 985A
Symbol: PLRCNT (/Users/dave/source/repos/tempest_ai/Robotron/Code/Williams/.build/lwasm/RRTESTC.bin) = 9840
Symbol: PLRX (/Users/dave/source/repos/tempest_ai/Robotron/Code/Williams/.build/lwasm/RRTESTC.bin) = B3E8
Symbol: PLW (/Users/dave/source/repos/tempest_ai/Robotron/Code/Williams/.build/lwasm/RRTESTC.bin) = 987B
Symbol: PODATA (/Users/dave/source/repos/tempest_ai/Robotron/Code/Williams/.build/lwasm/RRTESTC.bin) = 986D
Symbol: POLDPC (/Users/dave/source/repos/tempest_ai/Robotron/Code/Williams/.build/lwasm/RRTESTC.bin) = 986E
Symbol: POORP (/Users/dave/source/repos/tempest_ai/Robotron/Code/Williams/.build/lwasm/RRTESTC.bin) = 0045
Symbol: PPICT (/Users/dave/source/repos/tempest_ai/Robotron/Code/Williams/.build/lwasm/RRTESTC.bin) = 985C
Symbol: PPTR (/Users/dave/source/repos/tempest_ai/Robotron/Code/Williams/.build/lwasm/RRTESTC.bin) = 9823
Symbol: PR35V (/Users/dave/source/repos/tempest_ai/Robotron/Code/Williams/.build/lwasm/RRTESTC.bin) = 5F90
Symbol: PR57V (/Users/dave/source/repos/tempest_ai/Robotron/Code/Williams/.build/lwasm/RRTESTC.bin) = 5F93
Symbol: PRGPIC (/Users/dave/source/repos/tempest_ai/Robotron/Code/Williams/.build/lwasm/RRTESTC.bin) = 1ACB
Symbol: PRINV (/Users/dave/source/repos/tempest_ai/Robotron/Code/Williams/.build/lwasm/RRTESTC.bin) = 5F9C
Symbol: PRN5FV (/Users/dave/source/repos/tempest_ai/Robotron/Code/Williams/.build/lwasm/RRTESTC.bin) = 5F90
Symbol: PRN7FV (/Users/dave/source/repos/tempest_ai/Robotron/Code/Williams/.build/lwasm/RRTESTC.bin) = 5F93
Symbol: PRPLA (/Users/dave/source/repos/tempest_ai/Robotron/Code/Williams/.build/lwasm/RRTESTC.bin) = 0004
Symbol: PRSCR (/Users/dave/source/repos/tempest_ai/Robotron/Code/Williams/.build/lwasm/RRTESTC.bin) = 5F9F
Symbol: PSCOR (/Users/dave/source/repos/tempest_ai/Robotron/Code/Williams/.build/lwasm/RRTESTC.bin) = 0000
Symbol: PSINIT (/Users/dave/source/repos/tempest_ai/Robotron/Code/Williams/.build/lwasm/RRTESTC.bin) = 3883
Symbol: PSIZE (/Users/dave/source/repos/tempest_ai/Robotron/Code/Williams/.build/lwasm/RRTESTC.bin) = 000F
Symbol: PSLEND (/Users/dave/source/repos/tempest_ai/Robotron/Code/Williams/.build/lwasm/RRTESTC.bin) = B3E4
Symbol: PSLIST (/Users/dave/source/repos/tempest_ai/Robotron/Code/Williams/.build/lwasm/RRTESTC.bin) = B3A4
Symbol: PSTANI (/Users/dave/source/repos/tempest_ai/Robotron/Code/Williams/.build/lwasm/RRTESTC.bin) = 9893
Symbol: PSTCNT (/Users/dave/source/repos/tempest_ai/Robotron/Code/Williams/.build/lwasm/RRTESTC.bin) = BE69
Symbol: PSTCOL (/Users/dave/source/repos/tempest_ai/Robotron/Code/Williams/.build/lwasm/RRTESTC.bin) = 9890
Symbol: PSTIN (/Users/dave/source/repos/tempest_ai/Robotron/Code/Williams/.build/lwasm/RRTESTC.bin) = 9827
Symbol: PSTP1 (/Users/dave/source/repos/tempest_ai/Robotron/Code/Williams/.build/lwasm/RRTESTC.bin) = 3886
Symbol: PSTPIC (/Users/dave/source/repos/tempest_ai/Robotron/Code/Williams/.build/lwasm/RRTESTC.bin) = 3893
Symbol: PSTREF (/Users/dave/source/repos/tempest_ai/Robotron/Code/Williams/.build/lwasm/RRTESTC.bin) = 9892
Symbol: PTAB (/Users/dave/source/repos/tempest_ai/Robotron/Code/Williams/.build/lwasm/RRTESTC.bin) = A9E0
Symbol: PTIME (/Users/dave/source/repos/tempest_ai/Robotron/Code/Williams/.build/lwasm/RRTESTC.bin) = 0004
Symbol: PTYPE (/Users/dave/source/repos/tempest_ai/Robotron/Code/Williams/.build/lwasm/RRTESTC.bin) = 0005
Symbol: PUPHSC (/Users/dave/source/repos/tempest_ai/Robotron/Code/Williams/.build/lwasm/RRTESTC.bin) = E3D0
Symbol: PWAV (/Users/dave/source/repos/tempest_ai/Robotron/Code/Williams/.build/lwasm/RRTESTC.bin) = 0009
Symbol: PWRUPV (/Users/dave/source/repos/tempest_ai/Robotron/Code/Williams/.build/lwasm/RRTESTC.bin) = F000
Symbol: PX (/Users/dave/source/repos/tempest_ai/Robotron/Code/Williams/.build/lwasm/RRTESTC.bin) = 985E
Symbol: PX1 (/Users/dave/source/repos/tempest_ai/Robotron/Code/Williams/.build/lwasm/RRTESTC.bin) = 9878
Symbol: PX16 (/Users/dave/source/repos/tempest_ai/Robotron/Code/Williams/.build/lwasm/RRTESTC.bin) = 9864
Symbol: PXV (/Users/dave/source/repos/tempest_ai/Robotron/Code/Williams/.build/lwasm/RRTESTC.bin) = 9868
Symbol: PY1 (/Users/dave/source/repos/tempest_ai/Robotron/Code/Williams/.build/lwasm/RRTESTC.bin) = 9879
Symbol: PY16 (/Users/dave/source/repos/tempest_ai/Robotron/Code/Williams/.build/lwasm/RRTESTC.bin) = 9866
Symbol: PYV (/Users/dave/source/repos/tempest_ai/Robotron/Code/Williams/.build/lwasm/RRTESTC.bin) = 986A
Symbol: RAM (/Users/dave/source/repos/tempest_ai/Robotron/Code/Williams/.build/lwasm/RRTESTC.bin) = 9800
Symbol: RAMALS (/Users/dave/source/repos/tempest_ai/Robotron/Code/Williams/.build/lwasm/RRTESTC.bin) = B3EA
Symbol: RAMOK (/Users/dave/source/repos/tempest_ai/Robotron/Code/Williams/.build/lwasm/RRTESTC.bin) = 0005
Symbol: RAMTOP (/Users/dave/source/repos/tempest_ai/Robotron/Code/Williams/.build/lwasm/RRTESTC.bin) = C000
Symbol: RAND (/Users/dave/source/repos/tempest_ai/Robotron/Code/Williams/.build/lwasm/RRTESTC.bin) = D039
Symbol: RAND16 (/Users/dave/source/repos/tempest_ai/Robotron/Code/Williams/.build/lwasm/RRTESTC.bin) = D03C
Symbol: RANDU (/Users/dave/source/repos/tempest_ai/Robotron/Code/Williams/.build/lwasm/RRTESTC.bin) = D042
Symbol: RANDXY (/Users/dave/source/repos/tempest_ai/Robotron/Code/Williams/.build/lwasm/RRTESTC.bin) = 26C3
Symbol: RCCNT (/Users/dave/source/repos/tempest_ai/Robotron/Code/Williams/.build/lwasm/RRTESTC.bin) = 984D
Symbol: RCMOSA (/Users/dave/source/repos/tempest_ai/Robotron/Code/Williams/.build/lwasm/RRTESTC.bin) = D0A2
Symbol: RCMOSB (/Users/dave/source/repos/tempest_ai/Robotron/Code/Williams/.build/lwasm/RRTESTC.bin) = D0A5
Symbol: RCMOSD (/Users/dave/source/repos/tempest_ai/Robotron/Code/Williams/.build/lwasm/RRTESTC.bin) = D0A8
Symbol: RCORG (/Users/dave/source/repos/tempest_ai/Robotron/Code/Williams/.build/lwasm/RRTESTC.bin) = 1140
Symbol: RDORG (/Users/dave/source/repos/tempest_ai/Robotron/Code/Williams/.build/lwasm/RRTESTC.bin) = DD00
Symbol: RDTHV (/Users/dave/source/repos/tempest_ai/Robotron/Code/Williams/.build/lwasm/RRTESTC.bin) = DD00
Symbol: RDXORG (/Users/dave/source/repos/tempest_ai/Robotron/Code/Williams/.build/lwasm/RRTESTC.bin) = 4680
Symbol: RECOM (/Users/dave/source/repos/tempest_ai/Robotron/Code/Williams/.build/lwasm/RRTESTC.bin) = 0044
Symbol: REMGOD (/Users/dave/source/repos/tempest_ai/Robotron/Code/Williams/.build/lwasm/RRTESTC.bin) = E64C
Symbol: REPLA (/Users/dave/source/repos/tempest_ai/Robotron/Code/Williams/.build/lwasm/RRTESTC.bin) = 9846
Symbol: REPLAY (/Users/dave/source/repos/tempest_ai/Robotron/Code/Williams/.build/lwasm/RRTESTC.bin) = CC00
Symbol: REPMM1 (/Users/dave/source/repos/tempest_ai/Robotron/Code/Williams/.build/lwasm/RRTESTC.bin) = 0040
Symbol: REPMM2 (/Users/dave/source/repos/tempest_ai/Robotron/Code/Williams/.build/lwasm/RRTESTC.bin) = 0041
Symbol: REPMM3 (/Users/dave/source/repos/tempest_ai/Robotron/Code/Williams/.build/lwasm/RRTESTC.bin) = 004E
Symbol: REPMM4 (/Users/dave/source/repos/tempest_ai/Robotron/Code/Williams/.build/lwasm/RRTESTC.bin) = 0066
Symbol: RERRM (/Users/dave/source/repos/tempest_ai/Robotron/Code/Williams/.build/lwasm/RRTESTC.bin) = 0002
Symbol: RESHS1 (/Users/dave/source/repos/tempest_ai/Robotron/Code/Williams/.build/lwasm/RRTESTC.bin) = E457
Symbol: RESHSC (/Users/dave/source/repos/tempest_ai/Robotron/Code/Williams/.build/lwasm/RRTESTC.bin) = E433
Symbol: RESMES (/Users/dave/source/repos/tempest_ai/Robotron/Code/Williams/.build/lwasm/RRTESTC.bin) = 0050
Symbol: RGORG (/Users/dave/source/repos/tempest_ai/Robotron/Code/Williams/.build/lwasm/RRTESTC.bin) = 26C0
Symbol: RHORG (/Users/dave/source/repos/tempest_ai/Robotron/Code/Williams/.build/lwasm/RRTESTC.bin) = 0000
Symbol: RINIT (/Users/dave/source/repos/tempest_ai/Robotron/Code/Williams/.build/lwasm/RRTESTC.bin) = 3880
Symbol: RIPFLG (/Users/dave/source/repos/tempest_ai/Robotron/Code/Williams/.build/lwasm/RRTESTC.bin) = 98F2
Symbol: RIPV (/Users/dave/source/repos/tempest_ai/Robotron/Code/Williams/.build/lwasm/RRTESTC.bin) = D069
Symbol: RMAX (/Users/dave/source/repos/tempest_ai/Robotron/Code/Williams/.build/lwasm/RRTESTC.bin) = D03F
Symbol: RMENT0 (/Users/dave/source/repos/tempest_ai/Robotron/Code/Williams/.build/lwasm/RRTESTC.bin) = E6D0
Symbol: RMENT1 (/Users/dave/source/repos/tempest_ai/Robotron/Code/Williams/.build/lwasm/RRTESTC.bin) = E6E4
Symbol: RMENTR (/Users/dave/source/repos/tempest_ai/Robotron/Code/Williams/.build/lwasm/RRTESTC.bin) = E6CC
Symbol: RMORG (/Users/dave/source/repos/tempest_ai/Robotron/Code/Williams/.build/lwasm/RRTESTC.bin) = 5700
Symbol: RMRAM (/Users/dave/source/repos/tempest_ai/Robotron/Code/Williams/.build/lwasm/RRTESTC.bin) = 98C8
Symbol: RMST (/Users/dave/source/repos/tempest_ai/Robotron/Code/Williams/.build/lwasm/RRTESTC.bin) = 5700
Symbol: RMXSPD (/Users/dave/source/repos/tempest_ai/Robotron/Code/Williams/.build/lwasm/RRTESTC.bin) = BE5D
Symbol: ROBCNT (/Users/dave/source/repos/tempest_ai/Robotron/Code/Williams/.build/lwasm/RRTESTC.bin) = BE68
Symbol: ROBPIC (/Users/dave/source/repos/tempest_ai/Robotron/Code/Williams/.build/lwasm/RRTESTC.bin) = 3891
Symbol: ROBSPD (/Users/dave/source/repos/tempest_ai/Robotron/Code/Williams/.build/lwasm/RRTESTC.bin) = BE5C
Symbol: ROBST (/Users/dave/source/repos/tempest_ai/Robotron/Code/Williams/.build/lwasm/RRTESTC.bin) = 988B
Symbol: ROMERM (/Users/dave/source/repos/tempest_ai/Robotron/Code/Williams/.build/lwasm/RRTESTC.bin) = 0003
Symbol: ROMOK (/Users/dave/source/repos/tempest_ai/Robotron/Code/Williams/.build/lwasm/RRTESTC.bin) = 0004
Symbol: ROSORG (/Users/dave/source/repos/tempest_ai/Robotron/Code/Williams/.build/lwasm/RRTESTC.bin) = D000
Symbol: RPORG (/Users/dave/source/repos/tempest_ai/Robotron/Code/Williams/.build/lwasm/RRTESTC.bin) = 3880
Symbol: RPTR (/Users/dave/source/repos/tempest_ai/Robotron/Code/Williams/.build/lwasm/RRTESTC.bin) = 9821
Symbol: RTKORG (/Users/dave/source/repos/tempest_ai/Robotron/Code/Williams/.build/lwasm/RRTESTC.bin) = 4B00
Symbol: RTORG (/Users/dave/source/repos/tempest_ai/Robotron/Code/Williams/.build/lwasm/RRTESTC.bin) = 4140
Symbol: RWCNTL (/Users/dave/source/repos/tempest_ai/Robotron/Code/Williams/.build/lwasm/RRTESTC.bin) = C900
Symbol: RWCTMP (/Users/dave/source/repos/tempest_ai/Robotron/Code/Williams/.build/lwasm/RRTESTC.bin) = 9845
Symbol: RWMOVE (/Users/dave/source/repos/tempest_ai/Robotron/Code/Williams/.build/lwasm/RRTESTC.bin) = D0B7
Symbol: RXORG (/Users/dave/source/repos/tempest_ai/Robotron/Code/Williams/.build/lwasm/RRTESTC.bin) = 5B40
Symbol: SAFTY (/Users/dave/source/repos/tempest_ai/Robotron/Code/Williams/.build/lwasm/RRTESTC.bin) = 388E
Symbol: SAVCNT (/Users/dave/source/repos/tempest_ai/Robotron/Code/Williams/.build/lwasm/RRTESTC.bin) = 988D
Symbol: SCORE (/Users/dave/source/repos/tempest_ai/Robotron/Code/Williams/.build/lwasm/RRTESTC.bin) = D00C
Symbol: SCRCLR (/Users/dave/source/repos/tempest_ai/Robotron/Code/Williams/.build/lwasm/RRTESTC.bin) = D012
Symbol: SCRFLG (/Users/dave/source/repos/tempest_ai/Robotron/Code/Williams/.build/lwasm/RRTESTC.bin) = 98F0
Symbol: SCRMES (/Users/dave/source/repos/tempest_ai/Robotron/Code/Williams/.build/lwasm/RRTESTC.bin) = 006E
Symbol: SCRSIZ (/Users/dave/source/repos/tempest_ai/Robotron/Code/Williams/.build/lwasm/RRTESTC.bin) = 000E
Symbol: SCRTR0 (/Users/dave/source/repos/tempest_ai/Robotron/Code/Williams/.build/lwasm/RRTESTC.bin) = D00F
Symbol: SCRTRN (/Users/dave/source/repos/tempest_ai/Robotron/Code/Williams/.build/lwasm/RRTESTC.bin) = D009
Symbol: SCTRNS (/Users/dave/source/repos/tempest_ai/Robotron/Code/Williams/.build/lwasm/RRTESTC.bin) = E875
Symbol: SDOUT (/Users/dave/source/repos/tempest_ai/Robotron/Code/Williams/.build/lwasm/RRTESTC.bin) = D006
Symbol: SEED (/Users/dave/source/repos/tempest_ai/Robotron/Code/Williams/.build/lwasm/RRTESTC.bin) = 9884
Symbol: SETBOT (/Users/dave/source/repos/tempest_ai/Robotron/Code/Williams/.build/lwasm/RRTESTC.bin) = E830
Symbol: SETBT0 (/Users/dave/source/repos/tempest_ai/Robotron/Code/Williams/.build/lwasm/RRTESTC.bin) = E83C
Symbol: SETBT1 (/Users/dave/source/repos/tempest_ai/Robotron/Code/Williams/.build/lwasm/RRTESTC.bin) = E841
Symbol: SETBT3 (/Users/dave/source/repos/tempest_ai/Robotron/Code/Williams/.build/lwasm/RRTESTC.bin) = E849
Symbol: SETBT5 (/Users/dave/source/repos/tempest_ai/Robotron/Code/Williams/.build/lwasm/RRTESTC.bin) = E857
Symbol: SETBZZ (/Users/dave/source/repos/tempest_ai/Robotron/Code/Williams/.build/lwasm/RRTESTC.bin) = E82C
Symbol: SETORG (/Users/dave/source/repos/tempest_ai/Robotron/Code/Williams/.build/lwasm/RRTESTC.bin) = E9C8
Symbol: SETSB1 (/Users/dave/source/repos/tempest_ai/Robotron/Code/Williams/.build/lwasm/RRTESTC.bin) = E871
Symbol: SETSB2 (/Users/dave/source/repos/tempest_ai/Robotron/Code/Williams/.build/lwasm/RRTESTC.bin) = E863
Symbol: SETSUB (/Users/dave/source/repos/tempest_ai/Robotron/Code/Williams/.build/lwasm/RRTESTC.bin) = E85B
Symbol: SHLCNT (/Users/dave/source/repos/tempest_ai/Robotron/Code/Williams/.build/lwasm/RRTESTC.bin) = 98F1
Symbol: SHLSPD (/Users/dave/source/repos/tempest_ai/Robotron/Code/Williams/.build/lwasm/RRTESTC.bin) = BE65
Symbol: SIDE (/Users/dave/source/repos/tempest_ai/Robotron/Code/Williams/.build/lwasm/RRTESTC.bin) = 98E8
Symbol: SKLPIC (/Users/dave/source/repos/tempest_ai/Robotron/Code/Williams/.build/lwasm/RRTESTC.bin) = 001A
Symbol: SKULL (/Users/dave/source/repos/tempest_ai/Robotron/Code/Williams/.build/lwasm/RRTESTC.bin) = 0009
Symbol: SLEEP (/Users/dave/source/repos/tempest_ai/Robotron/Code/Williams/.build/lwasm/RRTESTC.bin) = D066
Symbol: SLIDER (/Users/dave/source/repos/tempest_ai/Robotron/Code/Williams/.build/lwasm/RRTESTC.bin) = 98EA
Symbol: SLMCNT (/Users/dave/source/repos/tempest_ai/Robotron/Code/Williams/.build/lwasm/RRTESTC.bin) = 984B
Symbol: SLOT1 (/Users/dave/source/repos/tempest_ai/Robotron/Code/Williams/.build/lwasm/RRTESTC.bin) = CD02
Symbol: SLOT1M (/Users/dave/source/repos/tempest_ai/Robotron/Code/Williams/.build/lwasm/RRTESTC.bin) = CC06
Symbol: SLOT2M (/Users/dave/source/repos/tempest_ai/Robotron/Code/Williams/.build/lwasm/RRTESTC.bin) = CC08
Symbol: SLOT3M (/Users/dave/source/repos/tempest_ai/Robotron/Code/Williams/.build/lwasm/RRTESTC.bin) = CC0A
Symbol: SNDLD (/Users/dave/source/repos/tempest_ai/Robotron/Code/Williams/.build/lwasm/RRTESTC.bin) = D04B
Symbol: SNDLDS (/Users/dave/source/repos/tempest_ai/Robotron/Code/Williams/.build/lwasm/RRTESTC.bin) = E971
Symbol: SNDPRI (/Users/dave/source/repos/tempest_ai/Robotron/Code/Williams/.build/lwasm/RRTESTC.bin) = 9856
Symbol: SNDREP (/Users/dave/source/repos/tempest_ai/Robotron/Code/Williams/.build/lwasm/RRTESTC.bin) = 9858
Symbol: SNDTEX (/Users/dave/source/repos/tempest_ai/Robotron/Code/Williams/.build/lwasm/RRTESTC.bin) = 0009
Symbol: SNDTMR (/Users/dave/source/repos/tempest_ai/Robotron/Code/Williams/.build/lwasm/RRTESTC.bin) = 9857
Symbol: SNDX (/Users/dave/source/repos/tempest_ai/Robotron/Code/Williams/.build/lwasm/RRTESTC.bin) = 9854
Symbol: SOUND (/Users/dave/source/repos/tempest_ai/Robotron/Code/Williams/.build/lwasm/RRTESTC.bin) = C80E
Symbol: SPECFN (/Users/dave/source/repos/tempest_ai/Robotron/Code/Williams/.build/lwasm/RRTESTC.bin) = CC18
Symbol: SPFREE (/Users/dave/source/repos/tempest_ai/Robotron/Code/Williams/.build/lwasm/RRTESTC.bin) = 981D
Symbol: SPKCNT (/Users/dave/source/repos/tempest_ai/Robotron/Code/Williams/.build/lwasm/RRTESTC.bin) = 988A
Symbol: SPSIZE (/Users/dave/source/repos/tempest_ai/Robotron/Code/Williams/.build/lwasm/RRTESTC.bin) = 001F
Symbol: SPTAB (/Users/dave/source/repos/tempest_ai/Robotron/Code/Williams/.build/lwasm/RRTESTC.bin) = B0E8
Symbol: SPTEND (/Users/dave/source/repos/tempest_ai/Robotron/Code/Williams/.build/lwasm/RRTESTC.bin) = B354
Symbol: SQCNT (/Users/dave/source/repos/tempest_ai/Robotron/Code/Williams/.build/lwasm/RRTESTC.bin) = BE70
Symbol: SQPIC (/Users/dave/source/repos/tempest_ai/Robotron/Code/Williams/.build/lwasm/RRTESTC.bin) = 4B06
Symbol: SQSPD (/Users/dave/source/repos/tempest_ai/Robotron/Code/Williams/.build/lwasm/RRTESTC.bin) = BE67
Symbol: SQST (/Users/dave/source/repos/tempest_ai/Robotron/Code/Williams/.build/lwasm/RRTESTC.bin) = 4B03
Symbol: STATUS (/Users/dave/source/repos/tempest_ai/Robotron/Code/Williams/.build/lwasm/RRTESTC.bin) = 9859
Symbol: STRT1 (/Users/dave/source/repos/tempest_ai/Robotron/Code/Williams/.build/lwasm/RRTESTC.bin) = 26CC
Symbol: STRT2 (/Users/dave/source/repos/tempest_ai/Robotron/Code/Williams/.build/lwasm/RRTESTC.bin) = 26CF
Symbol: STYPE (/Users/dave/source/repos/tempest_ai/Robotron/Code/Williams/.build/lwasm/RRTESTC.bin) = 0000
Symbol: SUCIDE (/Users/dave/source/repos/tempest_ai/Robotron/Code/Williams/.build/lwasm/RRTESTC.bin) = D063
Symbol: SWMES1 (/Users/dave/source/repos/tempest_ai/Robotron/Code/Williams/.build/lwasm/RRTESTC.bin) = 000D
Symbol: SWPROC (/Users/dave/source/repos/tempest_ai/Robotron/Code/Williams/.build/lwasm/RRTESTC.bin) = 9833
Symbol: SWTESM (/Users/dave/source/repos/tempest_ai/Robotron/Code/Williams/.build/lwasm/RRTESTC.bin) = 000C
Symbol: TAB35 (/Users/dave/source/repos/tempest_ai/Robotron/Code/Williams/.build/lwasm/RRTESTC.bin) = E9C8
Symbol: TAB57 (/Users/dave/source/repos/tempest_ai/Robotron/Code/Williams/.build/lwasm/RRTESTC.bin) = E9CA
Symbol: TABEND (/Users/dave/source/repos/tempest_ai/Robotron/Code/Williams/.build/lwasm/RRTESTC.bin) = B0E8
Symbol: TABLEV (/Users/dave/source/repos/tempest_ai/Robotron/Code/Williams/.build/lwasm/RRTESTC.bin) = DF40
Symbol: TABORG (/Users/dave/source/repos/tempest_ai/Robotron/Code/Williams/.build/lwasm/RRTESTC.bin) = DF40
Symbol: TANKST (/Users/dave/source/repos/tempest_ai/Robotron/Code/Williams/.build/lwasm/RRTESTC.bin) = 4B00
Symbol: TDISPV (/Users/dave/source/repos/tempest_ai/Robotron/Code/Williams/.build/lwasm/RRTESTC.bin) = 26D2
Symbol: TDPTIM (/Users/dave/source/repos/tempest_ai/Robotron/Code/Williams/.build/lwasm/RRTESTC.bin) = BE66
Symbol: TEXCOL (/Users/dave/source/repos/tempest_ai/Robotron/Code/Williams/.build/lwasm/RRTESTC.bin) = 98CF
Symbol: TEXMAR (/Users/dave/source/repos/tempest_ai/Robotron/Code/Williams/.build/lwasm/RRTESTC.bin) = 98D3
Symbol: TEXMFL (/Users/dave/source/repos/tempest_ai/Robotron/Code/Williams/.build/lwasm/RRTESTC.bin) = 98D5
Symbol: TEXTP3 (/Users/dave/source/repos/tempest_ai/Robotron/Code/Williams/.build/lwasm/RRTESTC.bin) = 98D6
Symbol: TIMER (/Users/dave/source/repos/tempest_ai/Robotron/Code/Williams/.build/lwasm/RRTESTC.bin) = 9810
Symbol: TITLEM (/Users/dave/source/repos/tempest_ai/Robotron/Code/Williams/.build/lwasm/RRTESTC.bin) = 0080
Symbol: TNGPIC (/Users/dave/source/repos/tempest_ai/Robotron/Code/Williams/.build/lwasm/RRTESTC.bin) = 4B08
Symbol: TNKCNT (/Users/dave/source/repos/tempest_ai/Robotron/Code/Williams/.build/lwasm/RRTESTC.bin) = BE71
Symbol: TNKPIC (/Users/dave/source/repos/tempest_ai/Robotron/Code/Williams/.build/lwasm/RRTESTC.bin) = 4B0A
Symbol: TNKSHT (/Users/dave/source/repos/tempest_ai/Robotron/Code/Williams/.build/lwasm/RRTESTC.bin) = BE64
Symbol: TNKSPD (/Users/dave/source/repos/tempest_ai/Robotron/Code/Williams/.build/lwasm/RRTESTC.bin) = 98EF
Symbol: TODAYS (/Users/dave/source/repos/tempest_ai/Robotron/Code/Williams/.build/lwasm/RRTESTC.bin) = CF6E
Symbol: TODBYE (/Users/dave/source/repos/tempest_ai/Robotron/Code/Williams/.build/lwasm/RRTESTC.bin) = E934
Symbol: TODCHK (/Users/dave/source/repos/tempest_ai/Robotron/Code/Williams/.build/lwasm/RRTESTC.bin) = E91B
Symbol: TODCK1 (/Users/dave/source/repos/tempest_ai/Robotron/Code/Williams/.build/lwasm/RRTESTC.bin) = E924
Symbol: TODEND (/Users/dave/source/repos/tempest_ai/Robotron/Code/Williams/.build/lwasm/RRTESTC.bin) = CFFA
Symbol: TODTAB (/Users/dave/source/repos/tempest_ai/Robotron/Code/Williams/.build/lwasm/RRTESTC.bin) = E495
Symbol: TRANST (/Users/dave/source/repos/tempest_ai/Robotron/Code/Williams/.build/lwasm/RRTESTC.bin) = 4140
Symbol: TSBORG (/Users/dave/source/repos/tempest_ai/Robotron/Code/Williams/.build/lwasm/RRTESTC.bin) = 6F00
Symbol: TSCORG (/Users/dave/source/repos/tempest_ai/Robotron/Code/Williams/.build/lwasm/RRTESTC.bin) = E3D0
Symbol: TSTORG (/Users/dave/source/repos/tempest_ai/Robotron/Code/Williams/.build/lwasm/RRTESTC.bin) = F000
Symbol: TXCLIP (/Users/dave/source/repos/tempest_ai/Robotron/Code/Williams/.build/lwasm/RRTESTC.bin) = 98D7
Symbol: TXFLAV (/Users/dave/source/repos/tempest_ai/Robotron/Code/Williams/.build/lwasm/RRTESTC.bin) = 98D0
Symbol: TXFONT (/Users/dave/source/repos/tempest_ai/Robotron/Code/Williams/.build/lwasm/RRTESTC.bin) = 98D2
Symbol: TXLEAD (/Users/dave/source/repos/tempest_ai/Robotron/Code/Williams/.build/lwasm/RRTESTC.bin) = 98D1
Symbol: TXORG (/Users/dave/source/repos/tempest_ai/Robotron/Code/Williams/.build/lwasm/RRTESTC.bin) = 5F90
Symbol: ULTUNE (/Users/dave/source/repos/tempest_ai/Robotron/Code/Williams/.build/lwasm/RRTESTC.bin) = E599
Symbol: ULX (/Users/dave/source/repos/tempest_ai/Robotron/Code/Williams/.build/lwasm/RRTESTC.bin) = 987C
Symbol: ULY (/Users/dave/source/repos/tempest_ai/Robotron/Code/Williams/.build/lwasm/RRTESTC.bin) = 987D
Symbol: VECTOR (/Users/dave/source/repos/tempest_ai/Robotron/Code/Williams/.build/lwasm/RRTESTC.bin) = EFF0
Symbol: VERTCT (/Users/dave/source/repos/tempest_ai/Robotron/Code/Williams/.build/lwasm/RRTESTC.bin) = CB00
Symbol: WALCOL (/Users/dave/source/repos/tempest_ai/Robotron/Code/Williams/.build/lwasm/RRTESTC.bin) = 988F
Symbol: WCMOSA (/Users/dave/source/repos/tempest_ai/Robotron/Code/Williams/.build/lwasm/RRTESTC.bin) = D0AB
Symbol: WCMOSB (/Users/dave/source/repos/tempest_ai/Robotron/Code/Williams/.build/lwasm/RRTESTC.bin) = D0AE
Symbol: WCMOSD (/Users/dave/source/repos/tempest_ai/Robotron/Code/Williams/.build/lwasm/RRTESTC.bin) = D0B1
Symbol: WDATA (/Users/dave/source/repos/tempest_ai/Robotron/Code/Williams/.build/lwasm/RRTESTC.bin) = 0039
Symbol: WDOG (/Users/dave/source/repos/tempest_ai/Robotron/Code/Williams/.build/lwasm/RRTESTC.bin) = CBFF
Symbol: WLOOPV (/Users/dave/source/repos/tempest_ai/Robotron/Code/Williams/.build/lwasm/RRTESTC.bin) = F015
Symbol: WRD5FV (/Users/dave/source/repos/tempest_ai/Robotron/Code/Williams/.build/lwasm/RRTESTC.bin) = 5F96
Symbol: WRD5V (/Users/dave/source/repos/tempest_ai/Robotron/Code/Williams/.build/lwasm/RRTESTC.bin) = 5F96
Symbol: WRD7FV (/Users/dave/source/repos/tempest_ai/Robotron/Code/Williams/.build/lwasm/RRTESTC.bin) = 5F99
Symbol: WRD7V (/Users/dave/source/repos/tempest_ai/Robotron/Code/Williams/.build/lwasm/RRTESTC.bin) = 5F99
Symbol: XCNT (/Users/dave/source/repos/tempest_ai/Robotron/Code/Williams/.build/lwasm/RRTESTC.bin) = 9874
Symbol: XMAX (/Users/dave/source/repos/tempest_ai/Robotron/Code/Williams/.build/lwasm/RRTESTC.bin) = 008F
Symbol: XMIN (/Users/dave/source/repos/tempest_ai/Robotron/Code/Williams/.build/lwasm/RRTESTC.bin) = 0007
Symbol: XTEMP (/Users/dave/source/repos/tempest_ai/Robotron/Code/Williams/.build/lwasm/RRTESTC.bin) = 982B
Symbol: XTEMP2 (/Users/dave/source/repos/tempest_ai/Robotron/Code/Williams/.build/lwasm/RRTESTC.bin) = 982D
Symbol: XXX2 (/Users/dave/source/repos/tempest_ai/Robotron/Code/Williams/.build/lwasm/RRTESTC.bin) = 9841
Symbol: YCNT (/Users/dave/source/repos/tempest_ai/Robotron/Code/Williams/.build/lwasm/RRTESTC.bin) = 9875
Symbol: YES1M (/Users/dave/source/repos/tempest_ai/Robotron/Code/Williams/.build/lwasm/RRTESTC.bin) = 0051
Symbol: YESM (/Users/dave/source/repos/tempest_ai/Robotron/Code/Williams/.build/lwasm/RRTESTC.bin) = 0047
Symbol: YMAX (/Users/dave/source/repos/tempest_ai/Robotron/Code/Williams/.build/lwasm/RRTESTC.bin) = 00EA
Symbol: YMIN (/Users/dave/source/repos/tempest_ai/Robotron/Code/Williams/.build/lwasm/RRTESTC.bin) = 0018
Symbol: ZP1END (/Users/dave/source/repos/tempest_ai/Robotron/Code/Williams/.build/lwasm/RRTESTC.bin) = BE20
Symbol: ZP1ENM (/Users/dave/source/repos/tempest_ai/Robotron/Code/Williams/.build/lwasm/RRTESTC.bin) = BDEE
Symbol: ZP1LAS (/Users/dave/source/repos/tempest_ai/Robotron/Code/Williams/.build/lwasm/RRTESTC.bin) = BDEC
Symbol: ZP1RP (/Users/dave/source/repos/tempest_ai/Robotron/Code/Williams/.build/lwasm/RRTESTC.bin) = BDE8
Symbol: ZP1SCR (/Users/dave/source/repos/tempest_ai/Robotron/Code/Williams/.build/lwasm/RRTESTC.bin) = BDE4
Symbol: ZP1WAV (/Users/dave/source/repos/tempest_ai/Robotron/Code/Williams/.build/lwasm/RRTESTC.bin) = BDED
Symbol: ZP2ENM (/Users/dave/source/repos/tempest_ai/Robotron/Code/Williams/.build/lwasm/RRTESTC.bin) = BE2A
Symbol: ZP2LAS (/Users/dave/source/repos/tempest_ai/Robotron/Code/Williams/.build/lwasm/RRTESTC.bin) = BE28
Symbol: ZP2RP (/Users/dave/source/repos/tempest_ai/Robotron/Code/Williams/.build/lwasm/RRTESTC.bin) = BE24
Symbol: ZP2SCR (/Users/dave/source/repos/tempest_ai/Robotron/Code/Williams/.build/lwasm/RRTESTC.bin) = BE20
Symbol: ZP2WAV (/Users/dave/source/repos/tempest_ai/Robotron/Code/Williams/.build/lwasm/RRTESTC.bin) = BE29
