Symbol: ACRM (/Users/dave/source/repos/tempest_ai/Robotron/Code/Williams/.build/lwasm/RRTESTB.bin) = 007F
Symbol: ACTIVE (/Users/dave/source/repos/tempest_ai/Robotron/Code/Williams/.build/lwasm/RRTESTB.bin) = 9811
Symbol: ADJH (/Users/dave/source/repos/tempest_ai/Robotron/Code/Williams/.build/lwasm/RRTESTB.bin) = 001E
Symbol: ADJJJJ (/Users/dave/source/repos/tempest_ai/Robotron/Code/Williams/.build/lwasm/RRTESTB.bin) = 7105
Symbol: ADJMES (/Users/dave/source/repos/tempest_ai/Robotron/Code/Williams/.build/lwasm/RRTESTB.bin) = 002E
Symbol: ADJS11 (/Users/dave/source/repos/tempest_ai/Robotron/Code/Williams/.build/lwasm/RRTESTB.bin) = 7108
Symbol: ADJST0 (/Users/dave/source/repos/tempest_ai/Robotron/Code/Williams/.build/lwasm/RRTESTB.bin) = 7128
Symbol: ADJSUM (/Users/dave/source/repos/tempest_ai/Robotron/Code/Williams/.build/lwasm/RRTESTB.bin) = CC8C
Symbol: ADJTBL (/Users/dave/source/repos/tempest_ai/Robotron/Code/Williams/.build/lwasm/RRTESTB.bin) = 6FD5
Symbol: ADJUST (/Users/dave/source/repos/tempest_ai/Robotron/Code/Williams/.build/lwasm/RRTESTB.bin) = 70FD
Symbol: ADJV (/Users/dave/source/repos/tempest_ai/Robotron/Code/Williams/.build/lwasm/RRTESTB.bin) = 6F00
Symbol: ADJX (/Users/dave/source/repos/tempest_ai/Robotron/Code/Williams/.build/lwasm/RRTESTB.bin) = 0011
Symbol: ADV6ZZ (/Users/dave/source/repos/tempest_ai/Robotron/Code/Williams/.build/lwasm/RRTESTB.bin) = 7302
Symbol: ADVALX (/Users/dave/source/repos/tempest_ai/Robotron/Code/Williams/.build/lwasm/RRTESTB.bin) = 0059
Symbol: ADVS33 (/Users/dave/source/repos/tempest_ai/Robotron/Code/Williams/.build/lwasm/RRTESTB.bin) = 7389
Symbol: ADVSC1 (/Users/dave/source/repos/tempest_ai/Robotron/Code/Williams/.build/lwasm/RRTESTB.bin) = 72A7
Symbol: ADVSC2 (/Users/dave/source/repos/tempest_ai/Robotron/Code/Williams/.build/lwasm/RRTESTB.bin) = 72B4
Symbol: ADVSC3 (/Users/dave/source/repos/tempest_ai/Robotron/Code/Williams/.build/lwasm/RRTESTB.bin) = 72BB
Symbol: ADVSC4 (/Users/dave/source/repos/tempest_ai/Robotron/Code/Williams/.build/lwasm/RRTESTB.bin) = 72D6
Symbol: ADVSC5 (/Users/dave/source/repos/tempest_ai/Robotron/Code/Williams/.build/lwasm/RRTESTB.bin) = 7352
Symbol: ADVSC6 (/Users/dave/source/repos/tempest_ai/Robotron/Code/Williams/.build/lwasm/RRTESTB.bin) = 72EE
Symbol: ADVSC8 (/Users/dave/source/repos/tempest_ai/Robotron/Code/Williams/.build/lwasm/RRTESTB.bin) = 7362
Symbol: ADVSCN (/Users/dave/source/repos/tempest_ai/Robotron/Code/Williams/.build/lwasm/RRTESTB.bin) = 729F
Symbol: ADVSW (/Users/dave/source/repos/tempest_ai/Robotron/Code/Williams/.build/lwasm/RRTESTB.bin) = F003
Symbol: ALTBL (/Users/dave/source/repos/tempest_ai/Robotron/Code/Williams/.build/lwasm/RRTESTB.bin) = B3EA
Symbol: AMAP (/Users/dave/source/repos/tempest_ai/Robotron/Code/Williams/.build/lwasm/RRTESTB.bin) = 5B55
Symbol: APST (/Users/dave/source/repos/tempest_ai/Robotron/Code/Williams/.build/lwasm/RRTESTB.bin) = 5B46
Symbol: ARAM1 (/Users/dave/source/repos/tempest_ai/Robotron/Code/Williams/.build/lwasm/RRTESTB.bin) = B426
Symbol: ASCAN (/Users/dave/source/repos/tempest_ai/Robotron/Code/Williams/.build/lwasm/RRTESTB.bin) = D003
Symbol: ASTOR (/Users/dave/source/repos/tempest_ai/Robotron/Code/Williams/.build/lwasm/RRTESTB.bin) = B3EE
Symbol: ATFLAG (/Users/dave/source/repos/tempest_ai/Robotron/Code/Williams/.build/lwasm/RRTESTB.bin) = 98F4
Symbol: ATMCK (/Users/dave/source/repos/tempest_ai/Robotron/Code/Williams/.build/lwasm/RRTESTB.bin) = 6F06
Symbol: ATRSW2 (/Users/dave/source/repos/tempest_ai/Robotron/Code/Williams/.build/lwasm/RRTESTB.bin) = 9852
Symbol: ATRSW3 (/Users/dave/source/repos/tempest_ai/Robotron/Code/Williams/.build/lwasm/RRTESTB.bin) = 9853
Symbol: AUD (/Users/dave/source/repos/tempest_ai/Robotron/Code/Williams/.build/lwasm/RRTESTB.bin) = D0BA
Symbol: AUD1 (/Users/dave/source/repos/tempest_ai/Robotron/Code/Williams/.build/lwasm/RRTESTB.bin) = D0BD
Symbol: AUDCHK (/Users/dave/source/repos/tempest_ai/Robotron/Code/Williams/.build/lwasm/RRTESTB.bin) = 74FF
Symbol: AUDCK1 (/Users/dave/source/repos/tempest_ai/Robotron/Code/Williams/.build/lwasm/RRTESTB.bin) = 750F
Symbol: AUDCK2 (/Users/dave/source/repos/tempest_ai/Robotron/Code/Williams/.build/lwasm/RRTESTB.bin) = 7504
Symbol: AUDCK4 (/Users/dave/source/repos/tempest_ai/Robotron/Code/Williams/.build/lwasm/RRTESTB.bin) = 7515
Symbol: AUDCK5 (/Users/dave/source/repos/tempest_ai/Robotron/Code/Williams/.build/lwasm/RRTESTB.bin) = 751D
Symbol: AUDM1 (/Users/dave/source/repos/tempest_ai/Robotron/Code/Williams/.build/lwasm/RRTESTB.bin) = 0029
Symbol: AUDM2 (/Users/dave/source/repos/tempest_ai/Robotron/Code/Williams/.build/lwasm/RRTESTB.bin) = 002A
Symbol: AUDM3 (/Users/dave/source/repos/tempest_ai/Robotron/Code/Williams/.build/lwasm/RRTESTB.bin) = 002B
Symbol: AUDMES (/Users/dave/source/repos/tempest_ai/Robotron/Code/Williams/.build/lwasm/RRTESTB.bin) = 0020
Symbol: AUTOCY (/Users/dave/source/repos/tempest_ai/Robotron/Code/Williams/.build/lwasm/RRTESTB.bin) = F006
Symbol: AVPLA (/Users/dave/source/repos/tempest_ai/Robotron/Code/Williams/.build/lwasm/RRTESTB.bin) = 006C
Symbol: AVPLEN (/Users/dave/source/repos/tempest_ai/Robotron/Code/Williams/.build/lwasm/RRTESTB.bin) = 006D
Symbol: AVTEND (/Users/dave/source/repos/tempest_ai/Robotron/Code/Williams/.build/lwasm/RRTESTB.bin) = 006B
Symbol: AVTIM (/Users/dave/source/repos/tempest_ai/Robotron/Code/Williams/.build/lwasm/RRTESTB.bin) = 006A
Symbol: BALCOL (/Users/dave/source/repos/tempest_ai/Robotron/Code/Williams/.build/lwasm/RRTESTB.bin) = 98E9
Symbol: BCDBIN (/Users/dave/source/repos/tempest_ai/Robotron/Code/Williams/.build/lwasm/RRTESTB.bin) = D0B4
Symbol: BCDHEX (/Users/dave/source/repos/tempest_ai/Robotron/Code/Williams/.build/lwasm/RRTESTB.bin) = D02D
Symbol: BCMCNT (/Users/dave/source/repos/tempest_ai/Robotron/Code/Williams/.build/lwasm/RRTESTB.bin) = 988E
Symbol: BKEND (/Users/dave/source/repos/tempest_ai/Robotron/Code/Williams/.build/lwasm/RRTESTB.bin) = CD32
Symbol: BKMEN (/Users/dave/source/repos/tempest_ai/Robotron/Code/Williams/.build/lwasm/RRTESTB.bin) = CD26
Symbol: BKPLAY (/Users/dave/source/repos/tempest_ai/Robotron/Code/Williams/.build/lwasm/RRTESTB.bin) = CD2C
Symbol: BKTIME (/Users/dave/source/repos/tempest_ai/Robotron/Code/Williams/.build/lwasm/RRTESTB.bin) = CD20
Symbol: BLKCLR (/Users/dave/source/repos/tempest_ai/Robotron/Code/Williams/.build/lwasm/RRTESTB.bin) = D01B
Symbol: BLKON (/Users/dave/source/repos/tempest_ai/Robotron/Code/Williams/.build/lwasm/RRTESTB.bin) = D093
Symbol: BOOKM (/Users/dave/source/repos/tempest_ai/Robotron/Code/Williams/.build/lwasm/RRTESTB.bin) = 001F
Symbol: BOOKRS (/Users/dave/source/repos/tempest_ai/Robotron/Code/Williams/.build/lwasm/RRTESTB.bin) = 005B
Symbol: BRNCNT (/Users/dave/source/repos/tempest_ai/Robotron/Code/Williams/.build/lwasm/RRTESTB.bin) = BE6E
Symbol: BRNFLG (/Users/dave/source/repos/tempest_ai/Robotron/Code/Williams/.build/lwasm/RRTESTB.bin) = 9895
Symbol: BRNORG (/Users/dave/source/repos/tempest_ai/Robotron/Code/Williams/.build/lwasm/RRTESTB.bin) = 1AC0
Symbol: BRNPIC (/Users/dave/source/repos/tempest_ai/Robotron/Code/Williams/.build/lwasm/RRTESTB.bin) = 1AC3
Symbol: BRNSPD (/Users/dave/source/repos/tempest_ai/Robotron/Code/Williams/.build/lwasm/RRTESTB.bin) = BE63
Symbol: BRNST (/Users/dave/source/repos/tempest_ai/Robotron/Code/Williams/.build/lwasm/RRTESTB.bin) = 1AC0
Symbol: BRONV (/Users/dave/source/repos/tempest_ai/Robotron/Code/Williams/.build/lwasm/RRTESTB.bin) = 1AC5
Symbol: BSHTIM (/Users/dave/source/repos/tempest_ai/Robotron/Code/Williams/.build/lwasm/RRTESTB.bin) = BE62
Symbol: BUNITS (/Users/dave/source/repos/tempest_ai/Robotron/Code/Williams/.build/lwasm/RRTESTB.bin) = 984F
Symbol: CCCNT (/Users/dave/source/repos/tempest_ai/Robotron/Code/Williams/.build/lwasm/RRTESTB.bin) = 984E
Symbol: CCV (/Users/dave/source/repos/tempest_ai/Robotron/Code/Williams/.build/lwasm/RRTESTB.bin) = 77A3
Symbol: CDPTIM (/Users/dave/source/repos/tempest_ai/Robotron/Code/Williams/.build/lwasm/RRTESTB.bin) = BE60
Symbol: CENTMP (/Users/dave/source/repos/tempest_ai/Robotron/Code/Williams/.build/lwasm/RRTESTB.bin) = 98A6
Symbol: CIRCNT (/Users/dave/source/repos/tempest_ai/Robotron/Code/Williams/.build/lwasm/RRTESTB.bin) = BE6F
Symbol: CIRCST (/Users/dave/source/repos/tempest_ai/Robotron/Code/Williams/.build/lwasm/RRTESTB.bin) = 1140
Symbol: CIRKV (/Users/dave/source/repos/tempest_ai/Robotron/Code/Williams/.build/lwasm/RRTESTB.bin) = 1143
Symbol: CIRPIC (/Users/dave/source/repos/tempest_ai/Robotron/Code/Williams/.build/lwasm/RRTESTB.bin) = 1146
Symbol: CKADJ (/Users/dave/source/repos/tempest_ai/Robotron/Code/Williams/.build/lwasm/RRTESTB.bin) = 74AB
Symbol: CKCMOS (/Users/dave/source/repos/tempest_ai/Robotron/Code/Williams/.build/lwasm/RRTESTB.bin) = 74B8
Symbol: CKLIM (/Users/dave/source/repos/tempest_ai/Robotron/Code/Williams/.build/lwasm/RRTESTB.bin) = 0006
Symbol: CKOBS (/Users/dave/source/repos/tempest_ai/Robotron/Code/Williams/.build/lwasm/RRTESTB.bin) = 26C6
Symbol: CKSMRT (/Users/dave/source/repos/tempest_ai/Robotron/Code/Williams/.build/lwasm/RRTESTB.bin) = 74F7
Symbol: CKSNOR (/Users/dave/source/repos/tempest_ai/Robotron/Code/Williams/.build/lwasm/RRTESTB.bin) = 74FB
Symbol: CKSRT0 (/Users/dave/source/repos/tempest_ai/Robotron/Code/Williams/.build/lwasm/RRTESTB.bin) = 74F8
Symbol: CLRA1 (/Users/dave/source/repos/tempest_ai/Robotron/Code/Williams/.build/lwasm/RRTESTB.bin) = 6F24
Symbol: CLRALL (/Users/dave/source/repos/tempest_ai/Robotron/Code/Williams/.build/lwasm/RRTESTB.bin) = 6F21
Symbol: CLRREG (/Users/dave/source/repos/tempest_ai/Robotron/Code/Williams/.build/lwasm/RRTESTB.bin) = 762A
Symbol: CMDOOR (/Users/dave/source/repos/tempest_ai/Robotron/Code/Williams/.build/lwasm/RRTESTB.bin) = 0008
Symbol: CMERR (/Users/dave/source/repos/tempest_ai/Robotron/Code/Williams/.build/lwasm/RRTESTB.bin) = 0007
Symbol: CMIMES (/Users/dave/source/repos/tempest_ai/Robotron/Code/Williams/.build/lwasm/RRTESTB.bin) = 004F
Symbol: CMINIT (/Users/dave/source/repos/tempest_ai/Robotron/Code/Williams/.build/lwasm/RRTESTB.bin) = 6F03
Symbol: CMINIZ (/Users/dave/source/repos/tempest_ai/Robotron/Code/Williams/.build/lwasm/RRTESTB.bin) = 6F2C
Symbol: CMLOP (/Users/dave/source/repos/tempest_ai/Robotron/Code/Williams/.build/lwasm/RRTESTB.bin) = 74EB
Symbol: CMLOP0 (/Users/dave/source/repos/tempest_ai/Robotron/Code/Williams/.build/lwasm/RRTESTB.bin) = 74E8
Symbol: CMMV1 (/Users/dave/source/repos/tempest_ai/Robotron/Code/Williams/.build/lwasm/RRTESTB.bin) = 6F13
Symbol: CMOK (/Users/dave/source/repos/tempest_ai/Robotron/Code/Williams/.build/lwasm/RRTESTB.bin) = 0006
Symbol: CMOS (/Users/dave/source/repos/tempest_ai/Robotron/Code/Williams/.build/lwasm/RRTESTB.bin) = CC00
Symbol: CMOSMV (/Users/dave/source/repos/tempest_ai/Robotron/Code/Williams/.build/lwasm/RRTESTB.bin) = 6F11
Symbol: CMSCOR (/Users/dave/source/repos/tempest_ai/Robotron/Code/Williams/.build/lwasm/RRTESTB.bin) = CD68
Symbol: CMSMVV (/Users/dave/source/repos/tempest_ai/Robotron/Code/Williams/.build/lwasm/RRTESTB.bin) = 6F0C
Symbol: CMTSTM (/Users/dave/source/repos/tempest_ai/Robotron/Code/Williams/.build/lwasm/RRTESTB.bin) = 001E
Symbol: COINM1 (/Users/dave/source/repos/tempest_ai/Robotron/Code/Williams/.build/lwasm/RRTESTB.bin) = 0052
Symbol: COINMF (/Users/dave/source/repos/tempest_ai/Robotron/Code/Williams/.build/lwasm/RRTESTB.bin) = 007B
Symbol: COINSL (/Users/dave/source/repos/tempest_ai/Robotron/Code/Williams/.build/lwasm/RRTESTB.bin) = CC04
Symbol: COL0 (/Users/dave/source/repos/tempest_ai/Robotron/Code/Williams/.build/lwasm/RRTESTB.bin) = D027
Symbol: COLST (/Users/dave/source/repos/tempest_ai/Robotron/Code/Williams/.build/lwasm/RRTESTB.bin) = D024
Symbol: CONG (/Users/dave/source/repos/tempest_ai/Robotron/Code/Williams/.build/lwasm/RRTESTB.bin) = 005F
Symbol: CONS (/Users/dave/source/repos/tempest_ai/Robotron/Code/Williams/.build/lwasm/RRTESTB.bin) = 004C
Symbol: CONSLT (/Users/dave/source/repos/tempest_ai/Robotron/Code/Williams/.build/lwasm/RRTESTB.bin) = 705A
Symbol: CONST (/Users/dave/source/repos/tempest_ai/Robotron/Code/Williams/.build/lwasm/RRTESTB.bin) = CA01
Symbol: CONTMS (/Users/dave/source/repos/tempest_ai/Robotron/Code/Williams/.build/lwasm/RRTESTB.bin) = 002D
Symbol: CONTRL (/Users/dave/source/repos/tempest_ai/Robotron/Code/Williams/.build/lwasm/RRTESTB.bin) = CA00
Symbol: CPM1 (/Users/dave/source/repos/tempest_ai/Robotron/Code/Williams/.build/lwasm/RRTESTB.bin) = 0070
Symbol: CRAM (/Users/dave/source/repos/tempest_ai/Robotron/Code/Williams/.build/lwasm/RRTESTB.bin) = C000
Symbol: CRDRAM (/Users/dave/source/repos/tempest_ai/Robotron/Code/Williams/.build/lwasm/RRTESTB.bin) = B3EA
Symbol: CRED1T (/Users/dave/source/repos/tempest_ai/Robotron/Code/Williams/.build/lwasm/RRTESTB.bin) = 704C
Symbol: CREDIT (/Users/dave/source/repos/tempest_ai/Robotron/Code/Williams/.build/lwasm/RRTESTB.bin) = 9851
Symbol: CREDST (/Users/dave/source/repos/tempest_ai/Robotron/Code/Williams/.build/lwasm/RRTESTB.bin) = CD00
Symbol: CRINIT (/Users/dave/source/repos/tempest_ai/Robotron/Code/Williams/.build/lwasm/RRTESTB.bin) = D033
Symbol: CRPROC (/Users/dave/source/repos/tempest_ai/Robotron/Code/Williams/.build/lwasm/RRTESTB.bin) = 9815
Symbol: CSELCT (/Users/dave/source/repos/tempest_ai/Robotron/Code/Williams/.build/lwasm/RRTESTB.bin) = 6F99
Symbol: CTEMP (/Users/dave/source/repos/tempest_ai/Robotron/Code/Williams/.build/lwasm/RRTESTB.bin) = 9880
Symbol: CTEMP2 (/Users/dave/source/repos/tempest_ai/Robotron/Code/Williams/.build/lwasm/RRTESTB.bin) = 9882
Symbol: CTYPE (/Users/dave/source/repos/tempest_ai/Robotron/Code/Williams/.build/lwasm/RRTESTB.bin) = 0001
Symbol: CUNITB (/Users/dave/source/repos/tempest_ai/Robotron/Code/Williams/.build/lwasm/RRTESTB.bin) = CC0E
Symbol: CUNITC (/Users/dave/source/repos/tempest_ai/Robotron/Code/Williams/.build/lwasm/RRTESTB.bin) = CC0C
Symbol: CUNITS (/Users/dave/source/repos/tempest_ai/Robotron/Code/Williams/.build/lwasm/RRTESTB.bin) = 9850
Symbol: CURPLR (/Users/dave/source/repos/tempest_ai/Robotron/Code/Williams/.build/lwasm/RRTESTB.bin) = 983F
Symbol: CUSTM (/Users/dave/source/repos/tempest_ai/Robotron/Code/Williams/.build/lwasm/RRTESTB.bin) = 0046
Symbol: DADCNT (/Users/dave/source/repos/tempest_ai/Robotron/Code/Williams/.build/lwasm/RRTESTB.bin) = BE6B
Symbol: DADPIC (/Users/dave/source/repos/tempest_ai/Robotron/Code/Williams/.build/lwasm/RRTESTB.bin) = 0010
Symbol: DAPST (/Users/dave/source/repos/tempest_ai/Robotron/Code/Williams/.build/lwasm/RRTESTB.bin) = 4686
Symbol: DDEXST (/Users/dave/source/repos/tempest_ai/Robotron/Code/Williams/.build/lwasm/RRTESTB.bin) = 5B52
Symbol: DEC1 (/Users/dave/source/repos/tempest_ai/Robotron/Code/Williams/.build/lwasm/RRTESTB.bin) = 71A5
Symbol: DEC11 (/Users/dave/source/repos/tempest_ai/Robotron/Code/Williams/.build/lwasm/RRTESTB.bin) = 7196
Symbol: DEC22 (/Users/dave/source/repos/tempest_ai/Robotron/Code/Williams/.build/lwasm/RRTESTB.bin) = 71C5
Symbol: DECME (/Users/dave/source/repos/tempest_ai/Robotron/Code/Williams/.build/lwasm/RRTESTB.bin) = 7166
Symbol: DECME0 (/Users/dave/source/repos/tempest_ai/Robotron/Code/Williams/.build/lwasm/RRTESTB.bin) = 7168
Symbol: DECME1 (/Users/dave/source/repos/tempest_ai/Robotron/Code/Williams/.build/lwasm/RRTESTB.bin) = 7170
Symbol: DEFALT (/Users/dave/source/repos/tempest_ai/Robotron/Code/Williams/.build/lwasm/RRTESTB.bin) = 6F53
Symbol: DEFSIZ (/Users/dave/source/repos/tempest_ai/Robotron/Code/Williams/.build/lwasm/RRTESTB.bin) = 0012
Symbol: DELAY1 (/Users/dave/source/repos/tempest_ai/Robotron/Code/Williams/.build/lwasm/RRTESTB.bin) = 7683
Symbol: DELAY2 (/Users/dave/source/repos/tempest_ai/Robotron/Code/Williams/.build/lwasm/RRTESTB.bin) = 7686
Symbol: DEST (/Users/dave/source/repos/tempest_ai/Robotron/Code/Williams/.build/lwasm/RRTESTB.bin) = CA04
Symbol: DIGLTH (/Users/dave/source/repos/tempest_ai/Robotron/Code/Williams/.build/lwasm/RRTESTB.bin) = 0300
Symbol: DISADJ (/Users/dave/source/repos/tempest_ai/Robotron/Code/Williams/.build/lwasm/RRTESTB.bin) = 7089
Symbol: DIVAB (/Users/dave/source/repos/tempest_ai/Robotron/Code/Williams/.build/lwasm/RRTESTB.bin) = D09F
Symbol: DMACON (/Users/dave/source/repos/tempest_ai/Robotron/Code/Williams/.build/lwasm/RRTESTB.bin) = CA01
Symbol: DMACTL (/Users/dave/source/repos/tempest_ai/Robotron/Code/Williams/.build/lwasm/RRTESTB.bin) = CA00
Symbol: DMADES (/Users/dave/source/repos/tempest_ai/Robotron/Code/Williams/.build/lwasm/RRTESTB.bin) = CA04
Symbol: DMAOFF (/Users/dave/source/repos/tempest_ai/Robotron/Code/Williams/.build/lwasm/RRTESTB.bin) = D015
Symbol: DMAOFN (/Users/dave/source/repos/tempest_ai/Robotron/Code/Williams/.build/lwasm/RRTESTB.bin) = D08D
Symbol: DMAON (/Users/dave/source/repos/tempest_ai/Robotron/Code/Williams/.build/lwasm/RRTESTB.bin) = D018
Symbol: DMAORG (/Users/dave/source/repos/tempest_ai/Robotron/Code/Williams/.build/lwasm/RRTESTB.bin) = CA02
Symbol: DMASIZ (/Users/dave/source/repos/tempest_ai/Robotron/Code/Williams/.build/lwasm/RRTESTB.bin) = CA06
Symbol: DMFAIL (/Users/dave/source/repos/tempest_ai/Robotron/Code/Williams/.build/lwasm/RRTESTB.bin) = 0000
Symbol: DOPMES (/Users/dave/source/repos/tempest_ai/Robotron/Code/Williams/.build/lwasm/RRTESTB.bin) = 6F0F
Symbol: DOWN1 (/Users/dave/source/repos/tempest_ai/Robotron/Code/Williams/.build/lwasm/RRTESTB.bin) = 7268
Symbol: DOWN11 (/Users/dave/source/repos/tempest_ai/Robotron/Code/Williams/.build/lwasm/RRTESTB.bin) = 726D
Symbol: DOWN2 (/Users/dave/source/repos/tempest_ai/Robotron/Code/Williams/.build/lwasm/RRTESTB.bin) = 7235
Symbol: DOWN3 (/Users/dave/source/repos/tempest_ai/Robotron/Code/Williams/.build/lwasm/RRTESTB.bin) = 723D
Symbol: DOWNER (/Users/dave/source/repos/tempest_ai/Robotron/Code/Williams/.build/lwasm/RRTESTB.bin) = 7233
Symbol: DOWNRT (/Users/dave/source/repos/tempest_ai/Robotron/Code/Williams/.build/lwasm/RRTESTB.bin) = 7280
Symbol: DSADJ1 (/Users/dave/source/repos/tempest_ai/Robotron/Code/Williams/.build/lwasm/RRTESTB.bin) = 7093
Symbol: DXINIT (/Users/dave/source/repos/tempest_ai/Robotron/Code/Williams/.build/lwasm/RRTESTB.bin) = 4680
Symbol: DXRAM (/Users/dave/source/repos/tempest_ai/Robotron/Code/Williams/.build/lwasm/RRTESTB.bin) = 98B8
Symbol: DXST (/Users/dave/source/repos/tempest_ai/Robotron/Code/Williams/.build/lwasm/RRTESTB.bin) = 4683
Symbol: DXTAB (/Users/dave/source/repos/tempest_ai/Robotron/Code/Williams/.build/lwasm/RRTESTB.bin) = BBE4
Symbol: DXUPD (/Users/dave/source/repos/tempest_ai/Robotron/Code/Williams/.build/lwasm/RRTESTB.bin) = 4689
Symbol: ECNTS (/Users/dave/source/repos/tempest_ai/Robotron/Code/Williams/.build/lwasm/RRTESTB.bin) = BE68
Symbol: EGRAM (/Users/dave/source/repos/tempest_ai/Robotron/Code/Williams/.build/lwasm/RRTESTB.bin) = B3E4
Symbol: EGRAM2 (/Users/dave/source/repos/tempest_ai/Robotron/Code/Williams/.build/lwasm/RRTESTB.bin) = B3E6
Symbol: ELEND (/Users/dave/source/repos/tempest_ai/Robotron/Code/Williams/.build/lwasm/RRTESTB.bin) = BE72
Symbol: ELIST (/Users/dave/source/repos/tempest_ai/Robotron/Code/Williams/.build/lwasm/RRTESTB.bin) = BE5C
Symbol: ELOOPV (/Users/dave/source/repos/tempest_ai/Robotron/Code/Williams/.build/lwasm/RRTESTB.bin) = F017
Symbol: ENDADJ (/Users/dave/source/repos/tempest_ai/Robotron/Code/Williams/.build/lwasm/RRTESTB.bin) = CC24
Symbol: ENDPRC (/Users/dave/source/repos/tempest_ai/Robotron/Code/Williams/.build/lwasm/RRTESTB.bin) = E3D3
Symbol: ENFCNT (/Users/dave/source/repos/tempest_ai/Robotron/Code/Williams/.build/lwasm/RRTESTB.bin) = 98ED
Symbol: ENFNUM (/Users/dave/source/repos/tempest_ai/Robotron/Code/Williams/.build/lwasm/RRTESTB.bin) = BE5E
Symbol: ENFPIC (/Users/dave/source/repos/tempest_ai/Robotron/Code/Williams/.build/lwasm/RRTESTB.bin) = 114A
Symbol: ENGPIC (/Users/dave/source/repos/tempest_ai/Robotron/Code/Williams/.build/lwasm/RRTESTB.bin) = 1148
Symbol: ENSTIM (/Users/dave/source/repos/tempest_ai/Robotron/Code/Williams/.build/lwasm/RRTESTB.bin) = BE5F
Symbol: EREND (/Users/dave/source/repos/tempest_ai/Robotron/Code/Williams/.build/lwasm/RRTESTB.bin) = B5E6
Symbol: ERLIST (/Users/dave/source/repos/tempest_ai/Robotron/Code/Williams/.build/lwasm/RRTESTB.bin) = B5AE
Symbol: ERPTR (/Users/dave/source/repos/tempest_ai/Robotron/Code/Williams/.build/lwasm/RRTESTB.bin) = 98EB
Symbol: EXCON (/Users/dave/source/repos/tempest_ai/Robotron/Code/Williams/.build/lwasm/RRTESTB.bin) = 004D
Symbol: EXECV (/Users/dave/source/repos/tempest_ai/Robotron/Code/Williams/.build/lwasm/RRTESTB.bin) = D096
Symbol: EXINIT (/Users/dave/source/repos/tempest_ai/Robotron/Code/Williams/.build/lwasm/RRTESTB.bin) = 5B40
Symbol: EXLIB (/Users/dave/source/repos/tempest_ai/Robotron/Code/Williams/.build/lwasm/RRTESTB.bin) = 0049
Symbol: EXPRAM (/Users/dave/source/repos/tempest_ai/Robotron/Code/Williams/.build/lwasm/RRTESTB.bin) = 9896
Symbol: EXST (/Users/dave/source/repos/tempest_ai/Robotron/Code/Williams/.build/lwasm/RRTESTB.bin) = 5B43
Symbol: EXTMES (/Users/dave/source/repos/tempest_ai/Robotron/Code/Williams/.build/lwasm/RRTESTB.bin) = 007D
Symbol: EXUPD (/Users/dave/source/repos/tempest_ai/Robotron/Code/Williams/.build/lwasm/RRTESTB.bin) = 5B49
Symbol: FAMMM (/Users/dave/source/repos/tempest_ai/Robotron/Code/Williams/.build/lwasm/RRTESTB.bin) = 0081
Symbol: FCHK (/Users/dave/source/repos/tempest_ai/Robotron/Code/Williams/.build/lwasm/RRTESTB.bin) = 7484
Symbol: FCHK1 (/Users/dave/source/repos/tempest_ai/Robotron/Code/Williams/.build/lwasm/RRTESTB.bin) = 749C
Symbol: FCHKZ (/Users/dave/source/repos/tempest_ai/Robotron/Code/Williams/.build/lwasm/RRTESTB.bin) = 7498
Symbol: FDRAMM (/Users/dave/source/repos/tempest_ai/Robotron/Code/Williams/.build/lwasm/RRTESTB.bin) = 000B
Symbol: FDROMM (/Users/dave/source/repos/tempest_ai/Robotron/Code/Williams/.build/lwasm/RRTESTB.bin) = 000A
Symbol: FINDM1 (/Users/dave/source/repos/tempest_ai/Robotron/Code/Williams/.build/lwasm/RRTESTB.bin) = 71CE
Symbol: FINDME (/Users/dave/source/repos/tempest_ai/Robotron/Code/Williams/.build/lwasm/RRTESTB.bin) = 71CB
Symbol: FMBYE (/Users/dave/source/repos/tempest_ai/Robotron/Code/Williams/.build/lwasm/RRTESTB.bin) = 71D9
Symbol: FONCOL (/Users/dave/source/repos/tempest_ai/Robotron/Code/Williams/.build/lwasm/RRTESTB.bin) = 0066
Symbol: FONIPC (/Users/dave/source/repos/tempest_ai/Robotron/Code/Williams/.build/lwasm/RRTESTB.bin) = 0016
Symbol: FRAME (/Users/dave/source/repos/tempest_ai/Robotron/Code/Williams/.build/lwasm/RRTESTB.bin) = 9844
Symbol: FREE (/Users/dave/source/repos/tempest_ai/Robotron/Code/Williams/.build/lwasm/RRTESTB.bin) = 9813
Symbol: FREEPL (/Users/dave/source/repos/tempest_ai/Robotron/Code/Williams/.build/lwasm/RRTESTB.bin) = CC12
Symbol: FROBM (/Users/dave/source/repos/tempest_ai/Robotron/Code/Williams/.build/lwasm/RRTESTB.bin) = 002C
Symbol: FROBOF (/Users/dave/source/repos/tempest_ai/Robotron/Code/Williams/.build/lwasm/RRTESTB.bin) = 720D
Symbol: FROBON (/Users/dave/source/repos/tempest_ai/Robotron/Code/Williams/.build/lwasm/RRTESTB.bin) = 71FE
Symbol: FROBX (/Users/dave/source/repos/tempest_ai/Robotron/Code/Williams/.build/lwasm/RRTESTB.bin) = 000C
Symbol: FSCHK (/Users/dave/source/repos/tempest_ai/Robotron/Code/Williams/.build/lwasm/RRTESTB.bin) = 7379
Symbol: G0SUB (/Users/dave/source/repos/tempest_ai/Robotron/Code/Williams/.build/lwasm/RRTESTB.bin) = 757A
Symbol: G1LET (/Users/dave/source/repos/tempest_ai/Robotron/Code/Williams/.build/lwasm/RRTESTB.bin) = 75A2
Symbol: G2LET (/Users/dave/source/repos/tempest_ai/Robotron/Code/Williams/.build/lwasm/RRTESTB.bin) = 75F0
Symbol: GA1 (/Users/dave/source/repos/tempest_ai/Robotron/Code/Williams/.build/lwasm/RRTESTB.bin) = CC14
Symbol: GA2 (/Users/dave/source/repos/tempest_ai/Robotron/Code/Williams/.build/lwasm/RRTESTB.bin) = CC16
Symbol: GAMTIM (/Users/dave/source/repos/tempest_ai/Robotron/Code/Williams/.build/lwasm/RRTESTB.bin) = 98EE
Symbol: GETFIR (/Users/dave/source/repos/tempest_ai/Robotron/Code/Williams/.build/lwasm/RRTESTB.bin) = 7585
Symbol: GETFR (/Users/dave/source/repos/tempest_ai/Robotron/Code/Williams/.build/lwasm/RRTESTB.bin) = 758A
Symbol: GETHUM (/Users/dave/source/repos/tempest_ai/Robotron/Code/Williams/.build/lwasm/RRTESTB.bin) = D087
Symbol: GETLET (/Users/dave/source/repos/tempest_ai/Robotron/Code/Williams/.build/lwasm/RRTESTB.bin) = 753A
Symbol: GETLLL (/Users/dave/source/repos/tempest_ai/Robotron/Code/Williams/.build/lwasm/RRTESTB.bin) = 756A
Symbol: GETLRM (/Users/dave/source/repos/tempest_ai/Robotron/Code/Williams/.build/lwasm/RRTESTB.bin) = 98D8
Symbol: GETLST (/Users/dave/source/repos/tempest_ai/Robotron/Code/Williams/.build/lwasm/RRTESTB.bin) = 98DA
Symbol: GETLT (/Users/dave/source/repos/tempest_ai/Robotron/Code/Williams/.build/lwasm/RRTESTB.bin) = 6F09
Symbol: GETLT0 (/Users/dave/source/repos/tempest_ai/Robotron/Code/Williams/.build/lwasm/RRTESTB.bin) = 7570
Symbol: GETLT1 (/Users/dave/source/repos/tempest_ai/Robotron/Code/Williams/.build/lwasm/RRTESTB.bin) = 7572
Symbol: GETLT2 (/Users/dave/source/repos/tempest_ai/Robotron/Code/Williams/.build/lwasm/RRTESTB.bin) = 758B
Symbol: GETLT3 (/Users/dave/source/repos/tempest_ai/Robotron/Code/Williams/.build/lwasm/RRTESTB.bin) = 75C8
Symbol: GETLT4 (/Users/dave/source/repos/tempest_ai/Robotron/Code/Williams/.build/lwasm/RRTESTB.bin) = 75D0
Symbol: GETLT5 (/Users/dave/source/repos/tempest_ai/Robotron/Code/Williams/.build/lwasm/RRTESTB.bin) = 75E3
Symbol: GETLZ1 (/Users/dave/source/repos/tempest_ai/Robotron/Code/Williams/.build/lwasm/RRTESTB.bin) = 754F
Symbol: GETLZZ (/Users/dave/source/repos/tempest_ai/Robotron/Code/Williams/.build/lwasm/RRTESTB.bin) = 7547
Symbol: GETMES (/Users/dave/source/repos/tempest_ai/Robotron/Code/Williams/.build/lwasm/RRTESTB.bin) = 70C8
Symbol: GETMS1 (/Users/dave/source/repos/tempest_ai/Robotron/Code/Williams/.build/lwasm/RRTESTB.bin) = 70CD
Symbol: GETOB (/Users/dave/source/repos/tempest_ai/Robotron/Code/Williams/.build/lwasm/RRTESTB.bin) = D06F
Symbol: GETOBJ (/Users/dave/source/repos/tempest_ai/Robotron/Code/Williams/.build/lwasm/RRTESTB.bin) = D051
Symbol: GETPST (/Users/dave/source/repos/tempest_ai/Robotron/Code/Williams/.build/lwasm/RRTESTB.bin) = D081
Symbol: GETRB1 (/Users/dave/source/repos/tempest_ai/Robotron/Code/Williams/.build/lwasm/RRTESTB.bin) = 7617
Symbol: GETRB5 (/Users/dave/source/repos/tempest_ai/Robotron/Code/Williams/.build/lwasm/RRTESTB.bin) = 7622
Symbol: GETRB6 (/Users/dave/source/repos/tempest_ai/Robotron/Code/Williams/.build/lwasm/RRTESTB.bin) = 761A
Symbol: GETRET (/Users/dave/source/repos/tempest_ai/Robotron/Code/Williams/.build/lwasm/RRTESTB.bin) = 7598
Symbol: GETROB (/Users/dave/source/repos/tempest_ai/Robotron/Code/Williams/.build/lwasm/RRTESTB.bin) = D07B
Symbol: GETRUB (/Users/dave/source/repos/tempest_ai/Robotron/Code/Williams/.build/lwasm/RRTESTB.bin) = 75F8
Symbol: GNCIDE (/Users/dave/source/repos/tempest_ai/Robotron/Code/Williams/.build/lwasm/RRTESTB.bin) = D060
Symbol: GODINT (/Users/dave/source/repos/tempest_ai/Robotron/Code/Williams/.build/lwasm/RRTESTB.bin) = CD32
Symbol: GODLT (/Users/dave/source/repos/tempest_ai/Robotron/Code/Williams/.build/lwasm/RRTESTB.bin) = 7084
Symbol: GODMES (/Users/dave/source/repos/tempest_ai/Robotron/Code/Williams/.build/lwasm/RRTESTB.bin) = 005E
Symbol: GODSCR (/Users/dave/source/repos/tempest_ai/Robotron/Code/Williams/.build/lwasm/RRTESTB.bin) = CD38
Symbol: GODSET (/Users/dave/source/repos/tempest_ai/Robotron/Code/Williams/.build/lwasm/RRTESTB.bin) = E3D6
Symbol: GOV (/Users/dave/source/repos/tempest_ai/Robotron/Code/Williams/.build/lwasm/RRTESTB.bin) = 77A0
Symbol: HAPST (/Users/dave/source/repos/tempest_ai/Robotron/Code/Williams/.build/lwasm/RRTESTB.bin) = 5B58
Symbol: HAPSTX (/Users/dave/source/repos/tempest_ai/Robotron/Code/Williams/.build/lwasm/RRTESTB.bin) = F00F
Symbol: HCK1 (/Users/dave/source/repos/tempest_ai/Robotron/Code/Williams/.build/lwasm/RRTESTB.bin) = 98F3
Symbol: HCK2 (/Users/dave/source/repos/tempest_ai/Robotron/Code/Williams/.build/lwasm/RRTESTB.bin) = BE72
Symbol: HEXBCD (/Users/dave/source/repos/tempest_ai/Robotron/Code/Williams/.build/lwasm/RRTESTB.bin) = D02A
Symbol: HEXST (/Users/dave/source/repos/tempest_ai/Robotron/Code/Williams/.build/lwasm/RRTESTB.bin) = 5B5B
Symbol: HEXSTX (/Users/dave/source/repos/tempest_ai/Robotron/Code/Williams/.build/lwasm/RRTESTB.bin) = F00C
Symbol: HIGH1 (/Users/dave/source/repos/tempest_ai/Robotron/Code/Williams/.build/lwasm/RRTESTB.bin) = 0062
Symbol: HIGH3 (/Users/dave/source/repos/tempest_ai/Robotron/Code/Williams/.build/lwasm/RRTESTB.bin) = 0063
Symbol: HIGHRS (/Users/dave/source/repos/tempest_ai/Robotron/Code/Williams/.build/lwasm/RRTESTB.bin) = E3D9
Symbol: HIVOL (/Users/dave/source/repos/tempest_ai/Robotron/Code/Williams/.build/lwasm/RRTESTB.bin) = 0043
Symbol: HLKANA (/Users/dave/source/repos/tempest_ai/Robotron/Code/Williams/.build/lwasm/RRTESTB.bin) = 0016
Symbol: HLKCNT (/Users/dave/source/repos/tempest_ai/Robotron/Code/Williams/.build/lwasm/RRTESTB.bin) = BE6D
Symbol: HLKPIC (/Users/dave/source/repos/tempest_ai/Robotron/Code/Williams/.build/lwasm/RRTESTB.bin) = 0014
Symbol: HLKSPD (/Users/dave/source/repos/tempest_ai/Robotron/Code/Williams/.build/lwasm/RRTESTB.bin) = BE61
Symbol: HORIZ (/Users/dave/source/repos/tempest_ai/Robotron/Code/Williams/.build/lwasm/RRTESTB.bin) = CA06
Symbol: HPTR (/Users/dave/source/repos/tempest_ai/Robotron/Code/Williams/.build/lwasm/RRTESTB.bin) = 981F
Symbol: HSBUTV (/Users/dave/source/repos/tempest_ai/Robotron/Code/Williams/.build/lwasm/RRTESTB.bin) = E3DF
Symbol: HSCHKV (/Users/dave/source/repos/tempest_ai/Robotron/Code/Williams/.build/lwasm/RRTESTB.bin) = E3DC
Symbol: HSEED (/Users/dave/source/repos/tempest_ai/Robotron/Code/Williams/.build/lwasm/RRTESTB.bin) = 9885
Symbol: HSINDX (/Users/dave/source/repos/tempest_ai/Robotron/Code/Williams/.build/lwasm/RRTESTB.bin) = 0061
Symbol: HSRESM (/Users/dave/source/repos/tempest_ai/Robotron/Code/Williams/.build/lwasm/RRTESTB.bin) = 005D
Symbol: HSTK (/Users/dave/source/repos/tempest_ai/Robotron/Code/Williams/.build/lwasm/RRTESTB.bin) = BF70
Symbol: HTAB (/Users/dave/source/repos/tempest_ai/Robotron/Code/Williams/.build/lwasm/RRTESTB.bin) = B354
Symbol: HTABX (/Users/dave/source/repos/tempest_ai/Robotron/Code/Williams/.build/lwasm/RRTESTB.bin) = 9849
Symbol: HTBEND (/Users/dave/source/repos/tempest_ai/Robotron/Code/Williams/.build/lwasm/RRTESTB.bin) = B3A4
Symbol: HULKST (/Users/dave/source/repos/tempest_ai/Robotron/Code/Williams/.build/lwasm/RRTESTB.bin) = 0000
Symbol: HUMANA (/Users/dave/source/repos/tempest_ai/Robotron/Code/Williams/.build/lwasm/RRTESTB.bin) = 0018
Symbol: HUMONV (/Users/dave/source/repos/tempest_ai/Robotron/Code/Williams/.build/lwasm/RRTESTB.bin) = 1AC8
Symbol: HUMST (/Users/dave/source/repos/tempest_ai/Robotron/Code/Williams/.build/lwasm/RRTESTB.bin) = 0003
Symbol: HVEXST (/Users/dave/source/repos/tempest_ai/Robotron/Code/Williams/.build/lwasm/RRTESTB.bin) = 5B4F
Symbol: HXINIT (/Users/dave/source/repos/tempest_ai/Robotron/Code/Williams/.build/lwasm/RRTESTB.bin) = F009
Symbol: HXRAM (/Users/dave/source/repos/tempest_ai/Robotron/Code/Williams/.build/lwasm/RRTESTB.bin) = 98A8
Symbol: HXTAB (/Users/dave/source/repos/tempest_ai/Robotron/Code/Williams/.build/lwasm/RRTESTB.bin) = B3E4
Symbol: HXUPD (/Users/dave/source/repos/tempest_ai/Robotron/Code/Williams/.build/lwasm/RRTESTB.bin) = F012
Symbol: IDRET (/Users/dave/source/repos/tempest_ai/Robotron/Code/Williams/.build/lwasm/RRTESTB.bin) = 7148
Symbol: IFLG (/Users/dave/source/repos/tempest_ai/Robotron/Code/Williams/.build/lwasm/RRTESTB.bin) = 9843
Symbol: INC1 (/Users/dave/source/repos/tempest_ai/Robotron/Code/Williams/.build/lwasm/RRTESTB.bin) = 717F
Symbol: INC11 (/Users/dave/source/repos/tempest_ai/Robotron/Code/Williams/.build/lwasm/RRTESTB.bin) = 71A4
Symbol: INC22 (/Users/dave/source/repos/tempest_ai/Robotron/Code/Williams/.build/lwasm/RRTESTB.bin) = 71BF
Symbol: INCDEC (/Users/dave/source/repos/tempest_ai/Robotron/Code/Williams/.build/lwasm/RRTESTB.bin) = 7135
Symbol: INCME (/Users/dave/source/repos/tempest_ai/Robotron/Code/Williams/.build/lwasm/RRTESTB.bin) = 714B
Symbol: INCME0 (/Users/dave/source/repos/tempest_ai/Robotron/Code/Williams/.build/lwasm/RRTESTB.bin) = 714D
Symbol: INCME1 (/Users/dave/source/repos/tempest_ai/Robotron/Code/Williams/.build/lwasm/RRTESTB.bin) = 7155
Symbol: INCOIN (/Users/dave/source/repos/tempest_ai/Robotron/Code/Williams/.build/lwasm/RRTESTB.bin) = 7450
Symbol: INCON1 (/Users/dave/source/repos/tempest_ai/Robotron/Code/Williams/.build/lwasm/RRTESTB.bin) = 7460
Symbol: INDIAG (/Users/dave/source/repos/tempest_ai/Robotron/Code/Williams/.build/lwasm/RRTESTB.bin) = 98CE
Symbol: INDMES (/Users/dave/source/repos/tempest_ai/Robotron/Code/Williams/.build/lwasm/RRTESTB.bin) = 006F
Symbol: INDMF (/Users/dave/source/repos/tempest_ai/Robotron/Code/Williams/.build/lwasm/RRTESTB.bin) = 0069
Symbol: INIT (/Users/dave/source/repos/tempest_ai/Robotron/Code/Williams/.build/lwasm/RRTESTB.bin) = D000
Symbol: INT20V (/Users/dave/source/repos/tempest_ai/Robotron/Code/Williams/.build/lwasm/RRTESTB.bin) = D0C0
Symbol: ITEMP (/Users/dave/source/repos/tempest_ai/Robotron/Code/Williams/.build/lwasm/RRTESTB.bin) = 9825
Symbol: ITEMP2 (/Users/dave/source/repos/tempest_ai/Robotron/Code/Williams/.build/lwasm/RRTESTB.bin) = 9829
Symbol: KIDCNT (/Users/dave/source/repos/tempest_ai/Robotron/Code/Williams/.build/lwasm/RRTESTB.bin) = BE6C
Symbol: KIDPIC (/Users/dave/source/repos/tempest_ai/Robotron/Code/Williams/.build/lwasm/RRTESTB.bin) = 0012
Symbol: KILHUM (/Users/dave/source/repos/tempest_ai/Robotron/Code/Williams/.build/lwasm/RRTESTB.bin) = D08A
Symbol: KILL (/Users/dave/source/repos/tempest_ai/Robotron/Code/Williams/.build/lwasm/RRTESTB.bin) = D05D
Symbol: KILLOB (/Users/dave/source/repos/tempest_ai/Robotron/Code/Williams/.build/lwasm/RRTESTB.bin) = D072
Symbol: KILLOF (/Users/dave/source/repos/tempest_ai/Robotron/Code/Williams/.build/lwasm/RRTESTB.bin) = D075
Symbol: KILO1 (/Users/dave/source/repos/tempest_ai/Robotron/Code/Williams/.build/lwasm/RRTESTB.bin) = D04E
Symbol: KILOFP (/Users/dave/source/repos/tempest_ai/Robotron/Code/Williams/.build/lwasm/RRTESTB.bin) = D078
Symbol: KILPST (/Users/dave/source/repos/tempest_ai/Robotron/Code/Williams/.build/lwasm/RRTESTB.bin) = D084
Symbol: KILROB (/Users/dave/source/repos/tempest_ai/Robotron/Code/Williams/.build/lwasm/RRTESTB.bin) = D07E
Symbol: L0 (/Users/dave/source/repos/tempest_ai/Robotron/Code/Williams/.build/lwasm/RRTESTB.bin) = F01B
Symbol: L2 (/Users/dave/source/repos/tempest_ai/Robotron/Code/Williams/.build/lwasm/RRTESTB.bin) = F019
Symbol: LASCOL (/Users/dave/source/repos/tempest_ai/Robotron/Code/Williams/.build/lwasm/RRTESTB.bin) = 9891
Symbol: LASDIR (/Users/dave/source/repos/tempest_ai/Robotron/Code/Williams/.build/lwasm/RRTESTB.bin) = 9888
Symbol: LASPIC (/Users/dave/source/repos/tempest_ai/Robotron/Code/Williams/.build/lwasm/RRTESTB.bin) = 26D7
Symbol: LASTX (/Users/dave/source/repos/tempest_ai/Robotron/Code/Williams/.build/lwasm/RRTESTB.bin) = 98E6
Symbol: LCCNT (/Users/dave/source/repos/tempest_ai/Robotron/Code/Williams/.build/lwasm/RRTESTB.bin) = 984C
Symbol: LCNT (/Users/dave/source/repos/tempest_ai/Robotron/Code/Williams/.build/lwasm/RRTESTB.bin) = 9887
Symbol: LDCMOS (/Users/dave/source/repos/tempest_ai/Robotron/Code/Williams/.build/lwasm/RRTESTB.bin) = 7654
Symbol: LDN1 (/Users/dave/source/repos/tempest_ai/Robotron/Code/Williams/.build/lwasm/RRTESTB.bin) = 770E
Symbol: LDN1Z (/Users/dave/source/repos/tempest_ai/Robotron/Code/Williams/.build/lwasm/RRTESTB.bin) = 7726
Symbol: LDN1ZZ (/Users/dave/source/repos/tempest_ai/Robotron/Code/Williams/.build/lwasm/RRTESTB.bin) = 7724
Symbol: LDN2 (/Users/dave/source/repos/tempest_ai/Robotron/Code/Williams/.build/lwasm/RRTESTB.bin) = 772D
Symbol: LDN2Z (/Users/dave/source/repos/tempest_ai/Robotron/Code/Williams/.build/lwasm/RRTESTB.bin) = 773B
Symbol: LDN2ZZ (/Users/dave/source/repos/tempest_ai/Robotron/Code/Williams/.build/lwasm/RRTESTB.bin) = 7739
Symbol: LDN3 (/Users/dave/source/repos/tempest_ai/Robotron/Code/Williams/.build/lwasm/RRTESTB.bin) = 7741
Symbol: LDN3ZZ (/Users/dave/source/repos/tempest_ai/Robotron/Code/Williams/.build/lwasm/RRTESTB.bin) = 7747
Symbol: LDOWN (/Users/dave/source/repos/tempest_ai/Robotron/Code/Williams/.build/lwasm/RRTESTB.bin) = 768B
Symbol: LDOWN0 (/Users/dave/source/repos/tempest_ai/Robotron/Code/Williams/.build/lwasm/RRTESTB.bin) = 768D
Symbol: LDOWN1 (/Users/dave/source/repos/tempest_ai/Robotron/Code/Williams/.build/lwasm/RRTESTB.bin) = 768F
Symbol: LDOWN3 (/Users/dave/source/repos/tempest_ai/Robotron/Code/Williams/.build/lwasm/RRTESTB.bin) = 76A5
Symbol: LDRET (/Users/dave/source/repos/tempest_ai/Robotron/Code/Williams/.build/lwasm/RRTESTB.bin) = 7682
Symbol: LFV (/Users/dave/source/repos/tempest_ai/Robotron/Code/Williams/.build/lwasm/RRTESTB.bin) = D0C3
Symbol: LIB (/Users/dave/source/repos/tempest_ai/Robotron/Code/Williams/.build/lwasm/RRTESTB.bin) = 004A
Symbol: LLDY (/Users/dave/source/repos/tempest_ai/Robotron/Code/Williams/.build/lwasm/RRTESTB.bin) = 7648
Symbol: LOGCL2 (/Users/dave/source/repos/tempest_ai/Robotron/Code/Williams/.build/lwasm/RRTESTB.bin) = 98E0
Symbol: LOGCNT (/Users/dave/source/repos/tempest_ai/Robotron/Code/Williams/.build/lwasm/RRTESTB.bin) = 98E1
Symbol: LOGCOL (/Users/dave/source/repos/tempest_ai/Robotron/Code/Williams/.build/lwasm/RRTESTB.bin) = 98DF
Symbol: LOGCST (/Users/dave/source/repos/tempest_ai/Robotron/Code/Williams/.build/lwasm/RRTESTB.bin) = 98E4
Symbol: LOGORG (/Users/dave/source/repos/tempest_ai/Robotron/Code/Williams/.build/lwasm/RRTESTB.bin) = 77A0
Symbol: LOGSAV (/Users/dave/source/repos/tempest_ai/Robotron/Code/Williams/.build/lwasm/RRTESTB.bin) = 98E2
Symbol: LOGX (/Users/dave/source/repos/tempest_ai/Robotron/Code/Williams/.build/lwasm/RRTESTB.bin) = 98DD
Symbol: LRX (/Users/dave/source/repos/tempest_ai/Robotron/Code/Williams/.build/lwasm/RRTESTB.bin) = 987E
Symbol: LRY (/Users/dave/source/repos/tempest_ai/Robotron/Code/Williams/.build/lwasm/RRTESTB.bin) = 987F
Symbol: LSCMOS (/Users/dave/source/repos/tempest_ai/Robotron/Code/Williams/.build/lwasm/RRTESTB.bin) = 7669
Symbol: LSEED (/Users/dave/source/repos/tempest_ai/Robotron/Code/Williams/.build/lwasm/RRTESTB.bin) = 9886
Symbol: LSTATE (/Users/dave/source/repos/tempest_ai/Robotron/Code/Williams/.build/lwasm/RRTESTB.bin) = 743E
Symbol: LSTY (/Users/dave/source/repos/tempest_ai/Robotron/Code/Williams/.build/lwasm/RRTESTB.bin) = 765D
Symbol: LUP (/Users/dave/source/repos/tempest_ai/Robotron/Code/Williams/.build/lwasm/RRTESTB.bin) = 76A9
Symbol: LUP0 (/Users/dave/source/repos/tempest_ai/Robotron/Code/Williams/.build/lwasm/RRTESTB.bin) = 76AB
Symbol: LUP1 (/Users/dave/source/repos/tempest_ai/Robotron/Code/Williams/.build/lwasm/RRTESTB.bin) = 76AD
Symbol: LUP1ZZ (/Users/dave/source/repos/tempest_ai/Robotron/Code/Williams/.build/lwasm/RRTESTB.bin) = 76D8
Symbol: LUP2ZZ (/Users/dave/source/repos/tempest_ai/Robotron/Code/Williams/.build/lwasm/RRTESTB.bin) = 76F5
Symbol: LUP3 (/Users/dave/source/repos/tempest_ai/Robotron/Code/Williams/.build/lwasm/RRTESTB.bin) = 76C2
Symbol: LUPBYE (/Users/dave/source/repos/tempest_ai/Robotron/Code/Williams/.build/lwasm/RRTESTB.bin) = 770C
Symbol: LUPP1 (/Users/dave/source/repos/tempest_ai/Robotron/Code/Williams/.build/lwasm/RRTESTB.bin) = 76C6
Symbol: LUPP1Z (/Users/dave/source/repos/tempest_ai/Robotron/Code/Williams/.build/lwasm/RRTESTB.bin) = 76DE
Symbol: LUPP2 (/Users/dave/source/repos/tempest_ai/Robotron/Code/Williams/.build/lwasm/RRTESTB.bin) = 76E5
Symbol: LUPP2Z (/Users/dave/source/repos/tempest_ai/Robotron/Code/Williams/.build/lwasm/RRTESTB.bin) = 76F7
Symbol: LUPP3 (/Users/dave/source/repos/tempest_ai/Robotron/Code/Williams/.build/lwasm/RRTESTB.bin) = 76FD
Symbol: MAKCHK (/Users/dave/source/repos/tempest_ai/Robotron/Code/Williams/.build/lwasm/RRTESTB.bin) = 7478
Symbol: MAKEP (/Users/dave/source/repos/tempest_ai/Robotron/Code/Williams/.build/lwasm/RRTESTB.bin) = D054
Symbol: MANDSP (/Users/dave/source/repos/tempest_ai/Robotron/Code/Williams/.build/lwasm/RRTESTB.bin) = 26C9
Symbol: MANPIC (/Users/dave/source/repos/tempest_ai/Robotron/Code/Williams/.build/lwasm/RRTESTB.bin) = 26D5
Symbol: MASTT (/Users/dave/source/repos/tempest_ai/Robotron/Code/Williams/.build/lwasm/RRTESTB.bin) = 7079
Symbol: MBRAIN (/Users/dave/source/repos/tempest_ai/Robotron/Code/Williams/.build/lwasm/RRTESTB.bin) = 007A
Symbol: MDAD (/Users/dave/source/repos/tempest_ai/Robotron/Code/Williams/.build/lwasm/RRTESTB.bin) = 0074
Symbol: MENTK (/Users/dave/source/repos/tempest_ai/Robotron/Code/Williams/.build/lwasm/RRTESTB.bin) = 0079
Symbol: MESOUT (/Users/dave/source/repos/tempest_ai/Robotron/Code/Williams/.build/lwasm/RRTESTB.bin) = B3EA
Symbol: MGRUNT (/Users/dave/source/repos/tempest_ai/Robotron/Code/Williams/.build/lwasm/RRTESTB.bin) = 0076
Symbol: MHULK (/Users/dave/source/repos/tempest_ai/Robotron/Code/Williams/.build/lwasm/RRTESTB.bin) = 0077
Symbol: MINUNT (/Users/dave/source/repos/tempest_ai/Robotron/Code/Williams/.build/lwasm/RRTESTB.bin) = CC10
Symbol: MKID (/Users/dave/source/repos/tempest_ai/Robotron/Code/Williams/.build/lwasm/RRTESTB.bin) = 0075
Symbol: MKPROC (/Users/dave/source/repos/tempest_ai/Robotron/Code/Williams/.build/lwasm/RRTESTB.bin) = D057
Symbol: MMOM (/Users/dave/source/repos/tempest_ai/Robotron/Code/Williams/.build/lwasm/RRTESTB.bin) = 0073
Symbol: MOMCNT (/Users/dave/source/repos/tempest_ai/Robotron/Code/Williams/.build/lwasm/RRTESTB.bin) = BE6A
Symbol: MOMPIC (/Users/dave/source/repos/tempest_ai/Robotron/Code/Williams/.build/lwasm/RRTESTB.bin) = 000E
Symbol: MPCTON (/Users/dave/source/repos/tempest_ai/Robotron/Code/Williams/.build/lwasm/RRTESTB.bin) = D090
Symbol: MPROB (/Users/dave/source/repos/tempest_ai/Robotron/Code/Williams/.build/lwasm/RRTESTB.bin) = D06C
Symbol: MPROG (/Users/dave/source/repos/tempest_ai/Robotron/Code/Williams/.build/lwasm/RRTESTB.bin) = 007C
Symbol: MSPCU (/Users/dave/source/repos/tempest_ai/Robotron/Code/Williams/.build/lwasm/RRTESTB.bin) = 0078
Symbol: MSPROC (/Users/dave/source/repos/tempest_ai/Robotron/Code/Williams/.build/lwasm/RRTESTB.bin) = D05A
Symbol: N0V (/Users/dave/source/repos/tempest_ai/Robotron/Code/Williams/.build/lwasm/RRTESTB.bin) = E9CA
Symbol: NEWBCH (/Users/dave/source/repos/tempest_ai/Robotron/Code/Williams/.build/lwasm/RRTESTB.bin) = D0C6
Symbol: NOAUTZ (/Users/dave/source/repos/tempest_ai/Robotron/Code/Williams/.build/lwasm/RRTESTB.bin) = 7374
Symbol: NOFROB (/Users/dave/source/repos/tempest_ai/Robotron/Code/Williams/.build/lwasm/RRTESTB.bin) = 7645
Symbol: NOM (/Users/dave/source/repos/tempest_ai/Robotron/Code/Williams/.build/lwasm/RRTESTB.bin) = 0048
Symbol: NOMESS (/Users/dave/source/repos/tempest_ai/Robotron/Code/Williams/.build/lwasm/RRTESTB.bin) = 0042
Symbol: NOREPM (/Users/dave/source/repos/tempest_ai/Robotron/Code/Williams/.build/lwasm/RRTESTB.bin) = 005A
Symbol: NOWMES (/Users/dave/source/repos/tempest_ai/Robotron/Code/Williams/.build/lwasm/RRTESTB.bin) = 0060
Symbol: NOWORD (/Users/dave/source/repos/tempest_ai/Robotron/Code/Williams/.build/lwasm/RRTESTB.bin) = 7057
Symbol: NSHIP (/Users/dave/source/repos/tempest_ai/Robotron/Code/Williams/.build/lwasm/RRTESTB.bin) = CC02
Symbol: NULMES (/Users/dave/source/repos/tempest_ai/Robotron/Code/Williams/.build/lwasm/RRTESTB.bin) = 007E
Symbol: OBJDAT (/Users/dave/source/repos/tempest_ai/Robotron/Code/Williams/.build/lwasm/RRTESTB.bin) = 0002
Symbol: OBJH (/Users/dave/source/repos/tempest_ai/Robotron/Code/Williams/.build/lwasm/RRTESTB.bin) = 0001
Symbol: OBJID (/Users/dave/source/repos/tempest_ai/Robotron/Code/Williams/.build/lwasm/RRTESTB.bin) = 0006
Symbol: OBJL (/Users/dave/source/repos/tempest_ai/Robotron/Code/Williams/.build/lwasm/RRTESTB.bin) = 0004
Symbol: OBJW (/Users/dave/source/repos/tempest_ai/Robotron/Code/Williams/.build/lwasm/RRTESTB.bin) = 0000
Symbol: OBJX (/Users/dave/source/repos/tempest_ai/Robotron/Code/Williams/.build/lwasm/RRTESTB.bin) = 0004
Symbol: OBJY (/Users/dave/source/repos/tempest_ai/Robotron/Code/Williams/.build/lwasm/RRTESTB.bin) = 0005
Symbol: OBPTR (/Users/dave/source/repos/tempest_ai/Robotron/Code/Williams/.build/lwasm/RRTESTB.bin) = 9819
Symbol: OBW (/Users/dave/source/repos/tempest_ai/Robotron/Code/Williams/.build/lwasm/RRTESTB.bin) = 987A
Symbol: OCVECT (/Users/dave/source/repos/tempest_ai/Robotron/Code/Williams/.build/lwasm/RRTESTB.bin) = 0008
Symbol: ODATA (/Users/dave/source/repos/tempest_ai/Robotron/Code/Williams/.build/lwasm/RRTESTB.bin) = 0013
Symbol: OFLAV (/Users/dave/source/repos/tempest_ai/Robotron/Code/Williams/.build/lwasm/RRTESTB.bin) = 0012
Symbol: OFREE (/Users/dave/source/repos/tempest_ai/Robotron/Code/Williams/.build/lwasm/RRTESTB.bin) = 981B
Symbol: OINIT (/Users/dave/source/repos/tempest_ai/Robotron/Code/Williams/.build/lwasm/RRTESTB.bin) = D030
Symbol: OKM (/Users/dave/source/repos/tempest_ai/Robotron/Code/Williams/.build/lwasm/RRTESTB.bin) = 0001
Symbol: OLDPIC (/Users/dave/source/repos/tempest_ai/Robotron/Code/Williams/.build/lwasm/RRTESTB.bin) = 0014
Symbol: OLEND (/Users/dave/source/repos/tempest_ai/Robotron/Code/Williams/.build/lwasm/RRTESTB.bin) = A9E0
Symbol: OLINK (/Users/dave/source/repos/tempest_ai/Robotron/Code/Williams/.build/lwasm/RRTESTB.bin) = 0000
Symbol: OLIST (/Users/dave/source/repos/tempest_ai/Robotron/Code/Williams/.build/lwasm/RRTESTB.bin) = 9900
Symbol: OMESM (/Users/dave/source/repos/tempest_ai/Robotron/Code/Williams/.build/lwasm/RRTESTB.bin) = 005C
Symbol: OMESUM (/Users/dave/source/repos/tempest_ai/Robotron/Code/Williams/.build/lwasm/RRTESTB.bin) = CC8E
Symbol: ONLY5M (/Users/dave/source/repos/tempest_ai/Robotron/Code/Williams/.build/lwasm/RRTESTB.bin) = 0064
Symbol: OPCHK (/Users/dave/source/repos/tempest_ai/Robotron/Code/Williams/.build/lwasm/RRTESTB.bin) = 7491
Symbol: OPCNTM (/Users/dave/source/repos/tempest_ai/Robotron/Code/Williams/.build/lwasm/RRTESTB.bin) = 0065
Symbol: OPD1 (/Users/dave/source/repos/tempest_ai/Robotron/Code/Williams/.build/lwasm/RRTESTB.bin) = 6F65
Symbol: OPD2 (/Users/dave/source/repos/tempest_ai/Robotron/Code/Williams/.build/lwasm/RRTESTB.bin) = 6F7E
Symbol: OPICT (/Users/dave/source/repos/tempest_ai/Robotron/Code/Williams/.build/lwasm/RRTESTB.bin) = 0002
Symbol: OPL1 (/Users/dave/source/repos/tempest_ai/Robotron/Code/Williams/.build/lwasm/RRTESTB.bin) = CC88
Symbol: OPL2 (/Users/dave/source/repos/tempest_ai/Robotron/Code/Williams/.build/lwasm/RRTESTB.bin) = CC8A
Symbol: OPMESS (/Users/dave/source/repos/tempest_ai/Robotron/Code/Williams/.build/lwasm/RRTESTB.bin) = CC24
Symbol: OPON (/Users/dave/source/repos/tempest_ai/Robotron/Code/Williams/.build/lwasm/RRTESTB.bin) = 3888
Symbol: OPON1 (/Users/dave/source/repos/tempest_ai/Robotron/Code/Williams/.build/lwasm/RRTESTB.bin) = 388B
Symbol: OPSET (/Users/dave/source/repos/tempest_ai/Robotron/Code/Williams/.build/lwasm/RRTESTB.bin) = 6F3B
Symbol: OPTR (/Users/dave/source/repos/tempest_ai/Robotron/Code/Williams/.build/lwasm/RRTESTB.bin) = 9817
Symbol: OPTRTS (/Users/dave/source/repos/tempest_ai/Robotron/Code/Williams/.build/lwasm/RRTESTB.bin) = 7524
Symbol: OPTST (/Users/dave/source/repos/tempest_ai/Robotron/Code/Williams/.build/lwasm/RRTESTB.bin) = 7525
Symbol: OPTSTZ (/Users/dave/source/repos/tempest_ai/Robotron/Code/Williams/.build/lwasm/RRTESTB.bin) = 752C
Symbol: ORIG (/Users/dave/source/repos/tempest_ai/Robotron/Code/Williams/.build/lwasm/RRTESTB.bin) = CA02
Symbol: OSIZE (/Users/dave/source/repos/tempest_ai/Robotron/Code/Williams/.build/lwasm/RRTESTB.bin) = 0018
Symbol: OVCNT (/Users/dave/source/repos/tempest_ai/Robotron/Code/Williams/.build/lwasm/RRTESTB.bin) = 9842
Symbol: OX1 (/Users/dave/source/repos/tempest_ai/Robotron/Code/Williams/.build/lwasm/RRTESTB.bin) = 9876
Symbol: OX16 (/Users/dave/source/repos/tempest_ai/Robotron/Code/Williams/.build/lwasm/RRTESTB.bin) = 000A
Symbol: OXV (/Users/dave/source/repos/tempest_ai/Robotron/Code/Williams/.build/lwasm/RRTESTB.bin) = 000E
Symbol: OY1 (/Users/dave/source/repos/tempest_ai/Robotron/Code/Williams/.build/lwasm/RRTESTB.bin) = 9877
Symbol: OY16 (/Users/dave/source/repos/tempest_ai/Robotron/Code/Williams/.build/lwasm/RRTESTB.bin) = 000C
Symbol: OYV (/Users/dave/source/repos/tempest_ai/Robotron/Code/Williams/.build/lwasm/RRTESTB.bin) = 0010
Symbol: P1DISP (/Users/dave/source/repos/tempest_ai/Robotron/Code/Williams/.build/lwasm/RRTESTB.bin) = 180E
Symbol: P1KD (/Users/dave/source/repos/tempest_ai/Robotron/Code/Williams/.build/lwasm/RRTESTB.bin) = 000C
Symbol: P1MAN (/Users/dave/source/repos/tempest_ai/Robotron/Code/Williams/.build/lwasm/RRTESTB.bin) = 2E0E
Symbol: P1ORG (/Users/dave/source/repos/tempest_ai/Robotron/Code/Williams/.build/lwasm/RRTESTB.bin) = 180E
Symbol: P1SW (/Users/dave/source/repos/tempest_ai/Robotron/Code/Williams/.build/lwasm/RRTESTB.bin) = D099
Symbol: P2DISP (/Users/dave/source/repos/tempest_ai/Robotron/Code/Williams/.build/lwasm/RRTESTB.bin) = 580E
Symbol: P2MAN (/Users/dave/source/repos/tempest_ai/Robotron/Code/Williams/.build/lwasm/RRTESTB.bin) = 6E0E
Symbol: P2ORG (/Users/dave/source/repos/tempest_ai/Robotron/Code/Williams/.build/lwasm/RRTESTB.bin) = 580E
Symbol: P2SW (/Users/dave/source/repos/tempest_ai/Robotron/Code/Williams/.build/lwasm/RRTESTB.bin) = D09C
Symbol: PADDR (/Users/dave/source/repos/tempest_ai/Robotron/Code/Williams/.build/lwasm/RRTESTB.bin) = 0002
Symbol: PAGE1 (/Users/dave/source/repos/tempest_ai/Robotron/Code/Williams/.build/lwasm/RRTESTB.bin) = 70D5
Symbol: PCFLG (/Users/dave/source/repos/tempest_ai/Robotron/Code/Williams/.build/lwasm/RRTESTB.bin) = 9848
Symbol: PCOD (/Users/dave/source/repos/tempest_ai/Robotron/Code/Williams/.build/lwasm/RRTESTB.bin) = 0006
Symbol: PCOORD (/Users/dave/source/repos/tempest_ai/Robotron/Code/Williams/.build/lwasm/RRTESTB.bin) = 4A7C
Symbol: PCRAM (/Users/dave/source/repos/tempest_ai/Robotron/Code/Williams/.build/lwasm/RRTESTB.bin) = 9800
Symbol: PCTOFF (/Users/dave/source/repos/tempest_ai/Robotron/Code/Williams/.build/lwasm/RRTESTB.bin) = D01E
Symbol: PCTON (/Users/dave/source/repos/tempest_ai/Robotron/Code/Williams/.build/lwasm/RRTESTB.bin) = D021
Symbol: PD (/Users/dave/source/repos/tempest_ai/Robotron/Code/Williams/.build/lwasm/RRTESTB.bin) = 0007
Symbol: PD1 (/Users/dave/source/repos/tempest_ai/Robotron/Code/Williams/.build/lwasm/RRTESTB.bin) = 0008
Symbol: PD2 (/Users/dave/source/repos/tempest_ai/Robotron/Code/Williams/.build/lwasm/RRTESTB.bin) = 0009
Symbol: PD3 (/Users/dave/source/repos/tempest_ai/Robotron/Code/Williams/.build/lwasm/RRTESTB.bin) = 000A
Symbol: PD4 (/Users/dave/source/repos/tempest_ai/Robotron/Code/Williams/.build/lwasm/RRTESTB.bin) = 000B
Symbol: PD5 (/Users/dave/source/repos/tempest_ai/Robotron/Code/Williams/.build/lwasm/RRTESTB.bin) = 000C
Symbol: PD6 (/Users/dave/source/repos/tempest_ai/Robotron/Code/Williams/.build/lwasm/RRTESTB.bin) = 000D
Symbol: PD7 (/Users/dave/source/repos/tempest_ai/Robotron/Code/Williams/.build/lwasm/RRTESTB.bin) = 000E
Symbol: PDATA (/Users/dave/source/repos/tempest_ai/Robotron/Code/Williams/.build/lwasm/RRTESTB.bin) = 0007
Symbol: PDEATH (/Users/dave/source/repos/tempest_ai/Robotron/Code/Williams/.build/lwasm/RRTESTB.bin) = 5B4C
Symbol: PENEMY (/Users/dave/source/repos/tempest_ai/Robotron/Code/Williams/.build/lwasm/RRTESTB.bin) = 000A
Symbol: PIA0 (/Users/dave/source/repos/tempest_ai/Robotron/Code/Williams/.build/lwasm/RRTESTB.bin) = C80C
Symbol: PIA01 (/Users/dave/source/repos/tempest_ai/Robotron/Code/Williams/.build/lwasm/RRTESTB.bin) = 982F
Symbol: PIA02 (/Users/dave/source/repos/tempest_ai/Robotron/Code/Williams/.build/lwasm/RRTESTB.bin) = 9830
Symbol: PIA1 (/Users/dave/source/repos/tempest_ai/Robotron/Code/Williams/.build/lwasm/RRTESTB.bin) = C80E
Symbol: PIA2 (/Users/dave/source/repos/tempest_ai/Robotron/Code/Williams/.build/lwasm/RRTESTB.bin) = C804
Symbol: PIA21 (/Users/dave/source/repos/tempest_ai/Robotron/Code/Williams/.build/lwasm/RRTESTB.bin) = 9831
Symbol: PIA22 (/Users/dave/source/repos/tempest_ai/Robotron/Code/Williams/.build/lwasm/RRTESTB.bin) = 9832
Symbol: PIA3 (/Users/dave/source/repos/tempest_ai/Robotron/Code/Williams/.build/lwasm/RRTESTB.bin) = C806
Symbol: PINIT (/Users/dave/source/repos/tempest_ai/Robotron/Code/Williams/.build/lwasm/RRTESTB.bin) = D036
Symbol: PKPRCV (/Users/dave/source/repos/tempest_ai/Robotron/Code/Williams/.build/lwasm/RRTESTB.bin) = 3895
Symbol: PLAIMB (/Users/dave/source/repos/tempest_ai/Robotron/Code/Williams/.build/lwasm/RRTESTB.bin) = 9872
Symbol: PLAIMC (/Users/dave/source/repos/tempest_ai/Robotron/Code/Williams/.build/lwasm/RRTESTB.bin) = 9870
Symbol: PLAIMN (/Users/dave/source/repos/tempest_ai/Robotron/Code/Williams/.build/lwasm/RRTESTB.bin) = 9871
Symbol: PLAS (/Users/dave/source/repos/tempest_ai/Robotron/Code/Williams/.build/lwasm/RRTESTB.bin) = 0008
Symbol: PLAYER (/Users/dave/source/repos/tempest_ai/Robotron/Code/Williams/.build/lwasm/RRTESTB.bin) = 26C0
Symbol: PLDATA (/Users/dave/source/repos/tempest_ai/Robotron/Code/Williams/.build/lwasm/RRTESTB.bin) = BDE4
Symbol: PLDEND (/Users/dave/source/repos/tempest_ai/Robotron/Code/Williams/.build/lwasm/RRTESTB.bin) = BE5C
Symbol: PLDLEN (/Users/dave/source/repos/tempest_ai/Robotron/Code/Williams/.build/lwasm/RRTESTB.bin) = 003C
Symbol: PLDX (/Users/dave/source/repos/tempest_ai/Robotron/Code/Williams/.build/lwasm/RRTESTB.bin) = D048
Symbol: PLINDX (/Users/dave/source/repos/tempest_ai/Robotron/Code/Williams/.build/lwasm/RRTESTB.bin) = D045
Symbol: PLINK (/Users/dave/source/repos/tempest_ai/Robotron/Code/Williams/.build/lwasm/RRTESTB.bin) = 0000
Symbol: PLOBJ (/Users/dave/source/repos/tempest_ai/Robotron/Code/Williams/.build/lwasm/RRTESTB.bin) = 985A
Symbol: PLRCNT (/Users/dave/source/repos/tempest_ai/Robotron/Code/Williams/.build/lwasm/RRTESTB.bin) = 9840
Symbol: PLRX (/Users/dave/source/repos/tempest_ai/Robotron/Code/Williams/.build/lwasm/RRTESTB.bin) = B3E8
Symbol: PLW (/Users/dave/source/repos/tempest_ai/Robotron/Code/Williams/.build/lwasm/RRTESTB.bin) = 987B
Symbol: PODATA (/Users/dave/source/repos/tempest_ai/Robotron/Code/Williams/.build/lwasm/RRTESTB.bin) = 986D
Symbol: POLDPC (/Users/dave/source/repos/tempest_ai/Robotron/Code/Williams/.build/lwasm/RRTESTB.bin) = 986E
Symbol: POORP (/Users/dave/source/repos/tempest_ai/Robotron/Code/Williams/.build/lwasm/RRTESTB.bin) = 0045
Symbol: PPICT (/Users/dave/source/repos/tempest_ai/Robotron/Code/Williams/.build/lwasm/RRTESTB.bin) = 985C
Symbol: PPTR (/Users/dave/source/repos/tempest_ai/Robotron/Code/Williams/.build/lwasm/RRTESTB.bin) = 9823
Symbol: PR35V (/Users/dave/source/repos/tempest_ai/Robotron/Code/Williams/.build/lwasm/RRTESTB.bin) = 5F90
Symbol: PR57V (/Users/dave/source/repos/tempest_ai/Robotron/Code/Williams/.build/lwasm/RRTESTB.bin) = 5F93
Symbol: PRFRB1 (/Users/dave/source/repos/tempest_ai/Robotron/Code/Williams/.build/lwasm/RRTESTB.bin) = 7638
Symbol: PRFROB (/Users/dave/source/repos/tempest_ai/Robotron/Code/Williams/.build/lwasm/RRTESTB.bin) = 7636
Symbol: PRGPIC (/Users/dave/source/repos/tempest_ai/Robotron/Code/Williams/.build/lwasm/RRTESTB.bin) = 1ACB
Symbol: PRINV (/Users/dave/source/repos/tempest_ai/Robotron/Code/Williams/.build/lwasm/RRTESTB.bin) = 5F9C
Symbol: PRN5FV (/Users/dave/source/repos/tempest_ai/Robotron/Code/Williams/.build/lwasm/RRTESTB.bin) = 5F90
Symbol: PRN7FV (/Users/dave/source/repos/tempest_ai/Robotron/Code/Williams/.build/lwasm/RRTESTB.bin) = 5F93
Symbol: PRNPG1 (/Users/dave/source/repos/tempest_ai/Robotron/Code/Williams/.build/lwasm/RRTESTB.bin) = 70EA
Symbol: PROTC1 (/Users/dave/source/repos/tempest_ai/Robotron/Code/Williams/.build/lwasm/RRTESTB.bin) = 71F0
Symbol: PROTCK (/Users/dave/source/repos/tempest_ai/Robotron/Code/Williams/.build/lwasm/RRTESTB.bin) = 71E1
Symbol: PROTOK (/Users/dave/source/repos/tempest_ai/Robotron/Code/Williams/.build/lwasm/RRTESTB.bin) = 71FA
Symbol: PRPLA (/Users/dave/source/repos/tempest_ai/Robotron/Code/Williams/.build/lwasm/RRTESTB.bin) = 0004
Symbol: PRSCR (/Users/dave/source/repos/tempest_ai/Robotron/Code/Williams/.build/lwasm/RRTESTB.bin) = 5F9F
Symbol: PRVAL (/Users/dave/source/repos/tempest_ai/Robotron/Code/Williams/.build/lwasm/RRTESTB.bin) = 70A0
Symbol: PRVALZ (/Users/dave/source/repos/tempest_ai/Robotron/Code/Williams/.build/lwasm/RRTESTB.bin) = 70AD
Symbol: PSCOR (/Users/dave/source/repos/tempest_ai/Robotron/Code/Williams/.build/lwasm/RRTESTB.bin) = 0000
Symbol: PSINIT (/Users/dave/source/repos/tempest_ai/Robotron/Code/Williams/.build/lwasm/RRTESTB.bin) = 3883
Symbol: PSIZE (/Users/dave/source/repos/tempest_ai/Robotron/Code/Williams/.build/lwasm/RRTESTB.bin) = 000F
Symbol: PSLEND (/Users/dave/source/repos/tempest_ai/Robotron/Code/Williams/.build/lwasm/RRTESTB.bin) = B3E4
Symbol: PSLIST (/Users/dave/source/repos/tempest_ai/Robotron/Code/Williams/.build/lwasm/RRTESTB.bin) = B3A4
Symbol: PSTANI (/Users/dave/source/repos/tempest_ai/Robotron/Code/Williams/.build/lwasm/RRTESTB.bin) = 9893
Symbol: PSTCNT (/Users/dave/source/repos/tempest_ai/Robotron/Code/Williams/.build/lwasm/RRTESTB.bin) = BE69
Symbol: PSTCOL (/Users/dave/source/repos/tempest_ai/Robotron/Code/Williams/.build/lwasm/RRTESTB.bin) = 9890
Symbol: PSTIN (/Users/dave/source/repos/tempest_ai/Robotron/Code/Williams/.build/lwasm/RRTESTB.bin) = 9827
Symbol: PSTP1 (/Users/dave/source/repos/tempest_ai/Robotron/Code/Williams/.build/lwasm/RRTESTB.bin) = 3886
Symbol: PSTPIC (/Users/dave/source/repos/tempest_ai/Robotron/Code/Williams/.build/lwasm/RRTESTB.bin) = 3893
Symbol: PSTREF (/Users/dave/source/repos/tempest_ai/Robotron/Code/Williams/.build/lwasm/RRTESTB.bin) = 9892
Symbol: PTAB (/Users/dave/source/repos/tempest_ai/Robotron/Code/Williams/.build/lwasm/RRTESTB.bin) = A9E0
Symbol: PTIME (/Users/dave/source/repos/tempest_ai/Robotron/Code/Williams/.build/lwasm/RRTESTB.bin) = 0004
Symbol: PTYPE (/Users/dave/source/repos/tempest_ai/Robotron/Code/Williams/.build/lwasm/RRTESTB.bin) = 0005
Symbol: PUPHSC (/Users/dave/source/repos/tempest_ai/Robotron/Code/Williams/.build/lwasm/RRTESTB.bin) = E3D0
Symbol: PUSHY (/Users/dave/source/repos/tempest_ai/Robotron/Code/Williams/.build/lwasm/RRTESTB.bin) = 7672
Symbol: PUSHY1 (/Users/dave/source/repos/tempest_ai/Robotron/Code/Williams/.build/lwasm/RRTESTB.bin) = 767F
Symbol: PWAV (/Users/dave/source/repos/tempest_ai/Robotron/Code/Williams/.build/lwasm/RRTESTB.bin) = 0009
Symbol: PWRUPV (/Users/dave/source/repos/tempest_ai/Robotron/Code/Williams/.build/lwasm/RRTESTB.bin) = F000
Symbol: PX (/Users/dave/source/repos/tempest_ai/Robotron/Code/Williams/.build/lwasm/RRTESTB.bin) = 985E
Symbol: PX1 (/Users/dave/source/repos/tempest_ai/Robotron/Code/Williams/.build/lwasm/RRTESTB.bin) = 9878
Symbol: PX16 (/Users/dave/source/repos/tempest_ai/Robotron/Code/Williams/.build/lwasm/RRTESTB.bin) = 9864
Symbol: PXV (/Users/dave/source/repos/tempest_ai/Robotron/Code/Williams/.build/lwasm/RRTESTB.bin) = 9868
Symbol: PY1 (/Users/dave/source/repos/tempest_ai/Robotron/Code/Williams/.build/lwasm/RRTESTB.bin) = 9879
Symbol: PY16 (/Users/dave/source/repos/tempest_ai/Robotron/Code/Williams/.build/lwasm/RRTESTB.bin) = 9866
Symbol: PYV (/Users/dave/source/repos/tempest_ai/Robotron/Code/Williams/.build/lwasm/RRTESTB.bin) = 986A
Symbol: RAM (/Users/dave/source/repos/tempest_ai/Robotron/Code/Williams/.build/lwasm/RRTESTB.bin) = 9800
Symbol: RAMALS (/Users/dave/source/repos/tempest_ai/Robotron/Code/Williams/.build/lwasm/RRTESTB.bin) = B3EA
Symbol: RAMOK (/Users/dave/source/repos/tempest_ai/Robotron/Code/Williams/.build/lwasm/RRTESTB.bin) = 0005
Symbol: RAMTOP (/Users/dave/source/repos/tempest_ai/Robotron/Code/Williams/.build/lwasm/RRTESTB.bin) = C000
Symbol: RAND (/Users/dave/source/repos/tempest_ai/Robotron/Code/Williams/.build/lwasm/RRTESTB.bin) = D039
Symbol: RAND16 (/Users/dave/source/repos/tempest_ai/Robotron/Code/Williams/.build/lwasm/RRTESTB.bin) = D03C
Symbol: RANDU (/Users/dave/source/repos/tempest_ai/Robotron/Code/Williams/.build/lwasm/RRTESTB.bin) = D042
Symbol: RANDXY (/Users/dave/source/repos/tempest_ai/Robotron/Code/Williams/.build/lwasm/RRTESTB.bin) = 26C3
Symbol: RCCNT (/Users/dave/source/repos/tempest_ai/Robotron/Code/Williams/.build/lwasm/RRTESTB.bin) = 984D
Symbol: RCMOSA (/Users/dave/source/repos/tempest_ai/Robotron/Code/Williams/.build/lwasm/RRTESTB.bin) = D0A2
Symbol: RCMOSB (/Users/dave/source/repos/tempest_ai/Robotron/Code/Williams/.build/lwasm/RRTESTB.bin) = D0A5
Symbol: RCMOSD (/Users/dave/source/repos/tempest_ai/Robotron/Code/Williams/.build/lwasm/RRTESTB.bin) = D0A8
Symbol: RCORG (/Users/dave/source/repos/tempest_ai/Robotron/Code/Williams/.build/lwasm/RRTESTB.bin) = 1140
Symbol: RDORG (/Users/dave/source/repos/tempest_ai/Robotron/Code/Williams/.build/lwasm/RRTESTB.bin) = DD00
Symbol: RDSP1 (/Users/dave/source/repos/tempest_ai/Robotron/Code/Williams/.build/lwasm/RRTESTB.bin) = 7425
Symbol: RDTHV (/Users/dave/source/repos/tempest_ai/Robotron/Code/Williams/.build/lwasm/RRTESTB.bin) = DD00
Symbol: RDXORG (/Users/dave/source/repos/tempest_ai/Robotron/Code/Williams/.build/lwasm/RRTESTB.bin) = 4680
Symbol: RECOM (/Users/dave/source/repos/tempest_ai/Robotron/Code/Williams/.build/lwasm/RRTESTB.bin) = 0044
Symbol: REDISP (/Users/dave/source/repos/tempest_ai/Robotron/Code/Williams/.build/lwasm/RRTESTB.bin) = 740D
Symbol: REPLA (/Users/dave/source/repos/tempest_ai/Robotron/Code/Williams/.build/lwasm/RRTESTB.bin) = 9846
Symbol: REPLAY (/Users/dave/source/repos/tempest_ai/Robotron/Code/Williams/.build/lwasm/RRTESTB.bin) = CC00
Symbol: REPMM1 (/Users/dave/source/repos/tempest_ai/Robotron/Code/Williams/.build/lwasm/RRTESTB.bin) = 0040
Symbol: REPMM2 (/Users/dave/source/repos/tempest_ai/Robotron/Code/Williams/.build/lwasm/RRTESTB.bin) = 0041
Symbol: REPMM3 (/Users/dave/source/repos/tempest_ai/Robotron/Code/Williams/.build/lwasm/RRTESTB.bin) = 004E
Symbol: REPMM4 (/Users/dave/source/repos/tempest_ai/Robotron/Code/Williams/.build/lwasm/RRTESTB.bin) = 0066
Symbol: REPTTT (/Users/dave/source/repos/tempest_ai/Robotron/Code/Williams/.build/lwasm/RRTESTB.bin) = 7041
Symbol: RERRM (/Users/dave/source/repos/tempest_ai/Robotron/Code/Williams/.build/lwasm/RRTESTB.bin) = 0002
Symbol: RESMES (/Users/dave/source/repos/tempest_ai/Robotron/Code/Williams/.build/lwasm/RRTESTB.bin) = 0050
Symbol: RGORG (/Users/dave/source/repos/tempest_ai/Robotron/Code/Williams/.build/lwasm/RRTESTB.bin) = 26C0
Symbol: RHORG (/Users/dave/source/repos/tempest_ai/Robotron/Code/Williams/.build/lwasm/RRTESTB.bin) = 0000
Symbol: RINIT (/Users/dave/source/repos/tempest_ai/Robotron/Code/Williams/.build/lwasm/RRTESTB.bin) = 3880
Symbol: RIPFLG (/Users/dave/source/repos/tempest_ai/Robotron/Code/Williams/.build/lwasm/RRTESTB.bin) = 98F2
Symbol: RIPV (/Users/dave/source/repos/tempest_ai/Robotron/Code/Williams/.build/lwasm/RRTESTB.bin) = D069
Symbol: RMAX (/Users/dave/source/repos/tempest_ai/Robotron/Code/Williams/.build/lwasm/RRTESTB.bin) = D03F
Symbol: RMORG (/Users/dave/source/repos/tempest_ai/Robotron/Code/Williams/.build/lwasm/RRTESTB.bin) = 5700
Symbol: RMRAM (/Users/dave/source/repos/tempest_ai/Robotron/Code/Williams/.build/lwasm/RRTESTB.bin) = 98C8
Symbol: RMST (/Users/dave/source/repos/tempest_ai/Robotron/Code/Williams/.build/lwasm/RRTESTB.bin) = 5700
Symbol: RMXSPD (/Users/dave/source/repos/tempest_ai/Robotron/Code/Williams/.build/lwasm/RRTESTB.bin) = BE5D
Symbol: ROBCNT (/Users/dave/source/repos/tempest_ai/Robotron/Code/Williams/.build/lwasm/RRTESTB.bin) = BE68
Symbol: ROBPIC (/Users/dave/source/repos/tempest_ai/Robotron/Code/Williams/.build/lwasm/RRTESTB.bin) = 3891
Symbol: ROBSPD (/Users/dave/source/repos/tempest_ai/Robotron/Code/Williams/.build/lwasm/RRTESTB.bin) = BE5C
Symbol: ROBST (/Users/dave/source/repos/tempest_ai/Robotron/Code/Williams/.build/lwasm/RRTESTB.bin) = 988B
Symbol: ROMERM (/Users/dave/source/repos/tempest_ai/Robotron/Code/Williams/.build/lwasm/RRTESTB.bin) = 0003
Symbol: ROMOK (/Users/dave/source/repos/tempest_ai/Robotron/Code/Williams/.build/lwasm/RRTESTB.bin) = 0004
Symbol: ROSORG (/Users/dave/source/repos/tempest_ai/Robotron/Code/Williams/.build/lwasm/RRTESTB.bin) = D000
Symbol: RPORG (/Users/dave/source/repos/tempest_ai/Robotron/Code/Williams/.build/lwasm/RRTESTB.bin) = 3880
Symbol: RPTR (/Users/dave/source/repos/tempest_ai/Robotron/Code/Williams/.build/lwasm/RRTESTB.bin) = 9821
Symbol: RTKORG (/Users/dave/source/repos/tempest_ai/Robotron/Code/Williams/.build/lwasm/RRTESTB.bin) = 4B00
Symbol: RTORG (/Users/dave/source/repos/tempest_ai/Robotron/Code/Williams/.build/lwasm/RRTESTB.bin) = 4140
Symbol: RVEND (/Users/dave/source/repos/tempest_ai/Robotron/Code/Williams/.build/lwasm/RRTESTB.bin) = 71DF
Symbol: RVTAB (/Users/dave/source/repos/tempest_ai/Robotron/Code/Williams/.build/lwasm/RRTESTB.bin) = 71DB
Symbol: RWCNTL (/Users/dave/source/repos/tempest_ai/Robotron/Code/Williams/.build/lwasm/RRTESTB.bin) = C900
Symbol: RWCTMP (/Users/dave/source/repos/tempest_ai/Robotron/Code/Williams/.build/lwasm/RRTESTB.bin) = 9845
Symbol: RWMOVE (/Users/dave/source/repos/tempest_ai/Robotron/Code/Williams/.build/lwasm/RRTESTB.bin) = D0B7
Symbol: RXORG (/Users/dave/source/repos/tempest_ai/Robotron/Code/Williams/.build/lwasm/RRTESTB.bin) = 5B40
Symbol: SAFTY (/Users/dave/source/repos/tempest_ai/Robotron/Code/Williams/.build/lwasm/RRTESTB.bin) = 388E
Symbol: SAVCNT (/Users/dave/source/repos/tempest_ai/Robotron/Code/Williams/.build/lwasm/RRTESTB.bin) = 988D
Symbol: SCORE (/Users/dave/source/repos/tempest_ai/Robotron/Code/Williams/.build/lwasm/RRTESTB.bin) = D00C
Symbol: SCRCLR (/Users/dave/source/repos/tempest_ai/Robotron/Code/Williams/.build/lwasm/RRTESTB.bin) = D012
Symbol: SCRFLG (/Users/dave/source/repos/tempest_ai/Robotron/Code/Williams/.build/lwasm/RRTESTB.bin) = 98F0
Symbol: SCRMES (/Users/dave/source/repos/tempest_ai/Robotron/Code/Williams/.build/lwasm/RRTESTB.bin) = 006E
Symbol: SCRSIZ (/Users/dave/source/repos/tempest_ai/Robotron/Code/Williams/.build/lwasm/RRTESTB.bin) = 000E
Symbol: SCRTR0 (/Users/dave/source/repos/tempest_ai/Robotron/Code/Williams/.build/lwasm/RRTESTB.bin) = D00F
Symbol: SCRTRN (/Users/dave/source/repos/tempest_ai/Robotron/Code/Williams/.build/lwasm/RRTESTB.bin) = D009
Symbol: SDOUT (/Users/dave/source/repos/tempest_ai/Robotron/Code/Williams/.build/lwasm/RRTESTB.bin) = D006
Symbol: SEED (/Users/dave/source/repos/tempest_ai/Robotron/Code/Williams/.build/lwasm/RRTESTB.bin) = 9884
Symbol: SETORG (/Users/dave/source/repos/tempest_ai/Robotron/Code/Williams/.build/lwasm/RRTESTB.bin) = E9C8
Symbol: SHLCNT (/Users/dave/source/repos/tempest_ai/Robotron/Code/Williams/.build/lwasm/RRTESTB.bin) = 98F1
Symbol: SHLSPD (/Users/dave/source/repos/tempest_ai/Robotron/Code/Williams/.build/lwasm/RRTESTB.bin) = BE65
Symbol: SIDE (/Users/dave/source/repos/tempest_ai/Robotron/Code/Williams/.build/lwasm/RRTESTB.bin) = 98E8
Symbol: SKLPIC (/Users/dave/source/repos/tempest_ai/Robotron/Code/Williams/.build/lwasm/RRTESTB.bin) = 001A
Symbol: SKULL (/Users/dave/source/repos/tempest_ai/Robotron/Code/Williams/.build/lwasm/RRTESTB.bin) = 0009
Symbol: SLEEP (/Users/dave/source/repos/tempest_ai/Robotron/Code/Williams/.build/lwasm/RRTESTB.bin) = D066
Symbol: SLIDE (/Users/dave/source/repos/tempest_ai/Robotron/Code/Williams/.build/lwasm/RRTESTB.bin) = 738A
Symbol: SLIDE0 (/Users/dave/source/repos/tempest_ai/Robotron/Code/Williams/.build/lwasm/RRTESTB.bin) = 73A3
Symbol: SLIDE1 (/Users/dave/source/repos/tempest_ai/Robotron/Code/Williams/.build/lwasm/RRTESTB.bin) = 73AB
Symbol: SLIDE3 (/Users/dave/source/repos/tempest_ai/Robotron/Code/Williams/.build/lwasm/RRTESTB.bin) = 73C9
Symbol: SLIDE4 (/Users/dave/source/repos/tempest_ai/Robotron/Code/Williams/.build/lwasm/RRTESTB.bin) = 73DA
Symbol: SLIDE5 (/Users/dave/source/repos/tempest_ai/Robotron/Code/Williams/.build/lwasm/RRTESTB.bin) = 73B2
Symbol: SLIDE6 (/Users/dave/source/repos/tempest_ai/Robotron/Code/Williams/.build/lwasm/RRTESTB.bin) = 73E9
Symbol: SLIDE7 (/Users/dave/source/repos/tempest_ai/Robotron/Code/Williams/.build/lwasm/RRTESTB.bin) = 73F8
Symbol: SLIDE8 (/Users/dave/source/repos/tempest_ai/Robotron/Code/Williams/.build/lwasm/RRTESTB.bin) = 73FB
Symbol: SLIDE9 (/Users/dave/source/repos/tempest_ai/Robotron/Code/Williams/.build/lwasm/RRTESTB.bin) = 7403
Symbol: SLIDER (/Users/dave/source/repos/tempest_ai/Robotron/Code/Williams/.build/lwasm/RRTESTB.bin) = 98EA
Symbol: SLMCNT (/Users/dave/source/repos/tempest_ai/Robotron/Code/Williams/.build/lwasm/RRTESTB.bin) = 984B
Symbol: SLOT1 (/Users/dave/source/repos/tempest_ai/Robotron/Code/Williams/.build/lwasm/RRTESTB.bin) = CD02
Symbol: SLOT1M (/Users/dave/source/repos/tempest_ai/Robotron/Code/Williams/.build/lwasm/RRTESTB.bin) = CC06
Symbol: SLOT2M (/Users/dave/source/repos/tempest_ai/Robotron/Code/Williams/.build/lwasm/RRTESTB.bin) = CC08
Symbol: SLOT3M (/Users/dave/source/repos/tempest_ai/Robotron/Code/Williams/.build/lwasm/RRTESTB.bin) = CC0A
Symbol: SNDLD (/Users/dave/source/repos/tempest_ai/Robotron/Code/Williams/.build/lwasm/RRTESTB.bin) = D04B
Symbol: SNDPRI (/Users/dave/source/repos/tempest_ai/Robotron/Code/Williams/.build/lwasm/RRTESTB.bin) = 9856
Symbol: SNDREP (/Users/dave/source/repos/tempest_ai/Robotron/Code/Williams/.build/lwasm/RRTESTB.bin) = 9858
Symbol: SNDTEX (/Users/dave/source/repos/tempest_ai/Robotron/Code/Williams/.build/lwasm/RRTESTB.bin) = 0009
Symbol: SNDTMR (/Users/dave/source/repos/tempest_ai/Robotron/Code/Williams/.build/lwasm/RRTESTB.bin) = 9857
Symbol: SNDX (/Users/dave/source/repos/tempest_ai/Robotron/Code/Williams/.build/lwasm/RRTESTB.bin) = 9854
Symbol: SOUND (/Users/dave/source/repos/tempest_ai/Robotron/Code/Williams/.build/lwasm/RRTESTB.bin) = C80E
Symbol: SPCASE (/Users/dave/source/repos/tempest_ai/Robotron/Code/Williams/.build/lwasm/RRTESTB.bin) = 7449
Symbol: SPECFN (/Users/dave/source/repos/tempest_ai/Robotron/Code/Williams/.build/lwasm/RRTESTB.bin) = CC18
Symbol: SPFREE (/Users/dave/source/repos/tempest_ai/Robotron/Code/Williams/.build/lwasm/RRTESTB.bin) = 981D
Symbol: SPKCNT (/Users/dave/source/repos/tempest_ai/Robotron/Code/Williams/.build/lwasm/RRTESTB.bin) = 988A
Symbol: SPSIZE (/Users/dave/source/repos/tempest_ai/Robotron/Code/Williams/.build/lwasm/RRTESTB.bin) = 001F
Symbol: SPTAB (/Users/dave/source/repos/tempest_ai/Robotron/Code/Williams/.build/lwasm/RRTESTB.bin) = B0E8
Symbol: SPTEND (/Users/dave/source/repos/tempest_ai/Robotron/Code/Williams/.build/lwasm/RRTESTB.bin) = B354
Symbol: SQCNT (/Users/dave/source/repos/tempest_ai/Robotron/Code/Williams/.build/lwasm/RRTESTB.bin) = BE70
Symbol: SQPIC (/Users/dave/source/repos/tempest_ai/Robotron/Code/Williams/.build/lwasm/RRTESTB.bin) = 4B06
Symbol: SQSPD (/Users/dave/source/repos/tempest_ai/Robotron/Code/Williams/.build/lwasm/RRTESTB.bin) = BE67
Symbol: SQST (/Users/dave/source/repos/tempest_ai/Robotron/Code/Williams/.build/lwasm/RRTESTB.bin) = 4B03
Symbol: SSTATE (/Users/dave/source/repos/tempest_ai/Robotron/Code/Williams/.build/lwasm/RRTESTB.bin) = 7433
Symbol: STATUS (/Users/dave/source/repos/tempest_ai/Robotron/Code/Williams/.build/lwasm/RRTESTB.bin) = 9859
Symbol: STRT1 (/Users/dave/source/repos/tempest_ai/Robotron/Code/Williams/.build/lwasm/RRTESTB.bin) = 26CC
Symbol: STRT2 (/Users/dave/source/repos/tempest_ai/Robotron/Code/Williams/.build/lwasm/RRTESTB.bin) = 26CF
Symbol: STYPE (/Users/dave/source/repos/tempest_ai/Robotron/Code/Williams/.build/lwasm/RRTESTB.bin) = 0000
Symbol: SUCIDE (/Users/dave/source/repos/tempest_ai/Robotron/Code/Williams/.build/lwasm/RRTESTB.bin) = D063
Symbol: SWMES1 (/Users/dave/source/repos/tempest_ai/Robotron/Code/Williams/.build/lwasm/RRTESTB.bin) = 000D
Symbol: SWPROC (/Users/dave/source/repos/tempest_ai/Robotron/Code/Williams/.build/lwasm/RRTESTB.bin) = 9833
Symbol: SWTESM (/Users/dave/source/repos/tempest_ai/Robotron/Code/Williams/.build/lwasm/RRTESTB.bin) = 000C
Symbol: TAB35 (/Users/dave/source/repos/tempest_ai/Robotron/Code/Williams/.build/lwasm/RRTESTB.bin) = E9C8
Symbol: TAB57 (/Users/dave/source/repos/tempest_ai/Robotron/Code/Williams/.build/lwasm/RRTESTB.bin) = E9CA
Symbol: TABEND (/Users/dave/source/repos/tempest_ai/Robotron/Code/Williams/.build/lwasm/RRTESTB.bin) = B0E8
Symbol: TABLEV (/Users/dave/source/repos/tempest_ai/Robotron/Code/Williams/.build/lwasm/RRTESTB.bin) = DF40
Symbol: TABORG (/Users/dave/source/repos/tempest_ai/Robotron/Code/Williams/.build/lwasm/RRTESTB.bin) = DF40
Symbol: TANKST (/Users/dave/source/repos/tempest_ai/Robotron/Code/Williams/.build/lwasm/RRTESTB.bin) = 4B00
Symbol: TDISPV (/Users/dave/source/repos/tempest_ai/Robotron/Code/Williams/.build/lwasm/RRTESTB.bin) = 26D2
Symbol: TDPTIM (/Users/dave/source/repos/tempest_ai/Robotron/Code/Williams/.build/lwasm/RRTESTB.bin) = BE66
Symbol: TEXCOL (/Users/dave/source/repos/tempest_ai/Robotron/Code/Williams/.build/lwasm/RRTESTB.bin) = 98CF
Symbol: TEXMAR (/Users/dave/source/repos/tempest_ai/Robotron/Code/Williams/.build/lwasm/RRTESTB.bin) = 98D3
Symbol: TEXMFL (/Users/dave/source/repos/tempest_ai/Robotron/Code/Williams/.build/lwasm/RRTESTB.bin) = 98D5
Symbol: TEXTP3 (/Users/dave/source/repos/tempest_ai/Robotron/Code/Williams/.build/lwasm/RRTESTB.bin) = 98D6
Symbol: TIMADV (/Users/dave/source/repos/tempest_ai/Robotron/Code/Williams/.build/lwasm/RRTESTB.bin) = 7781
Symbol: TIMAZZ (/Users/dave/source/repos/tempest_ai/Robotron/Code/Williams/.build/lwasm/RRTESTB.bin) = 7779
Symbol: TIMER (/Users/dave/source/repos/tempest_ai/Robotron/Code/Williams/.build/lwasm/RRTESTB.bin) = 9810
Symbol: TIMPR0 (/Users/dave/source/repos/tempest_ai/Robotron/Code/Williams/.build/lwasm/RRTESTB.bin) = 774D
Symbol: TIMPR1 (/Users/dave/source/repos/tempest_ai/Robotron/Code/Williams/.build/lwasm/RRTESTB.bin) = 7755
Symbol: TIMPR2 (/Users/dave/source/repos/tempest_ai/Robotron/Code/Williams/.build/lwasm/RRTESTB.bin) = 7769
Symbol: TIMPR6 (/Users/dave/source/repos/tempest_ai/Robotron/Code/Williams/.build/lwasm/RRTESTB.bin) = 775D
Symbol: TIMPR7 (/Users/dave/source/repos/tempest_ai/Robotron/Code/Williams/.build/lwasm/RRTESTB.bin) = 7765
Symbol: TIMPRC (/Users/dave/source/repos/tempest_ai/Robotron/Code/Williams/.build/lwasm/RRTESTB.bin) = 7749
Symbol: TITLEM (/Users/dave/source/repos/tempest_ai/Robotron/Code/Williams/.build/lwasm/RRTESTB.bin) = 0080
Symbol: TNGPIC (/Users/dave/source/repos/tempest_ai/Robotron/Code/Williams/.build/lwasm/RRTESTB.bin) = 4B08
Symbol: TNKCNT (/Users/dave/source/repos/tempest_ai/Robotron/Code/Williams/.build/lwasm/RRTESTB.bin) = BE71
Symbol: TNKPIC (/Users/dave/source/repos/tempest_ai/Robotron/Code/Williams/.build/lwasm/RRTESTB.bin) = 4B0A
Symbol: TNKSHT (/Users/dave/source/repos/tempest_ai/Robotron/Code/Williams/.build/lwasm/RRTESTB.bin) = BE64
Symbol: TNKSPD (/Users/dave/source/repos/tempest_ai/Robotron/Code/Williams/.build/lwasm/RRTESTB.bin) = 98EF
Symbol: TODAYS (/Users/dave/source/repos/tempest_ai/Robotron/Code/Williams/.build/lwasm/RRTESTB.bin) = CF6E
Symbol: TODEND (/Users/dave/source/repos/tempest_ai/Robotron/Code/Williams/.build/lwasm/RRTESTB.bin) = CFFA
Symbol: TRANST (/Users/dave/source/repos/tempest_ai/Robotron/Code/Williams/.build/lwasm/RRTESTB.bin) = 4140
Symbol: TSBORG (/Users/dave/source/repos/tempest_ai/Robotron/Code/Williams/.build/lwasm/RRTESTB.bin) = 6F00
Symbol: TSCORG (/Users/dave/source/repos/tempest_ai/Robotron/Code/Williams/.build/lwasm/RRTESTB.bin) = E3D0
Symbol: TSTORG (/Users/dave/source/repos/tempest_ai/Robotron/Code/Williams/.build/lwasm/RRTESTB.bin) = F000
Symbol: TXCLIP (/Users/dave/source/repos/tempest_ai/Robotron/Code/Williams/.build/lwasm/RRTESTB.bin) = 98D7
Symbol: TXFLAV (/Users/dave/source/repos/tempest_ai/Robotron/Code/Williams/.build/lwasm/RRTESTB.bin) = 98D0
Symbol: TXFONT (/Users/dave/source/repos/tempest_ai/Robotron/Code/Williams/.build/lwasm/RRTESTB.bin) = 98D2
Symbol: TXLEAD (/Users/dave/source/repos/tempest_ai/Robotron/Code/Williams/.build/lwasm/RRTESTB.bin) = 98D1
Symbol: TXORG (/Users/dave/source/repos/tempest_ai/Robotron/Code/Williams/.build/lwasm/RRTESTB.bin) = 5F90
Symbol: UDRET (/Users/dave/source/repos/tempest_ai/Robotron/Code/Williams/.build/lwasm/RRTESTB.bin) = 7230
Symbol: ULX (/Users/dave/source/repos/tempest_ai/Robotron/Code/Williams/.build/lwasm/RRTESTB.bin) = 987C
Symbol: ULY (/Users/dave/source/repos/tempest_ai/Robotron/Code/Williams/.build/lwasm/RRTESTB.bin) = 987D
Symbol: UP1 (/Users/dave/source/repos/tempest_ai/Robotron/Code/Williams/.build/lwasm/RRTESTB.bin) = 7284
Symbol: UP11 (/Users/dave/source/repos/tempest_ai/Robotron/Code/Williams/.build/lwasm/RRTESTB.bin) = 7289
Symbol: UPDOWN (/Users/dave/source/repos/tempest_ai/Robotron/Code/Williams/.build/lwasm/RRTESTB.bin) = 721D
Symbol: UPPER (/Users/dave/source/repos/tempest_ai/Robotron/Code/Williams/.build/lwasm/RRTESTB.bin) = 724E
Symbol: UPPER1 (/Users/dave/source/repos/tempest_ai/Robotron/Code/Williams/.build/lwasm/RRTESTB.bin) = 7250
Symbol: UPPER2 (/Users/dave/source/repos/tempest_ai/Robotron/Code/Williams/.build/lwasm/RRTESTB.bin) = 7258
Symbol: USTOR (/Users/dave/source/repos/tempest_ai/Robotron/Code/Williams/.build/lwasm/RRTESTB.bin) = B3EF
Symbol: VECTOR (/Users/dave/source/repos/tempest_ai/Robotron/Code/Williams/.build/lwasm/RRTESTB.bin) = EFF0
Symbol: VERTCT (/Users/dave/source/repos/tempest_ai/Robotron/Code/Williams/.build/lwasm/RRTESTB.bin) = CB00
Symbol: WALCOL (/Users/dave/source/repos/tempest_ai/Robotron/Code/Williams/.build/lwasm/RRTESTB.bin) = 988F
Symbol: WCMOSA (/Users/dave/source/repos/tempest_ai/Robotron/Code/Williams/.build/lwasm/RRTESTB.bin) = D0AB
Symbol: WCMOSB (/Users/dave/source/repos/tempest_ai/Robotron/Code/Williams/.build/lwasm/RRTESTB.bin) = D0AE
Symbol: WCMOSD (/Users/dave/source/repos/tempest_ai/Robotron/Code/Williams/.build/lwasm/RRTESTB.bin) = D0B1
Symbol: WDATA (/Users/dave/source/repos/tempest_ai/Robotron/Code/Williams/.build/lwasm/RRTESTB.bin) = 0039
Symbol: WDOG (/Users/dave/source/repos/tempest_ai/Robotron/Code/Williams/.build/lwasm/RRTESTB.bin) = CBFF
Symbol: WLOOPV (/Users/dave/source/repos/tempest_ai/Robotron/Code/Williams/.build/lwasm/RRTESTB.bin) = F015
Symbol: WRD5FV (/Users/dave/source/repos/tempest_ai/Robotron/Code/Williams/.build/lwasm/RRTESTB.bin) = 5F96
Symbol: WRD5V (/Users/dave/source/repos/tempest_ai/Robotron/Code/Williams/.build/lwasm/RRTESTB.bin) = 5F96
Symbol: WRD7FV (/Users/dave/source/repos/tempest_ai/Robotron/Code/Williams/.build/lwasm/RRTESTB.bin) = 5F99
Symbol: WRD7V (/Users/dave/source/repos/tempest_ai/Robotron/Code/Williams/.build/lwasm/RRTESTB.bin) = 5F99
Symbol: XCNT (/Users/dave/source/repos/tempest_ai/Robotron/Code/Williams/.build/lwasm/RRTESTB.bin) = 9874
Symbol: XMAX (/Users/dave/source/repos/tempest_ai/Robotron/Code/Williams/.build/lwasm/RRTESTB.bin) = 008F
Symbol: XMIN (/Users/dave/source/repos/tempest_ai/Robotron/Code/Williams/.build/lwasm/RRTESTB.bin) = 0007
Symbol: XSTOR (/Users/dave/source/repos/tempest_ai/Robotron/Code/Williams/.build/lwasm/RRTESTB.bin) = B3EA
Symbol: XTEMP (/Users/dave/source/repos/tempest_ai/Robotron/Code/Williams/.build/lwasm/RRTESTB.bin) = 982B
Symbol: XTEMP2 (/Users/dave/source/repos/tempest_ai/Robotron/Code/Williams/.build/lwasm/RRTESTB.bin) = 982D
Symbol: XXX2 (/Users/dave/source/repos/tempest_ai/Robotron/Code/Williams/.build/lwasm/RRTESTB.bin) = 9841
Symbol: YCNT (/Users/dave/source/repos/tempest_ai/Robotron/Code/Williams/.build/lwasm/RRTESTB.bin) = 9875
Symbol: YES1M (/Users/dave/source/repos/tempest_ai/Robotron/Code/Williams/.build/lwasm/RRTESTB.bin) = 0051
Symbol: YESM (/Users/dave/source/repos/tempest_ai/Robotron/Code/Williams/.build/lwasm/RRTESTB.bin) = 0047
Symbol: YESNO (/Users/dave/source/repos/tempest_ai/Robotron/Code/Williams/.build/lwasm/RRTESTB.bin) = 706F
Symbol: YESNO1 (/Users/dave/source/repos/tempest_ai/Robotron/Code/Williams/.build/lwasm/RRTESTB.bin) = 7074
Symbol: YMAX (/Users/dave/source/repos/tempest_ai/Robotron/Code/Williams/.build/lwasm/RRTESTB.bin) = 00EA
Symbol: YMIN (/Users/dave/source/repos/tempest_ai/Robotron/Code/Williams/.build/lwasm/RRTESTB.bin) = 0018
Symbol: YSTOR (/Users/dave/source/repos/tempest_ai/Robotron/Code/Williams/.build/lwasm/RRTESTB.bin) = B3EC
Symbol: ZP1END (/Users/dave/source/repos/tempest_ai/Robotron/Code/Williams/.build/lwasm/RRTESTB.bin) = BE20
Symbol: ZP1ENM (/Users/dave/source/repos/tempest_ai/Robotron/Code/Williams/.build/lwasm/RRTESTB.bin) = BDEE
Symbol: ZP1LAS (/Users/dave/source/repos/tempest_ai/Robotron/Code/Williams/.build/lwasm/RRTESTB.bin) = BDEC
Symbol: ZP1RP (/Users/dave/source/repos/tempest_ai/Robotron/Code/Williams/.build/lwasm/RRTESTB.bin) = BDE8
Symbol: ZP1SCR (/Users/dave/source/repos/tempest_ai/Robotron/Code/Williams/.build/lwasm/RRTESTB.bin) = BDE4
Symbol: ZP1WAV (/Users/dave/source/repos/tempest_ai/Robotron/Code/Williams/.build/lwasm/RRTESTB.bin) = BDED
Symbol: ZP2ENM (/Users/dave/source/repos/tempest_ai/Robotron/Code/Williams/.build/lwasm/RRTESTB.bin) = BE2A
Symbol: ZP2LAS (/Users/dave/source/repos/tempest_ai/Robotron/Code/Williams/.build/lwasm/RRTESTB.bin) = BE28
Symbol: ZP2RP (/Users/dave/source/repos/tempest_ai/Robotron/Code/Williams/.build/lwasm/RRTESTB.bin) = BE24
Symbol: ZP2SCR (/Users/dave/source/repos/tempest_ai/Robotron/Code/Williams/.build/lwasm/RRTESTB.bin) = BE20
Symbol: ZP2WAV (/Users/dave/source/repos/tempest_ai/Robotron/Code/Williams/.build/lwasm/RRTESTB.bin) = BE29
